
> laundry-frontend@2.0.0 build
> next build

  Γû▓ Next.js 14.2.35
  - Environments: .env.local, .env.production

   Creating an optimized production build ...
 Γ£ô Compiled successfully
   Skipping validation of types
   Skipping linting
   Collecting page data ...
   Generating static pages (0/118) ...
node.exe : Profile 
API error: n [Error]: 
Dynamic server usage: 
Route 
/api/auth/profile 
couldn't be rendered 
statically because it 
used `cookies`. See 
more info here: https:
//nextjs.org/docs/mess
ages/dynamic-server-er
ror
At C:\Program Files\no
dejs\npm.ps1:29 char:3
+   & $NODE_EXE 
$NPM_CLI_JS $args
+   ~~~~~~~~~~~~~~~~~~
~~~~~~~~~~~
    + CategoryInfo    
          : NotSpeci  
  fied: (Profile AP   
 I err...ic-server    
-error:String) []    
, RemoteException
    + FullyQualifiedE 
   rrorId : NativeCo  
  mmandError
 
    at l (D:\laundry-m
anagement-system\front
end\.next\server\chunk
s\9276.js:1:37220)
    at f (D:\laundry-m
anagement-system\front
end\.next\server\app\a
pi\auth\profile\route.
js:1:3412)
    at u (D:\laundry-m
anagement-system\front
end\.next\server\app\a
pi\auth\profile\route.
js:1:837)
    at D:\laundry-mana
gement-system\frontend
\node_modules\next\dis
t\compiled\next-server
\app-route.runtime.pro
d.js:6:38417
    at D:\laundry-mana
gement-system\frontend
\node_modules\next\dis
t\server\lib\trace\tra
cer.js:140:36
    at NoopContextMana
ger.with (D:\laundry-m
anagement-system\front
end\node_modules\next\
dist\compiled\@opentel
emetry\api\index.js:1:
7062)
    at 
ContextAPI.with (D:\la
undry-management-syste
m\frontend\node_module
s\next\dist\compiled\@
opentelemetry\api\inde
x.js:1:518)
    at NoopTracer.star
tActiveSpan (D:\laundr
y-management-system\fr
ontend\node_modules\ne
xt\dist\compiled\@open
telemetry\api\index.js
:1:18093)
    at ProxyTracer.sta
rtActiveSpan (D:\laund
ry-management-system\f
rontend\node_modules\n
ext\dist\compiled\@ope
ntelemetry\api\index.j
s:1:18854)
    at D:\laundry-mana
gement-system\frontend
\node_modules\next\dis
t\server\lib\trace\tra
cer.js:122:103 {
  description: "Route 
/api/auth/profile 
couldn't be rendered 
statically because it 
used `cookies`. See 
more info here: https:
//nextjs.org/docs/mess
ages/dynamic-server-er
ror",
  digest: 
'DYNAMIC_SERVER_USAGE'
}
ReferenceError: 
window is not defined
    at 90719 (D:\laund
ry-management-system\f
rontend\.next\server\c
hunks\9377.js:1:11697)
    at t (D:\laundry-m
anagement-system\front
end\.next\server\webpa
ck-runtime.js:1:127)
    at 2312 (D:\laundr
y-management-system\fr
ontend\.next\server\ch
unks\8553.js:1:11651)
    at Object.t [as 
require] (D:\laundry-m
anagement-system\front
end\.next\server\webpa
ck-runtime.js:1:127)
    at require (D:\lau
ndry-management-system
\frontend\node_modules
\next\dist\compiled\ne
xt-server\app-page.run
time.prod.js:17:18811)
    at s (D:\laundry-m
anagement-system\front
end\node_modules\next\
dist\compiled\next-ser
ver\app-page.runtime.p
rod.js:12:88330)
    at D:\laundry-mana
gement-system\frontend
\node_modules\next\dis
t\compiled\next-server
\app-page.runtime.prod
.js:12:98875
    at D:\laundry-mana
gement-system\frontend
\node_modules\next\dis
t\compiled\next-server
\app-page.runtime.prod
.js:12:98962
    at t (D:\laundry-m
anagement-system\front
end\node_modules\next\
dist\compiled\next-ser
ver\app-page.runtime.p
rod.js:12:99165) {
  digest: '2366843348'
}

Error occurred 
prerendering page 
"/admin/banners". 
Read more: https://nex
tjs.org/docs/messages/
prerender-error

ReferenceError: 
window is not defined
    at 90719 (D:\laund
ry-management-system\f
rontend\.next\server\c
hunks\9377.js:1:11697)
    at t (D:\laundry-m
anagement-system\front
end\.next\server\webpa
ck-runtime.js:1:127)
    at 2312 (D:\laundr
y-management-system\fr
ontend\.next\server\ch
unks\8553.js:1:11651)
    at Object.t [as 
require] (D:\laundry-m
anagement-system\front
end\.next\server\webpa
ck-runtime.js:1:127)
    at require (D:\lau
ndry-management-system
\frontend\node_modules
\next\dist\compiled\ne
xt-server\app-page.run
time.prod.js:17:18811)
    at s (D:\laundry-m
anagement-system\front
end\node_modules\next\
dist\compiled\next-ser
ver\app-page.runtime.p
rod.js:12:88330)
    at D:\laundry-mana
gement-system\frontend
\node_modules\next\dis
t\compiled\next-server
\app-page.runtime.prod
.js:12:98875
    at D:\laundry-mana
gement-system\frontend
\node_modules\next\dis
t\compiled\next-server
\app-page.runtime.prod
.js:12:98962
    at t (D:\laundry-m
anagement-system\front
end\node_modules\next\
dist\compiled\next-ser
ver\app-page.runtime.p
rod.js:12:99165)
ReferenceError: 
window is not defined
    at 90719 (D:\laund
ry-management-system\f
rontend\.next\server\c
hunks\9377.js:1:11697)
    at t (D:\laundry-m
anagement-system\front
end\.next\server\webpa
ck-runtime.js:1:127)
    at 60324 (D:\laund
ry-management-system\f
rontend\.next\server\c
hunks\9377.js:1:3664)
    at Object.t [as 
require] (D:\laundry-m
anagement-system\front
end\.next\server\webpa
ck-runtime.js:1:127)
    at require (D:\lau
ndry-management-system
\frontend\node_modules
\next\dist\compiled\ne
xt-server\app-page.run
time.prod.js:17:18811)
    at A (D:\laundry-m
anagement-system\front
end\node_modules\next\
dist\compiled\next-ser
ver\app-page.runtime.p
rod.js:12:94398)
    at R (D:\laundry-m
anagement-system\front
end\node_modules\next\
dist\compiled\next-ser
ver\app-page.runtime.p
rod.js:12:92949)
    at rR (D:\laundry-
management-system\fron
tend\node_modules\next
\dist\compiled\next-se
rver\app-page.runtime.
prod.js:12:33975)
    at nL (D:\laundry-
management-system\fron
tend\node_modules\next
\dist\compiled\next-se
rver\app-page.runtime.
prod.js:12:62305)
    at nB (D:\laundry-
management-system\fron
tend\node_modules\next
\dist\compiled\next-se
rver\app-page.runtime.
prod.js:12:67539) {
  digest: '2229572071'
}

Error occurred 
prerendering page 
"/_not-found". Read 
more: https://nextjs.o
rg/docs/messages/prere
nder-error

ReferenceError: 
window is not defined
    at 90719 (D:\laund
ry-management-system\f
rontend\.next\server\c
hunks\9377.js:1:11697)
    at t (D:\laundry-m
anagement-system\front
end\.next\server\webpa
ck-runtime.js:1:127)
    at 60324 (D:\laund
ry-management-system\f
rontend\.next\server\c
hunks\9377.js:1:3664)
    at Object.t [as 
require] (D:\laundry-m
anagement-system\front
end\.next\server\webpa
ck-runtime.js:1:127)
    at require (D:\lau
ndry-management-system
\frontend\node_modules
\next\dist\compiled\ne
xt-server\app-page.run
time.prod.js:17:18811)
    at A (D:\laundry-m
anagement-system\front
end\node_modules\next\
dist\compiled\next-ser
ver\app-page.runtime.p
rod.js:12:94398)
    at R (D:\laundry-m
anagement-system\front
end\node_modules\next\
dist\compiled\next-ser
ver\app-page.runtime.p
rod.js:12:92949)
    at rR (D:\laundry-
management-system\fron
tend\node_modules\next
\dist\compiled\next-se
rver\app-page.runtime.
prod.js:12:33975)
    at nL (D:\laundry-
management-system\fron
tend\node_modules\next
\dist\compiled\next-se
rver\app-page.runtime.
prod.js:12:62305)
    at nB (D:\laundry-
management-system\fron
tend\node_modules\next
\dist\compiled\next-se
rver\app-page.runtime.
prod.js:12:67539)
ReferenceError: 
window is not defined
    at 90719 (D:\laund
ry-management-system\f
rontend\.next\server\c
hunks\9377.js:1:11697)
    at t (D:\laundry-m
anagement-system\front
end\.next\server\webpa
ck-runtime.js:1:127)
    at 60324 (D:\laund
ry-management-system\f
rontend\.next\server\c
hunks\9377.js:1:3664)
    at Object.t [as 
require] (D:\laundry-m
anagement-system\front
end\.next\server\webpa
ck-runtime.js:1:127)
    at require (D:\lau
ndry-management-system
\frontend\node_modules
\next\dist\compiled\ne
xt-server\app-page.run
time.prod.js:17:18811)
    at A (D:\laundry-m
anagement-system\front
end\node_modules\next\
dist\compiled\next-ser
ver\app-page.runtime.p
rod.js:12:94398)
    at R (D:\laundry-m
anagement-system\front
end\node_modules\next\
dist\compiled\next-ser
ver\app-page.runtime.p
rod.js:12:92949)
    at rR (D:\laundry-
management-system\fron
tend\node_modules\next
\dist\compiled\next-se
rver\app-page.runtime.
prod.js:12:33975)
    at nL (D:\laundry-
management-system\fron
tend\node_modules\next
\dist\compiled\next-se
rver\app-page.runtime.
prod.js:12:62305)
    at nB (D:\laundry-
management-system\fron
tend\node_modules\next
\dist\compiled\next-se
rver\app-page.runtime.
prod.js:12:67539) {
  digest: '2229572071'
}

Error occurred 
prerendering page "/ad
dons/marketplace". 
Read more: https://nex
tjs.org/docs/messages/
prerender-error

ReferenceError: 
window is not defined
    at 90719 (D:\laund
ry-management-system\f
rontend\.next\server\c
hunks\9377.js:1:11697)
    at t (D:\laundry-m
anagement-system\front
end\.next\server\webpa
ck-runtime.js:1:127)
    at 60324 (D:\laund
ry-management-system\f
rontend\.next\server\c
hunks\9377.js:1:3664)
    at Object.t [as 
require] (D:\laundry-m
anagement-system\front
end\.next\server\webpa
ck-runtime.js:1:127)
    at require (D:\lau
ndry-management-system
\frontend\node_modules
\next\dist\compiled\ne
xt-server\app-page.run
time.prod.js:17:18811)
    at A (D:\laundry-m
anagement-system\front
end\node_modules\next\
dist\compiled\next-ser
ver\app-page.runtime.p
rod.js:12:94398)
    at R (D:\laundry-m
anagement-system\front
end\node_modules\next\
dist\compiled\next-ser
ver\app-page.runtime.p
rod.js:12:92949)
    at rR (D:\laundry-
management-system\fron
tend\node_modules\next
\dist\compiled\next-se
rver\app-page.runtime.
prod.js:12:33975)
    at nL (D:\laundry-
management-system\fron
tend\node_modules\next
\dist\compiled\next-se
rver\app-page.runtime.
prod.js:12:62305)
    at nB (D:\laundry-
management-system\fron
tend\node_modules\next
\dist\compiled\next-se
rver\app-page.runtime.
prod.js:12:67539)
ReferenceError: 
window is not defined
    at 90719 (D:\laund
ry-management-system\f
rontend\.next\server\c
hunks\9377.js:1:11697)
    at t (D:\laundry-m
anagement-system\front
end\.next\server\webpa
ck-runtime.js:1:127)
    at 2312 (D:\laundr
y-management-system\fr
ontend\.next\server\ch
unks\8553.js:1:11651)
    at Object.t [as 
require] (D:\laundry-m
anagement-system\front
end\.next\server\webpa
ck-runtime.js:1:127)
    at require (D:\lau
ndry-management-system
\frontend\node_modules
\next\dist\compiled\ne
xt-server\app-page.run
time.prod.js:17:18811)
    at s (D:\laundry-m
anagement-system\front
end\node_modules\next\
dist\compiled\next-ser
ver\app-page.runtime.p
rod.js:12:88330)
    at D:\laundry-mana
gement-system\frontend
\node_modules\next\dis
t\compiled\next-server
\app-page.runtime.prod
.js:12:98875
    at D:\laundry-mana
gement-system\frontend
\node_modules\next\dis
t\compiled\next-server
\app-page.runtime.prod
.js:12:98962
    at t (D:\laundry-m
anagement-system\front
end\node_modules\next\
dist\compiled\next-ser
ver\app-page.runtime.p
rod.js:12:99165) {
  digest: '2366843348'
}

Error occurred 
prerendering page 
"/admin/billing". 
Read more: https://nex
tjs.org/docs/messages/
prerender-error

ReferenceError: 
window is not defined
    at 90719 (D:\laund
ry-management-system\f
rontend\.next\server\c
hunks\9377.js:1:11697)
    at t (D:\laundry-m
anagement-system\front
end\.next\server\webpa
ck-runtime.js:1:127)
    at 2312 (D:\laundr
y-management-system\fr
ontend\.next\server\ch
unks\8553.js:1:11651)
    at Object.t [as 
require] (D:\laundry-m
anagement-system\front
end\.next\server\webpa
ck-runtime.js:1:127)
    at require (D:\lau
ndry-management-system
\frontend\node_modules
\next\dist\compiled\ne
xt-server\app-page.run
time.prod.js:17:18811)
    at s (D:\laundry-m
anagement-system\front
end\node_modules\next\
dist\compiled\next-ser
ver\app-page.runtime.p
rod.js:12:88330)
    at D:\laundry-mana
gement-system\frontend
\node_modules\next\dis
t\compiled\next-server
\app-page.runtime.prod
.js:12:98875
    at D:\laundry-mana
gement-system\frontend
\node_modules\next\dis
t\compiled\next-server
\app-page.runtime.prod
.js:12:98962
    at t (D:\laundry-m
anagement-system\front
end\node_modules\next\
dist\compiled\next-ser
ver\app-page.runtime.p
rod.js:12:99165)
ReferenceError: 
window is not defined
    at 90719 (D:\laund
ry-management-system\f
rontend\.next\server\c
hunks\9377.js:1:11697)
    at t (D:\laundry-m
anagement-system\front
end\.next\server\webpa
ck-runtime.js:1:127)
    at 2312 (D:\laundr
y-management-system\fr
ontend\.next\server\ch
unks\8553.js:1:11651)
    at Object.t [as 
require] (D:\laundry-m
anagement-system\front
end\.next\server\webpa
ck-runtime.js:1:127)
    at require (D:\lau
ndry-management-system
\frontend\node_modules
\next\dist\compiled\ne
xt-server\app-page.run
time.prod.js:17:18811)
    at s (D:\laundry-m
anagement-system\front
end\node_modules\next\
dist\compiled\next-ser
ver\app-page.runtime.p
rod.js:12:88330)
    at D:\laundry-mana
gement-system\frontend
\node_modules\next\dis
t\compiled\next-server
\app-page.runtime.prod
.js:12:98875
    at D:\laundry-mana
gement-system\frontend
\node_modules\next\dis
t\compiled\next-server
\app-page.runtime.prod
.js:12:98962
    at t (D:\laundry-m
anagement-system\front
end\node_modules\next\
dist\compiled\next-ser
ver\app-page.runtime.p
rod.js:12:99165)
    at runNextTicks (n
ode:internal/process/t
ask_queues:65:5) {
  digest: '4253414962'
}

Error occurred 
prerendering page "/ad
min/blog/analytics". 
Read more: https://nex
tjs.org/docs/messages/
prerender-error

ReferenceError: 
window is not defined
    at 90719 (D:\laund
ry-management-system\f
rontend\.next\server\c
hunks\9377.js:1:11697)
    at t (D:\laundry-m
anagement-system\front
end\.next\server\webpa
ck-runtime.js:1:127)
    at 2312 (D:\laundr
y-management-system\fr
ontend\.next\server\ch
unks\8553.js:1:11651)
    at Object.t [as 
require] (D:\laundry-m
anagement-system\front
end\.next\server\webpa
ck-runtime.js:1:127)
    at require (D:\lau
ndry-management-system
\frontend\node_modules
\next\dist\compiled\ne
xt-server\app-page.run
time.prod.js:17:18811)
    at s (D:\laundry-m
anagement-system\front
end\node_modules\next\
dist\compiled\next-ser
ver\app-page.runtime.p
rod.js:12:88330)
    at D:\laundry-mana
gement-system\frontend
\node_modules\next\dis
t\compiled\next-server
\app-page.runtime.prod
.js:12:98875
    at D:\laundry-mana
gement-system\frontend
\node_modules\next\dis
t\compiled\next-server
\app-page.runtime.prod
.js:12:98962
    at t (D:\laundry-m
anagement-system\front
end\node_modules\next\
dist\compiled\next-ser
ver\app-page.runtime.p
rod.js:12:99165)
    at runNextTicks (n
ode:internal/process/t
ask_queues:65:5)
ReferenceError: 
window is not defined
    at 90719 (D:\laund
ry-management-system\f
rontend\.next\server\c
hunks\9377.js:1:11697)
    at t (D:\laundry-m
anagement-system\front
end\.next\server\webpa
ck-runtime.js:1:127)
    at 2312 (D:\laundr
y-management-system\fr
ontend\.next\server\ch
unks\8553.js:1:11651)
    at Object.t [as 
require] (D:\laundry-m
anagement-system\front
end\.next\server\webpa
ck-runtime.js:1:127)
    at require (D:\lau
ndry-management-system
\frontend\node_modules
\next\dist\compiled\ne
xt-server\app-page.run
time.prod.js:17:18811)
    at s (D:\laundry-m
anagement-system\front
end\node_modules\next\
dist\compiled\next-ser
ver\app-page.runtime.p
rod.js:12:88330)
    at D:\laundry-mana
gement-system\frontend
\node_modules\next\dis
t\compiled\next-server
\app-page.runtime.prod
.js:12:98875
    at D:\laundry-mana
gement-system\frontend
\node_modules\next\dis
t\compiled\next-server
\app-page.runtime.prod
.js:12:98962
    at t (D:\laundry-m
anagement-system\front
end\node_modules\next\
dist\compiled\next-ser
ver\app-page.runtime.p
rod.js:12:99165)
    at runNextTicks (n
ode:internal/process/t
ask_queues:65:5) {
  digest: '4253414962'
}

Error occurred 
prerendering page "/ad
min/blog/categories". 
Read more: https://nex
tjs.org/docs/messages/
prerender-error

ReferenceError: 
window is not defined
    at 90719 (D:\laund
ry-management-system\f
rontend\.next\server\c
hunks\9377.js:1:11697)
    at t (D:\laundry-m
anagement-system\front
end\.next\server\webpa
ck-runtime.js:1:127)
    at 2312 (D:\laundr
y-management-system\fr
ontend\.next\server\ch
unks\8553.js:1:11651)
    at Object.t [as 
require] (D:\laundry-m
anagement-system\front
end\.next\server\webpa
ck-runtime.js:1:127)
    at require (D:\lau
ndry-management-system
\frontend\node_modules
\next\dist\compiled\ne
xt-server\app-page.run
time.prod.js:17:18811)
    at s (D:\laundry-m
anagement-system\front
end\node_modules\next\
dist\compiled\next-ser
ver\app-page.runtime.p
rod.js:12:88330)
    at D:\laundry-mana
gement-system\frontend
\node_modules\next\dis
t\compiled\next-server
\app-page.runtime.prod
.js:12:98875
    at D:\laundry-mana
gement-system\frontend
\node_modules\next\dis
t\compiled\next-server
\app-page.runtime.prod
.js:12:98962
    at t (D:\laundry-m
anagement-system\front
end\node_modules\next\
dist\compiled\next-ser
ver\app-page.runtime.p
rod.js:12:99165)
    at runNextTicks (n
ode:internal/process/t
ask_queues:65:5)
ReferenceError: 
window is not defined
    at 90719 (D:\laund
ry-management-system\f
rontend\.next\server\c
hunks\9377.js:1:11697)
    at t (D:\laundry-m
anagement-system\front
end\.next\server\webpa
ck-runtime.js:1:127)
    at 2312 (D:\laundr
y-management-system\fr
ontend\.next\server\ch
unks\8553.js:1:11651)
    at Object.t [as 
require] (D:\laundry-m
anagement-system\front
end\.next\server\webpa
ck-runtime.js:1:127)
    at require (D:\lau
ndry-management-system
\frontend\node_modules
\next\dist\compiled\ne
xt-server\app-page.run
time.prod.js:17:18811)
    at s (D:\laundry-m
anagement-system\front
end\node_modules\next\
dist\compiled\next-ser
ver\app-page.runtime.p
rod.js:12:88330)
    at D:\laundry-mana
gement-system\frontend
\node_modules\next\dis
t\compiled\next-server
\app-page.runtime.prod
.js:12:98875
    at D:\laundry-mana
gement-system\frontend
\node_modules\next\dis
t\compiled\next-server
\app-page.runtime.prod
.js:12:98962
    at t (D:\laundry-m
anagement-system\front
end\node_modules\next\
dist\compiled\next-ser
ver\app-page.runtime.p
rod.js:12:99165) {
  digest: '2366843348'
}

Error occurred 
prerendering page "/ad
min/addons/marketplace
". Read more: https://
nextjs.org/docs/messag
es/prerender-error

ReferenceError: 
window is not defined
    at 90719 (D:\laund
ry-management-system\f
rontend\.next\server\c
hunks\9377.js:1:11697)
    at t (D:\laundry-m
anagement-system\front
end\.next\server\webpa
ck-runtime.js:1:127)
    at 2312 (D:\laundr
y-management-system\fr
ontend\.next\server\ch
unks\8553.js:1:11651)
    at Object.t [as 
require] (D:\laundry-m
anagement-system\front
end\.next\server\webpa
ck-runtime.js:1:127)
    at require (D:\lau
ndry-management-system
\frontend\node_modules
\next\dist\compiled\ne
xt-server\app-page.run
time.prod.js:17:18811)
    at s (D:\laundry-m
anagement-system\front
end\node_modules\next\
dist\compiled\next-ser
ver\app-page.runtime.p
rod.js:12:88330)
    at D:\laundry-mana
gement-system\frontend
\node_modules\next\dis
t\compiled\next-server
\app-page.runtime.prod
.js:12:98875
    at D:\laundry-mana
gement-system\frontend
\node_modules\next\dis
t\compiled\next-server
\app-page.runtime.prod
.js:12:98962
    at t (D:\laundry-m
anagement-system\front
end\node_modules\next\
dist\compiled\next-ser
ver\app-page.runtime.p
rod.js:12:99165)
ReferenceError: 
window is not defined
    at 90719 (D:\laund
ry-management-system\f
rontend\.next\server\c
hunks\9377.js:1:11697)
    at t (D:\laundry-m
anagement-system\front
end\.next\server\webpa
ck-runtime.js:1:127)
    at 2312 (D:\laundr
y-management-system\fr
ontend\.next\server\ch
unks\8553.js:1:11651)
    at Object.t [as 
require] (D:\laundry-m
anagement-system\front
end\.next\server\webpa
ck-runtime.js:1:127)
    at require (D:\lau
ndry-management-system
\frontend\node_modules
\next\dist\compiled\ne
xt-server\app-page.run
time.prod.js:17:18811)
    at s (D:\laundry-m
anagement-system\front
end\node_modules\next\
dist\compiled\next-ser
ver\app-page.runtime.p
rod.js:12:88330)
    at D:\laundry-mana
gement-system\frontend
\node_modules\next\dis
t\compiled\next-server
\app-page.runtime.prod
.js:12:98875
    at D:\laundry-mana
gement-system\frontend
\node_modules\next\dis
t\compiled\next-server
\app-page.runtime.prod
.js:12:98962
    at t (D:\laundry-m
anagement-system\front
end\node_modules\next\
dist\compiled\next-ser
ver\app-page.runtime.p
rod.js:12:99165) {
  digest: '2366843348'
}

Error occurred 
prerendering page 
"/admin/branding". 
Read more: https://nex
tjs.org/docs/messages/
prerender-error

ReferenceError: 
window is not defined
    at 90719 (D:\laund
ry-management-system\f
rontend\.next\server\c
hunks\9377.js:1:11697)
    at t (D:\laundry-m
anagement-system\front
end\.next\server\webpa
ck-runtime.js:1:127)
    at 2312 (D:\laundr
y-management-system\fr
ontend\.next\server\ch
unks\8553.js:1:11651)
    at Object.t [as 
require] (D:\laundry-m
anagement-system\front
end\.next\server\webpa
ck-runtime.js:1:127)
    at require (D:\lau
ndry-management-system
\frontend\node_modules
\next\dist\compiled\ne
xt-server\app-page.run
time.prod.js:17:18811)
    at s (D:\laundry-m
anagement-system\front
end\node_modules\next\
dist\compiled\next-ser
ver\app-page.runtime.p
rod.js:12:88330)
    at D:\laundry-mana
gement-system\frontend
\node_modules\next\dis
t\compiled\next-server
\app-page.runtime.prod
.js:12:98875
    at D:\laundry-mana
gement-system\frontend
\node_modules\next\dis
t\compiled\next-server
\app-page.runtime.prod
.js:12:98962
    at t (D:\laundry-m
anagement-system\front
end\node_modules\next\
dist\compiled\next-ser
ver\app-page.runtime.p
rod.js:12:99165)
ReferenceError: 
window is not defined
    at 90719 (D:\laund
ry-management-system\f
rontend\.next\server\c
hunks\9377.js:1:11697)
    at t (D:\laundry-m
anagement-system\front
end\.next\server\webpa
ck-runtime.js:1:127)
    at 2312 (D:\laundr
y-management-system\fr
ontend\.next\server\ch
unks\8553.js:1:11651)
    at Object.t [as 
require] (D:\laundry-m
anagement-system\front
end\.next\server\webpa
ck-runtime.js:1:127)
    at require (D:\lau
ndry-management-system
\frontend\node_modules
\next\dist\compiled\ne
xt-server\app-page.run
time.prod.js:17:18811)
    at s (D:\laundry-m
anagement-system\front
end\node_modules\next\
dist\compiled\next-ser
ver\app-page.runtime.p
rod.js:12:88330)
    at D:\laundry-mana
gement-system\frontend
\node_modules\next\dis
t\compiled\next-server
\app-page.runtime.prod
.js:12:98875
    at D:\laundry-mana
gement-system\frontend
\node_modules\next\dis
t\compiled\next-server
\app-page.runtime.prod
.js:12:98962
    at t (D:\laundry-m
anagement-system\front
end\node_modules\next\
dist\compiled\next-ser
ver\app-page.runtime.p
rod.js:12:99165) {
  digest: '2366843348'
}

Error occurred 
prerendering page "/ad
min/blog/posts/create"
. Read more: https://n
extjs.org/docs/message
s/prerender-error

ReferenceError: 
window is not defined
    at 90719 (D:\laund
ry-management-system\f
rontend\.next\server\c
hunks\9377.js:1:11697)
    at t (D:\laundry-m
anagement-system\front
end\.next\server\webpa
ck-runtime.js:1:127)
    at 2312 (D:\laundr
y-management-system\fr
ontend\.next\server\ch
unks\8553.js:1:11651)
    at Object.t [as 
require] (D:\laundry-m
anagement-system\front
end\.next\server\webpa
ck-runtime.js:1:127)
    at require (D:\lau
ndry-management-system
\frontend\node_modules
\next\dist\compiled\ne
xt-server\app-page.run
time.prod.js:17:18811)
    at s (D:\laundry-m
anagement-system\front
end\node_modules\next\
dist\compiled\next-ser
ver\app-page.runtime.p
rod.js:12:88330)
    at D:\laundry-mana
gement-system\frontend
\node_modules\next\dis
t\compiled\next-server
\app-page.runtime.prod
.js:12:98875
    at D:\laundry-mana
gement-system\frontend
\node_modules\next\dis
t\compiled\next-server
\app-page.runtime.prod
.js:12:98962
    at t (D:\laundry-m
anagement-system\front
end\node_modules\next\
dist\compiled\next-ser
ver\app-page.runtime.p
rod.js:12:99165)
ReferenceError: 
window is not defined
    at 90719 (D:\laund
ry-management-system\f
rontend\.next\server\c
hunks\9377.js:1:11697)
    at t (D:\laundry-m
anagement-system\front
end\.next\server\webpa
ck-runtime.js:1:127)
    at 2312 (D:\laundr
y-management-system\fr
ontend\.next\server\ch
unks\8553.js:1:11651)
    at Object.t [as 
require] (D:\laundry-m
anagement-system\front
end\.next\server\webpa
ck-runtime.js:1:127)
    at require (D:\lau
ndry-management-system
\frontend\node_modules
\next\dist\compiled\ne
xt-server\app-page.run
time.prod.js:17:18811)
    at s (D:\laundry-m
anagement-system\front
end\node_modules\next\
dist\compiled\next-ser
ver\app-page.runtime.p
rod.js:12:88330)
    at D:\laundry-mana
gement-system\frontend
\node_modules\next\dis
t\compiled\next-server
\app-page.runtime.prod
.js:12:98875
    at D:\laundry-mana
gement-system\frontend
\node_modules\next\dis
t\compiled\next-server
\app-page.runtime.prod
.js:12:98962
    at t (D:\laundry-m
anagement-system\front
end\node_modules\next\
dist\compiled\next-ser
ver\app-page.runtime.p
rod.js:12:99165) {
  digest: '2366843348'
}

Error occurred 
prerendering page 
"/admin/analytics". 
Read more: https://nex
tjs.org/docs/messages/
prerender-error

ReferenceError: 
window is not defined
    at 90719 (D:\laund
ry-management-system\f
rontend\.next\server\c
hunks\9377.js:1:11697)
    at t (D:\laundry-m
anagement-system\front
end\.next\server\webpa
ck-runtime.js:1:127)
    at 2312 (D:\laundr
y-management-system\fr
ontend\.next\server\ch
unks\8553.js:1:11651)
    at Object.t [as 
require] (D:\laundry-m
anagement-system\front
end\.next\server\webpa
ck-runtime.js:1:127)
    at require (D:\lau
ndry-management-system
\frontend\node_modules
\next\dist\compiled\ne
xt-server\app-page.run
time.prod.js:17:18811)
    at s (D:\laundry-m
anagement-system\front
end\node_modules\next\
dist\compiled\next-ser
ver\app-page.runtime.p
rod.js:12:88330)
    at D:\laundry-mana
gement-system\frontend
\node_modules\next\dis
t\compiled\next-server
\app-page.runtime.prod
.js:12:98875
    at D:\laundry-mana
gement-system\frontend
\node_modules\next\dis
t\compiled\next-server
\app-page.runtime.prod
.js:12:98962
    at t (D:\laundry-m
anagement-system\front
end\node_modules\next\
dist\compiled\next-ser
ver\app-page.runtime.p
rod.js:12:99165)
ReferenceError: 
window is not defined
    at 90719 (D:\laund
ry-management-system\f
rontend\.next\server\c
hunks\9377.js:1:11697)
    at t (D:\laundry-m
anagement-system\front
end\.next\server\webpa
ck-runtime.js:1:127)
    at 2312 (D:\laundr
y-management-system\fr
ontend\.next\server\ch
unks\8553.js:1:11651)
    at Object.t [as 
require] (D:\laundry-m
anagement-system\front
end\.next\server\webpa
ck-runtime.js:1:127)
    at require (D:\lau
ndry-management-system
\frontend\node_modules
\next\dist\compiled\ne
xt-server\app-page.run
time.prod.js:17:18811)
    at s (D:\laundry-m
anagement-system\front
end\node_modules\next\
dist\compiled\next-ser
ver\app-page.runtime.p
rod.js:12:88330)
    at D:\laundry-mana
gement-system\frontend
\node_modules\next\dis
t\compiled\next-server
\app-page.runtime.prod
.js:12:98875
    at D:\laundry-mana
gement-system\frontend
\node_modules\next\dis
t\compiled\next-server
\app-page.runtime.prod
.js:12:98962
    at t (D:\laundry-m
anagement-system\front
end\node_modules\next\
dist\compiled\next-ser
ver\app-page.runtime.p
rod.js:12:99165) {
  digest: '2366843348'
}

Error occurred 
prerendering page 
"/admin/branches". 
Read more: https://nex
tjs.org/docs/messages/
prerender-error

ReferenceError: 
window is not defined
    at 90719 (D:\laund
ry-management-system\f
rontend\.next\server\c
hunks\9377.js:1:11697)
    at t (D:\laundry-m
anagement-system\front
end\.next\server\webpa
ck-runtime.js:1:127)
    at 2312 (D:\laundr
y-management-system\fr
ontend\.next\server\ch
unks\8553.js:1:11651)
    at Object.t [as 
require] (D:\laundry-m
anagement-system\front
end\.next\server\webpa
ck-runtime.js:1:127)
    at require (D:\lau
ndry-management-system
\frontend\node_modules
\next\dist\compiled\ne
xt-server\app-page.run
time.prod.js:17:18811)
    at s (D:\laundry-m
anagement-system\front
end\node_modules\next\
dist\compiled\next-ser
ver\app-page.runtime.p
rod.js:12:88330)
    at D:\laundry-mana
gement-system\frontend
\node_modules\next\dis
t\compiled\next-server
\app-page.runtime.prod
.js:12:98875
    at D:\laundry-mana
gement-system\frontend
\node_modules\next\dis
t\compiled\next-server
\app-page.runtime.prod
.js:12:98962
    at t (D:\laundry-m
anagement-system\front
end\node_modules\next\
dist\compiled\next-ser
ver\app-page.runtime.p
rod.js:12:99165)
ReferenceError: 
window is not defined
    at 90719 (D:\laund
ry-management-system\f
rontend\.next\server\c
hunks\9377.js:1:11697)
    at t (D:\laundry-m
anagement-system\front
end\.next\server\webpa
ck-runtime.js:1:127)
    at 2312 (D:\laundr
y-management-system\fr
ontend\.next\server\ch
unks\8553.js:1:11651)
    at Object.t [as 
require] (D:\laundry-m
anagement-system\front
end\.next\server\webpa
ck-runtime.js:1:127)
    at require (D:\lau
ndry-management-system
\frontend\node_modules
\next\dist\compiled\ne
xt-server\app-page.run
time.prod.js:17:18811)
    at s (D:\laundry-m
anagement-system\front
end\node_modules\next\
dist\compiled\next-ser
ver\app-page.runtime.p
rod.js:12:88330)
    at D:\laundry-mana
gement-system\frontend
\node_modules\next\dis
t\compiled\next-server
\app-page.runtime.prod
.js:12:98875
    at D:\laundry-mana
gement-system\frontend
\node_modules\next\dis
t\compiled\next-server
\app-page.runtime.prod
.js:12:98962
    at t (D:\laundry-m
anagement-system\front
end\node_modules\next\
dist\compiled\next-ser
ver\app-page.runtime.p
rod.js:12:99165) {
  digest: '2366843348'
}

Error occurred 
prerendering page "/ad
min/branch-admins". 
Read more: https://nex
tjs.org/docs/messages/
prerender-error

ReferenceError: 
window is not defined
    at 90719 (D:\laund
ry-management-system\f
rontend\.next\server\c
hunks\9377.js:1:11697)
    at t (D:\laundry-m
anagement-system\front
end\.next\server\webpa
ck-runtime.js:1:127)
    at 2312 (D:\laundr
y-management-system\fr
ontend\.next\server\ch
unks\8553.js:1:11651)
    at Object.t [as 
require] (D:\laundry-m
anagement-system\front
end\.next\server\webpa
ck-runtime.js:1:127)
    at require (D:\lau
ndry-management-system
\frontend\node_modules
\next\dist\compiled\ne
xt-server\app-page.run
time.prod.js:17:18811)
    at s (D:\laundry-m
anagement-system\front
end\node_modules\next\
dist\compiled\next-ser
ver\app-page.runtime.p
rod.js:12:88330)
    at D:\laundry-mana
gement-system\frontend
\node_modules\next\dis
t\compiled\next-server
\app-page.runtime.prod
.js:12:98875
    at D:\laundry-mana
gement-system\frontend
\node_modules\next\dis
t\compiled\next-server
\app-page.runtime.prod
.js:12:98962
    at t (D:\laundry-m
anagement-system\front
end\node_modules\next\
dist\compiled\next-ser
ver\app-page.runtime.p
rod.js:12:99165)
ReferenceError: 
window is not defined
    at 90719 (D:\laund
ry-management-system\f
rontend\.next\server\c
hunks\9377.js:1:11697)
    at t (D:\laundry-m
anagement-system\front
end\.next\server\webpa
ck-runtime.js:1:127)
    at 2312 (D:\laundr
y-management-system\fr
ontend\.next\server\ch
unks\8553.js:1:11651)
    at Object.t [as 
require] (D:\laundry-m
anagement-system\front
end\.next\server\webpa
ck-runtime.js:1:127)
    at require (D:\lau
ndry-management-system
\frontend\node_modules
\next\dist\compiled\ne
xt-server\app-page.run
time.prod.js:17:18811)
    at s (D:\laundry-m
anagement-system\front
end\node_modules\next\
dist\compiled\next-ser
ver\app-page.runtime.p
rod.js:12:88330)
    at D:\laundry-mana
gement-system\frontend
\node_modules\next\dis
t\compiled\next-server
\app-page.runtime.prod
.js:12:98875
    at D:\laundry-mana
gement-system\frontend
\node_modules\next\dis
t\compiled\next-server
\app-page.runtime.prod
.js:12:98962
    at t (D:\laundry-m
anagement-system\front
end\node_modules\next\
dist\compiled\next-ser
ver\app-page.runtime.p
rod.js:12:99165) {
  digest: '2366843348'
}

Error occurred 
prerendering page 
"/admin/blog/posts". 
Read more: https://nex
tjs.org/docs/messages/
prerender-error

ReferenceError: 
window is not defined
    at 90719 (D:\laund
ry-management-system\f
rontend\.next\server\c
hunks\9377.js:1:11697)
    at t (D:\laundry-m
anagement-system\front
end\.next\server\webpa
ck-runtime.js:1:127)
    at 2312 (D:\laundr
y-management-system\fr
ontend\.next\server\ch
unks\8553.js:1:11651)
    at Object.t [as 
require] (D:\laundry-m
anagement-system\front
end\.next\server\webpa
ck-runtime.js:1:127)
    at require (D:\lau
ndry-management-system
\frontend\node_modules
\next\dist\compiled\ne
xt-server\app-page.run
time.prod.js:17:18811)
    at s (D:\laundry-m
anagement-system\front
end\node_modules\next\
dist\compiled\next-ser
ver\app-page.runtime.p
rod.js:12:88330)
    at D:\laundry-mana
gement-system\frontend
\node_modules\next\dis
t\compiled\next-server
\app-page.runtime.prod
.js:12:98875
    at D:\laundry-mana
gement-system\frontend
\node_modules\next\dis
t\compiled\next-server
\app-page.runtime.prod
.js:12:98962
    at t (D:\laundry-m
anagement-system\front
end\node_modules\next\
dist\compiled\next-ser
ver\app-page.runtime.p
rod.js:12:99165)
ReferenceError: 
window is not defined
    at 90719 (D:\laund
ry-management-system\f
rontend\.next\server\c
hunks\9377.js:1:11697)
    at t (D:\laundry-m
anagement-system\front
end\.next\server\webpa
ck-runtime.js:1:127)
    at 60324 (D:\laund
ry-management-system\f
rontend\.next\server\c
hunks\9377.js:1:3664)
    at Object.t [as 
require] (D:\laundry-m
anagement-system\front
end\.next\server\webpa
ck-runtime.js:1:127)
    at require (D:\lau
ndry-management-system
\frontend\node_modules
\next\dist\compiled\ne
xt-server\app-page.run
time.prod.js:17:18811)
    at A (D:\laundry-m
anagement-system\front
end\node_modules\next\
dist\compiled\next-ser
ver\app-page.runtime.p
rod.js:12:94398)
    at R (D:\laundry-m
anagement-system\front
end\node_modules\next\
dist\compiled\next-ser
ver\app-page.runtime.p
rod.js:12:92949)
    at rR (D:\laundry-
management-system\fron
tend\node_modules\next
\dist\compiled\next-se
rver\app-page.runtime.
prod.js:12:33975)
    at nL (D:\laundry-
management-system\fron
tend\node_modules\next
\dist\compiled\next-se
rver\app-page.runtime.
prod.js:12:62305)
    at nB (D:\laundry-
management-system\fron
tend\node_modules\next
\dist\compiled\next-se
rver\app-page.runtime.
prod.js:12:67539) {
  digest: '2229572071'
}

Error occurred 
prerendering page 
"/addons/my-addons". 
Read more: https://nex
tjs.org/docs/messages/
prerender-error

ReferenceError: 
window is not defined
    at 90719 (D:\laund
ry-management-system\f
rontend\.next\server\c
hunks\9377.js:1:11697)
    at t (D:\laundry-m
anagement-system\front
end\.next\server\webpa
ck-runtime.js:1:127)
    at 60324 (D:\laund
ry-management-system\f
rontend\.next\server\c
hunks\9377.js:1:3664)
    at Object.t [as 
require] (D:\laundry-m
anagement-system\front
end\.next\server\webpa
ck-runtime.js:1:127)
    at require (D:\lau
ndry-management-system
\frontend\node_modules
\next\dist\compiled\ne
xt-server\app-page.run
time.prod.js:17:18811)
    at A (D:\laundry-m
anagement-system\front
end\node_modules\next\
dist\compiled\next-ser
ver\app-page.runtime.p
rod.js:12:94398)
    at R (D:\laundry-m
anagement-system\front
end\node_modules\next\
dist\compiled\next-ser
ver\app-page.runtime.p
rod.js:12:92949)
    at rR (D:\laundry-
management-system\fron
tend\node_modules\next
\dist\compiled\next-se
rver\app-page.runtime.
prod.js:12:33975)
    at nL (D:\laundry-
management-system\fron
tend\node_modules\next
\dist\compiled\next-se
rver\app-page.runtime.
prod.js:12:62305)
    at nB (D:\laundry-
management-system\fron
tend\node_modules\next
\dist\compiled\next-se
rver\app-page.runtime.
prod.js:12:67539)
ReferenceError: 
window is not defined
    at 90719 (D:\laund
ry-management-system\f
rontend\.next\server\c
hunks\9377.js:1:11697)
    at t (D:\laundry-m
anagement-system\front
end\.next\server\webpa
ck-runtime.js:1:127)
    at 2312 (D:\laundr
y-management-system\fr
ontend\.next\server\ch
unks\8553.js:1:11651)
    at Object.t [as 
require] (D:\laundry-m
anagement-system\front
end\.next\server\webpa
ck-runtime.js:1:127)
    at require (D:\lau
ndry-management-system
\frontend\node_modules
\next\dist\compiled\ne
xt-server\app-page.run
time.prod.js:17:18811)
    at s (D:\laundry-m
anagement-system\front
end\node_modules\next\
dist\compiled\next-ser
ver\app-page.runtime.p
rod.js:12:88330)
    at D:\laundry-mana
gement-system\frontend
\node_modules\next\dis
t\compiled\next-server
\app-page.runtime.prod
.js:12:98875
    at D:\laundry-mana
gement-system\frontend
\node_modules\next\dis
t\compiled\next-server
\app-page.runtime.prod
.js:12:98962
    at t (D:\laundry-m
anagement-system\front
end\node_modules\next\
dist\compiled\next-ser
ver\app-page.runtime.p
rod.js:12:99165) {
  digest: '2366843348'
}

Error occurred 
prerendering page 
"/admin/chat". Read 
more: https://nextjs.o
rg/docs/messages/prere
nder-error

ReferenceError: 
window is not defined
    at 90719 (D:\laund
ry-management-system\f
rontend\.next\server\c
hunks\9377.js:1:11697)
    at t (D:\laundry-m
anagement-system\front
end\.next\server\webpa
ck-runtime.js:1:127)
    at 2312 (D:\laundr
y-management-system\fr
ontend\.next\server\ch
unks\8553.js:1:11651)
    at Object.t [as 
require] (D:\laundry-m
anagement-system\front
end\.next\server\webpa
ck-runtime.js:1:127)
    at require (D:\lau
ndry-management-system
\frontend\node_modules
\next\dist\compiled\ne
xt-server\app-page.run
time.prod.js:17:18811)
    at s (D:\laundry-m
anagement-system\front
end\node_modules\next\
dist\compiled\next-ser
ver\app-page.runtime.p
rod.js:12:88330)
    at D:\laundry-mana
gement-system\frontend
\node_modules\next\dis
t\compiled\next-server
\app-page.runtime.prod
.js:12:98875
    at D:\laundry-mana
gement-system\frontend
\node_modules\next\dis
t\compiled\next-server
\app-page.runtime.prod
.js:12:98962
    at t (D:\laundry-m
anagement-system\front
end\node_modules\next\
dist\compiled\next-ser
ver\app-page.runtime.p
rod.js:12:99165)
ReferenceError: 
window is not defined
    at 90719 (D:\laund
ry-management-system\f
rontend\.next\server\c
hunks\9377.js:1:11697)
    at t (D:\laundry-m
anagement-system\front
end\.next\server\webpa
ck-runtime.js:1:127)
    at 2312 (D:\laundr
y-management-system\fr
ontend\.next\server\ch
unks\8553.js:1:11651)
    at Object.t [as 
require] (D:\laundry-m
anagement-system\front
end\.next\server\webpa
ck-runtime.js:1:127)
    at require (D:\lau
ndry-management-system
\frontend\node_modules
\next\dist\compiled\ne
xt-server\app-page.run
time.prod.js:17:18811)
    at s (D:\laundry-m
anagement-system\front
end\node_modules\next\
dist\compiled\next-ser
ver\app-page.runtime.p
rod.js:12:88330)
    at D:\laundry-mana
gement-system\frontend
\node_modules\next\dis
t\compiled\next-server
\app-page.runtime.prod
.js:12:98875
    at D:\laundry-mana
gement-system\frontend
\node_modules\next\dis
t\compiled\next-server
\app-page.runtime.prod
.js:12:98962
    at t (D:\laundry-m
anagement-system\front
end\node_modules\next\
dist\compiled\next-ser
ver\app-page.runtime.p
rod.js:12:99165) {
  digest: '2366843348'
}

Error occurred 
prerendering page 
"/admin/customers". 
Read more: https://nex
tjs.org/docs/messages/
prerender-error

ReferenceError: 
window is not defined
    at 90719 (D:\laund
ry-management-system\f
rontend\.next\server\c
hunks\9377.js:1:11697)
    at t (D:\laundry-m
anagement-system\front
end\.next\server\webpa
ck-runtime.js:1:127)
    at 2312 (D:\laundr
y-management-system\fr
ontend\.next\server\ch
unks\8553.js:1:11651)
    at Object.t [as 
require] (D:\laundry-m
anagement-system\front
end\.next\server\webpa
ck-runtime.js:1:127)
    at require (D:\lau
ndry-management-system
\frontend\node_modules
\next\dist\compiled\ne
xt-server\app-page.run
time.prod.js:17:18811)
    at s (D:\laundry-m
anagement-system\front
end\node_modules\next\
dist\compiled\next-ser
ver\app-page.runtime.p
rod.js:12:88330)
    at D:\laundry-mana
gement-system\frontend
\node_modules\next\dis
t\compiled\next-server
\app-page.runtime.prod
.js:12:98875
    at D:\laundry-mana
gement-system\frontend
\node_modules\next\dis
t\compiled\next-server
\app-page.runtime.prod
.js:12:98962
    at t (D:\laundry-m
anagement-system\front
end\node_modules\next\
dist\compiled\next-ser
ver\app-page.runtime.p
rod.js:12:99165)
ReferenceError: 
window is not defined
    at 90719 (D:\laund
ry-management-system\f
rontend\.next\server\c
hunks\9377.js:1:11697)
    at t (D:\laundry-m
anagement-system\front
end\.next\server\webpa
ck-runtime.js:1:127)
    at 2312 (D:\laundr
y-management-system\fr
ontend\.next\server\ch
unks\8553.js:1:11651)
    at Object.t [as 
require] (D:\laundry-m
anagement-system\front
end\.next\server\webpa
ck-runtime.js:1:127)
    at require (D:\lau
ndry-management-system
\frontend\node_modules
\next\dist\compiled\ne
xt-server\app-page.run
time.prod.js:17:18811)
    at s (D:\laundry-m
anagement-system\front
end\node_modules\next\
dist\compiled\next-ser
ver\app-page.runtime.p
rod.js:12:88330)
    at D:\laundry-mana
gement-system\frontend
\node_modules\next\dis
t\compiled\next-server
\app-page.runtime.prod
.js:12:98875
    at D:\laundry-mana
gement-system\frontend
\node_modules\next\dis
t\compiled\next-server
\app-page.runtime.prod
.js:12:98962
    at t (D:\laundry-m
anagement-system\front
end\node_modules\next\
dist\compiled\next-ser
ver\app-page.runtime.p
rod.js:12:99165) {
  digest: '2366843348'
}

Error occurred 
prerendering page 
"/admin/inventory". 
Read more: https://nex
tjs.org/docs/messages/
prerender-error

ReferenceError: 
window is not defined
    at 90719 (D:\laund
ry-management-system\f
rontend\.next\server\c
hunks\9377.js:1:11697)
    at t (D:\laundry-m
anagement-system\front
end\.next\server\webpa
ck-runtime.js:1:127)
    at 2312 (D:\laundr
y-management-system\fr
ontend\.next\server\ch
unks\8553.js:1:11651)
    at Object.t [as 
require] (D:\laundry-m
anagement-system\front
end\.next\server\webpa
ck-runtime.js:1:127)
    at require (D:\lau
ndry-management-system
\frontend\node_modules
\next\dist\compiled\ne
xt-server\app-page.run
time.prod.js:17:18811)
    at s (D:\laundry-m
anagement-system\front
end\node_modules\next\
dist\compiled\next-ser
ver\app-page.runtime.p
rod.js:12:88330)
    at D:\laundry-mana
gement-system\frontend
\node_modules\next\dis
t\compiled\next-server
\app-page.runtime.prod
.js:12:98875
    at D:\laundry-mana
gement-system\frontend
\node_modules\next\dis
t\compiled\next-server
\app-page.runtime.prod
.js:12:98962
    at t (D:\laundry-m
anagement-system\front
end\node_modules\next\
dist\compiled\next-ser
ver\app-page.runtime.p
rod.js:12:99165)
ReferenceError: 
window is not defined
    at 90719 (D:\laund
ry-management-system\f
rontend\.next\server\c
hunks\9377.js:1:11697)
    at t (D:\laundry-m
anagement-system\front
end\.next\server\webpa
ck-runtime.js:1:127)
    at 2312 (D:\laundr
y-management-system\fr
ontend\.next\server\ch
unks\8553.js:1:11651)
    at Object.t [as 
require] (D:\laundry-m
anagement-system\front
end\.next\server\webpa
ck-runtime.js:1:127)
    at require (D:\lau
ndry-management-system
\frontend\node_modules
\next\dist\compiled\ne
xt-server\app-page.run
time.prod.js:17:18811)
    at s (D:\laundry-m
anagement-system\front
end\node_modules\next\
dist\compiled\next-ser
ver\app-page.runtime.p
rod.js:12:88330)
    at D:\laundry-mana
gement-system\frontend
\node_modules\next\dis
t\compiled\next-server
\app-page.runtime.prod
.js:12:98875
    at D:\laundry-mana
gement-system\frontend
\node_modules\next\dis
t\compiled\next-server
\app-page.runtime.prod
.js:12:98962
    at t (D:\laundry-m
anagement-system\front
end\node_modules\next\
dist\compiled\next-ser
ver\app-page.runtime.p
rod.js:12:99165) {
  digest: '2366843348'
}

Error occurred 
prerendering page 
"/admin/discounts". 
Read more: https://nex
tjs.org/docs/messages/
prerender-error

ReferenceError: 
window is not defined
    at 90719 (D:\laund
ry-management-system\f
rontend\.next\server\c
hunks\9377.js:1:11697)
    at t (D:\laundry-m
anagement-system\front
end\.next\server\webpa
ck-runtime.js:1:127)
    at 2312 (D:\laundr
y-management-system\fr
ontend\.next\server\ch
unks\8553.js:1:11651)
    at Object.t [as 
require] (D:\laundry-m
anagement-system\front
end\.next\server\webpa
ck-runtime.js:1:127)
    at require (D:\lau
ndry-management-system
\frontend\node_modules
\next\dist\compiled\ne
xt-server\app-page.run
time.prod.js:17:18811)
    at s (D:\laundry-m
anagement-system\front
end\node_modules\next\
dist\compiled\next-ser
ver\app-page.runtime.p
rod.js:12:88330)
    at D:\laundry-mana
gement-system\frontend
\node_modules\next\dis
t\compiled\next-server
\app-page.runtime.prod
.js:12:98875
    at D:\laundry-mana
gement-system\frontend
\node_modules\next\dis
t\compiled\next-server
\app-page.runtime.prod
.js:12:98962
    at t (D:\laundry-m
anagement-system\front
end\node_modules\next\
dist\compiled\next-ser
ver\app-page.runtime.p
rod.js:12:99165)
ReferenceError: 
window is not defined
    at 90719 (D:\laund
ry-management-system\f
rontend\.next\server\c
hunks\9377.js:1:11697)
    at t (D:\laundry-m
anagement-system\front
end\.next\server\webpa
ck-runtime.js:1:127)
    at 2312 (D:\laundr
y-management-system\fr
ontend\.next\server\ch
unks\8553.js:1:11651)
    at Object.t [as 
require] (D:\laundry-m
anagement-system\front
end\.next\server\webpa
ck-runtime.js:1:127)
    at require (D:\lau
ndry-management-system
\frontend\node_modules
\next\dist\compiled\ne
xt-server\app-page.run
time.prod.js:17:18811)
    at s (D:\laundry-m
anagement-system\front
end\node_modules\next\
dist\compiled\next-ser
ver\app-page.runtime.p
rod.js:12:88330)
    at D:\laundry-mana
gement-system\frontend
\node_modules\next\dis
t\compiled\next-server
\app-page.runtime.prod
.js:12:98875
    at D:\laundry-mana
gement-system\frontend
\node_modules\next\dis
t\compiled\next-server
\app-page.runtime.prod
.js:12:98962
    at t (D:\laundry-m
anagement-system\front
end\node_modules\next\
dist\compiled\next-ser
ver\app-page.runtime.p
rod.js:12:99165) {
  digest: '2366843348'
}

Error occurred 
prerendering page 
"/admin/coupons". 
Read more: https://nex
tjs.org/docs/messages/
prerender-error

ReferenceError: 
window is not defined
    at 90719 (D:\laund
ry-management-system\f
rontend\.next\server\c
hunks\9377.js:1:11697)
    at t (D:\laundry-m
anagement-system\front
end\.next\server\webpa
ck-runtime.js:1:127)
    at 2312 (D:\laundr
y-management-system\fr
ontend\.next\server\ch
unks\8553.js:1:11651)
    at Object.t [as 
require] (D:\laundry-m
anagement-system\front
end\.next\server\webpa
ck-runtime.js:1:127)
    at require (D:\lau
ndry-management-system
\frontend\node_modules
\next\dist\compiled\ne
xt-server\app-page.run
time.prod.js:17:18811)
    at s (D:\laundry-m
anagement-system\front
end\node_modules\next\
dist\compiled\next-ser
ver\app-page.runtime.p
rod.js:12:88330)
    at D:\laundry-mana
gement-system\frontend
\node_modules\next\dis
t\compiled\next-server
\app-page.runtime.prod
.js:12:98875
    at D:\laundry-mana
gement-system\frontend
\node_modules\next\dis
t\compiled\next-server
\app-page.runtime.prod
.js:12:98962
    at t (D:\laundry-m
anagement-system\front
end\node_modules\next\
dist\compiled\next-ser
ver\app-page.runtime.p
rod.js:12:99165)
ReferenceError: 
window is not defined
    at 90719 (D:\laund
ry-management-system\f
rontend\.next\server\c
hunks\9377.js:1:11697)
    at t (D:\laundry-m
anagement-system\front
end\.next\server\webpa
ck-runtime.js:1:127)
    at 2312 (D:\laundr
y-management-system\fr
ontend\.next\server\ch
unks\8553.js:1:11651)
    at Object.t [as 
require] (D:\laundry-m
anagement-system\front
end\.next\server\webpa
ck-runtime.js:1:127)
    at require (D:\lau
ndry-management-system
\frontend\node_modules
\next\dist\compiled\ne
xt-server\app-page.run
time.prod.js:17:18811)
    at s (D:\laundry-m
anagement-system\front
end\node_modules\next\
dist\compiled\next-ser
ver\app-page.runtime.p
rod.js:12:88330)
    at D:\laundry-mana
gement-system\frontend
\node_modules\next\dis
t\compiled\next-server
\app-page.runtime.prod
.js:12:98875
    at D:\laundry-mana
gement-system\frontend
\node_modules\next\dis
t\compiled\next-server
\app-page.runtime.prod
.js:12:98962
    at t (D:\laundry-m
anagement-system\front
end\node_modules\next\
dist\compiled\next-ser
ver\app-page.runtime.p
rod.js:12:99165) {
  digest: '2366843348'
}

Error occurred 
prerendering page 
"/admin/campaigns". 
Read more: https://nex
tjs.org/docs/messages/
prerender-error

ReferenceError: 
window is not defined
    at 90719 (D:\laund
ry-management-system\f
rontend\.next\server\c
hunks\9377.js:1:11697)
    at t (D:\laundry-m
anagement-system\front
end\.next\server\webpa
ck-runtime.js:1:127)
    at 2312 (D:\laundr
y-management-system\fr
ontend\.next\server\ch
unks\8553.js:1:11651)
    at Object.t [as 
require] (D:\laundry-m
anagement-system\front
end\.next\server\webpa
ck-runtime.js:1:127)
    at require (D:\lau
ndry-management-system
\frontend\node_modules
\next\dist\compiled\ne
xt-server\app-page.run
time.prod.js:17:18811)
    at s (D:\laundry-m
anagement-system\front
end\node_modules\next\
dist\compiled\next-ser
ver\app-page.runtime.p
rod.js:12:88330)
    at D:\laundry-mana
gement-system\frontend
\node_modules\next\dis
t\compiled\next-server
\app-page.runtime.prod
.js:12:98875
    at D:\laundry-mana
gement-system\frontend
\node_modules\next\dis
t\compiled\next-server
\app-page.runtime.prod
.js:12:98962
    at t (D:\laundry-m
anagement-system\front
end\node_modules\next\
dist\compiled\next-ser
ver\app-page.runtime.p
rod.js:12:99165)
ReferenceError: 
window is not defined
    at 90719 (D:\laund
ry-management-system\f
rontend\.next\server\c
hunks\9377.js:1:11697)
    at t (D:\laundry-m
anagement-system\front
end\.next\server\webpa
ck-runtime.js:1:127)
    at 15932 (D:\laund
ry-management-system\f
rontend\.next\server\a
pp\admin\notifications
\all\page.js:1:8547)
    at Object.t [as 
require] (D:\laundry-m
anagement-system\front
end\.next\server\webpa
ck-runtime.js:1:127)
    at require (D:\lau
ndry-management-system
\frontend\node_modules
\next\dist\compiled\ne
xt-server\app-page.run
time.prod.js:17:18811)
    at s (D:\laundry-m
anagement-system\front
end\node_modules\next\
dist\compiled\next-ser
ver\app-page.runtime.p
rod.js:12:88330)
    at D:\laundry-mana
gement-system\frontend
\node_modules\next\dis
t\compiled\next-server
\app-page.runtime.prod
.js:12:98875
    at D:\laundry-mana
gement-system\frontend
\node_modules\next\dis
t\compiled\next-server
\app-page.runtime.prod
.js:12:98962
    at t (D:\laundry-m
anagement-system\front
end\node_modules\next\
dist\compiled\next-ser
ver\app-page.runtime.p
rod.js:12:99165) {
  digest: '3641313387'
}

Error occurred 
prerendering page "/ad
min/notifications/all"
. Read more: https://n
extjs.org/docs/message
s/prerender-error

ReferenceError: 
window is not defined
    at 90719 (D:\laund
ry-management-system\f
rontend\.next\server\c
hunks\9377.js:1:11697)
    at t (D:\laundry-m
anagement-system\front
end\.next\server\webpa
ck-runtime.js:1:127)
    at 15932 (D:\laund
ry-management-system\f
rontend\.next\server\a
pp\admin\notifications
\all\page.js:1:8547)
    at Object.t [as 
require] (D:\laundry-m
anagement-system\front
end\.next\server\webpa
ck-runtime.js:1:127)
    at require (D:\lau
ndry-management-system
\frontend\node_modules
\next\dist\compiled\ne
xt-server\app-page.run
time.prod.js:17:18811)
    at s (D:\laundry-m
anagement-system\front
end\node_modules\next\
dist\compiled\next-ser
ver\app-page.runtime.p
rod.js:12:88330)
    at D:\laundry-mana
gement-system\frontend
\node_modules\next\dis
t\compiled\next-server
\app-page.runtime.prod
.js:12:98875
    at D:\laundry-mana
gement-system\frontend
\node_modules\next\dis
t\compiled\next-server
\app-page.runtime.prod
.js:12:98962
    at t (D:\laundry-m
anagement-system\front
end\node_modules\next\
dist\compiled\next-ser
ver\app-page.runtime.p
rod.js:12:99165)
ReferenceError: 
window is not defined
    at 90719 (D:\laund
ry-management-system\f
rontend\.next\server\c
hunks\9377.js:1:11697)
    at t (D:\laundry-m
anagement-system\front
end\.next\server\webpa
ck-runtime.js:1:127)
    at 2312 (D:\laundr
y-management-system\fr
ontend\.next\server\ch
unks\8553.js:1:11651)
    at Object.t [as 
require] (D:\laundry-m
anagement-system\front
end\.next\server\webpa
ck-runtime.js:1:127)
    at require (D:\lau
ndry-management-system
\frontend\node_modules
\next\dist\compiled\ne
xt-server\app-page.run
time.prod.js:17:18811)
    at s (D:\laundry-m
anagement-system\front
end\node_modules\next\
dist\compiled\next-ser
ver\app-page.runtime.p
rod.js:12:88330)
    at D:\laundry-mana
gement-system\frontend
\node_modules\next\dis
t\compiled\next-server
\app-page.runtime.prod
.js:12:98875
    at D:\laundry-mana
gement-system\frontend
\node_modules\next\dis
t\compiled\next-server
\app-page.runtime.prod
.js:12:98962
    at t (D:\laundry-m
anagement-system\front
end\node_modules\next\
dist\compiled\next-ser
ver\app-page.runtime.p
rod.js:12:99165) {
  digest: '2366843348'
}

Error occurred 
prerendering page 
"/admin/logistics". 
Read more: https://nex
tjs.org/docs/messages/
prerender-error

ReferenceError: 
window is not defined
    at 90719 (D:\laund
ry-management-system\f
rontend\.next\server\c
hunks\9377.js:1:11697)
    at t (D:\laundry-m
anagement-system\front
end\.next\server\webpa
ck-runtime.js:1:127)
    at 2312 (D:\laundr
y-management-system\fr
ontend\.next\server\ch
unks\8553.js:1:11651)
    at Object.t [as 
require] (D:\laundry-m
anagement-system\front
end\.next\server\webpa
ck-runtime.js:1:127)
    at require (D:\lau
ndry-management-system
\frontend\node_modules
\next\dist\compiled\ne
xt-server\app-page.run
time.prod.js:17:18811)
    at s (D:\laundry-m
anagement-system\front
end\node_modules\next\
dist\compiled\next-ser
ver\app-page.runtime.p
rod.js:12:88330)
    at D:\laundry-mana
gement-system\frontend
\node_modules\next\dis
t\compiled\next-server
\app-page.runtime.prod
.js:12:98875
    at D:\laundry-mana
gement-system\frontend
\node_modules\next\dis
t\compiled\next-server
\app-page.runtime.prod
.js:12:98962
    at t (D:\laundry-m
anagement-system\front
end\node_modules\next\
dist\compiled\next-ser
ver\app-page.runtime.p
rod.js:12:99165)
ReferenceError: 
window is not defined
    at 90719 (D:\laund
ry-management-system\f
rontend\.next\server\c
hunks\9377.js:1:11697)
    at t (D:\laundry-m
anagement-system\front
end\.next\server\webpa
ck-runtime.js:1:127)
    at 2312 (D:\laundr
y-management-system\fr
ontend\.next\server\ch
unks\8553.js:1:11651)
    at Object.t [as 
require] (D:\laundry-m
anagement-system\front
end\.next\server\webpa
ck-runtime.js:1:127)
    at require (D:\lau
ndry-management-system
\frontend\node_modules
\next\dist\compiled\ne
xt-server\app-page.run
time.prod.js:17:18811)
    at s (D:\laundry-m
anagement-system\front
end\node_modules\next\
dist\compiled\next-ser
ver\app-page.runtime.p
rod.js:12:88330)
    at D:\laundry-mana
gement-system\frontend
\node_modules\next\dis
t\compiled\next-server
\app-page.runtime.prod
.js:12:98875
    at D:\laundry-mana
gement-system\frontend
\node_modules\next\dis
t\compiled\next-server
\app-page.runtime.prod
.js:12:98962
    at t (D:\laundry-m
anagement-system\front
end\node_modules\next\
dist\compiled\next-ser
ver\app-page.runtime.p
rod.js:12:99165) {
  digest: '2366843348'
}

Error occurred 
prerendering page "/ad
min/inventory/requests
". Read more: https://
nextjs.org/docs/messag
es/prerender-error

ReferenceError: 
window is not defined
    at 90719 (D:\laund
ry-management-system\f
rontend\.next\server\c
hunks\9377.js:1:11697)
    at t (D:\laundry-m
anagement-system\front
end\.next\server\webpa
ck-runtime.js:1:127)
    at 2312 (D:\laundr
y-management-system\fr
ontend\.next\server\ch
unks\8553.js:1:11651)
    at Object.t [as 
require] (D:\laundry-m
anagement-system\front
end\.next\server\webpa
ck-runtime.js:1:127)
    at require (D:\lau
ndry-management-system
\frontend\node_modules
\next\dist\compiled\ne
xt-server\app-page.run
time.prod.js:17:18811)
    at s (D:\laundry-m
anagement-system\front
end\node_modules\next\
dist\compiled\next-ser
ver\app-page.runtime.p
rod.js:12:88330)
    at D:\laundry-mana
gement-system\frontend
\node_modules\next\dis
t\compiled\next-server
\app-page.runtime.prod
.js:12:98875
    at D:\laundry-mana
gement-system\frontend
\node_modules\next\dis
t\compiled\next-server
\app-page.runtime.prod
.js:12:98962
    at t (D:\laundry-m
anagement-system\front
end\node_modules\next\
dist\compiled\next-ser
ver\app-page.runtime.p
rod.js:12:99165)
ReferenceError: 
window is not defined
    at 90719 (D:\laund
ry-management-system\f
rontend\.next\server\c
hunks\9377.js:1:11697)
    at t (D:\laundry-m
anagement-system\front
end\.next\server\webpa
ck-runtime.js:1:127)
    at 2312 (D:\laundr
y-management-system\fr
ontend\.next\server\ch
unks\8553.js:1:11651)
    at Object.t [as 
require] (D:\laundry-m
anagement-system\front
end\.next\server\webpa
ck-runtime.js:1:127)
    at require (D:\lau
ndry-management-system
\frontend\node_modules
\next\dist\compiled\ne
xt-server\app-page.run
time.prod.js:17:18811)
    at s (D:\laundry-m
anagement-system\front
end\node_modules\next\
dist\compiled\next-ser
ver\app-page.runtime.p
rod.js:12:88330)
    at D:\laundry-mana
gement-system\frontend
\node_modules\next\dis
t\compiled\next-server
\app-page.runtime.prod
.js:12:98875
    at D:\laundry-mana
gement-system\frontend
\node_modules\next\dis
t\compiled\next-server
\app-page.runtime.prod
.js:12:98962
    at t (D:\laundry-m
anagement-system\front
end\node_modules\next\
dist\compiled\next-ser
ver\app-page.runtime.p
rod.js:12:99165) {
  digest: '2366843348'
}

Error occurred 
prerendering page "/ad
min/platform-support/c
reate". Read more: htt
ps://nextjs.org/docs/m
essages/prerender-erro
r

ReferenceError: 
window is not defined
    at 90719 (D:\laund
ry-management-system\f
rontend\.next\server\c
hunks\9377.js:1:11697)
    at t (D:\laundry-m
anagement-system\front
end\.next\server\webpa
ck-runtime.js:1:127)
    at 2312 (D:\laundr
y-management-system\fr
ontend\.next\server\ch
unks\8553.js:1:11651)
    at Object.t [as 
require] (D:\laundry-m
anagement-system\front
end\.next\server\webpa
ck-runtime.js:1:127)
    at require (D:\lau
ndry-management-system
\frontend\node_modules
\next\dist\compiled\ne
xt-server\app-page.run
time.prod.js:17:18811)
    at s (D:\laundry-m
anagement-system\front
end\node_modules\next\
dist\compiled\next-ser
ver\app-page.runtime.p
rod.js:12:88330)
    at D:\laundry-mana
gement-system\frontend
\node_modules\next\dis
t\compiled\next-server
\app-page.runtime.prod
.js:12:98875
    at D:\laundry-mana
gement-system\frontend
\node_modules\next\dis
t\compiled\next-server
\app-page.runtime.prod
.js:12:98962
    at t (D:\laundry-m
anagement-system\front
end\node_modules\next\
dist\compiled\next-ser
ver\app-page.runtime.p
rod.js:12:99165)
ReferenceError: 
window is not defined
    at 90719 (D:\laund
ry-management-system\f
rontend\.next\server\c
hunks\9377.js:1:11697)
    at t (D:\laundry-m
anagement-system\front
end\.next\server\webpa
ck-runtime.js:1:127)
    at 2312 (D:\laundr
y-management-system\fr
ontend\.next\server\ch
unks\8553.js:1:11651)
    at Object.t [as 
require] (D:\laundry-m
anagement-system\front
end\.next\server\webpa
ck-runtime.js:1:127)
    at require (D:\lau
ndry-management-system
\frontend\node_modules
\next\dist\compiled\ne
xt-server\app-page.run
time.prod.js:17:18811)
    at s (D:\laundry-m
anagement-system\front
end\node_modules\next\
dist\compiled\next-ser
ver\app-page.runtime.p
rod.js:12:88330)
    at D:\laundry-mana
gement-system\frontend
\node_modules\next\dis
t\compiled\next-server
\app-page.runtime.prod
.js:12:98875
    at D:\laundry-mana
gement-system\frontend
\node_modules\next\dis
t\compiled\next-server
\app-page.runtime.prod
.js:12:98962
    at t (D:\laundry-m
anagement-system\front
end\node_modules\next\
dist\compiled\next-ser
ver\app-page.runtime.p
rod.js:12:99165) {
  digest: '2366843348'
}

Error occurred 
prerendering page 
"/admin/loyalty". 
Read more: https://nex
tjs.org/docs/messages/
prerender-error

ReferenceError: 
window is not defined
    at 90719 (D:\laund
ry-management-system\f
rontend\.next\server\c
hunks\9377.js:1:11697)
    at t (D:\laundry-m
anagement-system\front
end\.next\server\webpa
ck-runtime.js:1:127)
    at 2312 (D:\laundr
y-management-system\fr
ontend\.next\server\ch
unks\8553.js:1:11651)
    at Object.t [as 
require] (D:\laundry-m
anagement-system\front
end\.next\server\webpa
ck-runtime.js:1:127)
    at require (D:\lau
ndry-management-system
\frontend\node_modules
\next\dist\compiled\ne
xt-server\app-page.run
time.prod.js:17:18811)
    at s (D:\laundry-m
anagement-system\front
end\node_modules\next\
dist\compiled\next-ser
ver\app-page.runtime.p
rod.js:12:88330)
    at D:\laundry-mana
gement-system\frontend
\node_modules\next\dis
t\compiled\next-server
\app-page.runtime.prod
.js:12:98875
    at D:\laundry-mana
gement-system\frontend
\node_modules\next\dis
t\compiled\next-server
\app-page.runtime.prod
.js:12:98962
    at t (D:\laundry-m
anagement-system\front
end\node_modules\next\
dist\compiled\next-ser
ver\app-page.runtime.p
rod.js:12:99165)
ReferenceError: 
window is not defined
    at 90719 (D:\laund
ry-management-system\f
rontend\.next\server\c
hunks\9377.js:1:11697)
    at t (D:\laundry-m
anagement-system\front
end\.next\server\webpa
ck-runtime.js:1:127)
    at 13464 (D:\laund
ry-management-system\f
rontend\.next\server\a
pp\admin\notifications
\page.js:1:3441)
    at Object.t [as 
require] (D:\laundry-m
anagement-system\front
end\.next\server\webpa
ck-runtime.js:1:127)
    at require (D:\lau
ndry-management-system
\frontend\node_modules
\next\dist\compiled\ne
xt-server\app-page.run
time.prod.js:17:18811)
    at s (D:\laundry-m
anagement-system\front
end\node_modules\next\
dist\compiled\next-ser
ver\app-page.runtime.p
rod.js:12:88330)
    at D:\laundry-mana
gement-system\frontend
\node_modules\next\dis
t\compiled\next-server
\app-page.runtime.prod
.js:12:98875
    at D:\laundry-mana
gement-system\frontend
\node_modules\next\dis
t\compiled\next-server
\app-page.runtime.prod
.js:12:98962
    at t (D:\laundry-m
anagement-system\front
end\node_modules\next\
dist\compiled\next-ser
ver\app-page.runtime.p
rod.js:12:99165) {
  digest: '726839570'
}

Error occurred 
prerendering page "/ad
min/notifications". 
Read more: https://nex
tjs.org/docs/messages/
prerender-error

ReferenceError: 
window is not defined
    at 90719 (D:\laund
ry-management-system\f
rontend\.next\server\c
hunks\9377.js:1:11697)
    at t (D:\laundry-m
anagement-system\front
end\.next\server\webpa
ck-runtime.js:1:127)
    at 13464 (D:\laund
ry-management-system\f
rontend\.next\server\a
pp\admin\notifications
\page.js:1:3441)
    at Object.t [as 
require] (D:\laundry-m
anagement-system\front
end\.next\server\webpa
ck-runtime.js:1:127)
    at require (D:\lau
ndry-management-system
\frontend\node_modules
\next\dist\compiled\ne
xt-server\app-page.run
time.prod.js:17:18811)
    at s (D:\laundry-m
anagement-system\front
end\node_modules\next\
dist\compiled\next-ser
ver\app-page.runtime.p
rod.js:12:88330)
    at D:\laundry-mana
gement-system\frontend
\node_modules\next\dis
t\compiled\next-server
\app-page.runtime.prod
.js:12:98875
    at D:\laundry-mana
gement-system\frontend
\node_modules\next\dis
t\compiled\next-server
\app-page.runtime.prod
.js:12:98962
    at t (D:\laundry-m
anagement-system\front
end\node_modules\next\
dist\compiled\next-ser
ver\app-page.runtime.p
rod.js:12:99165)
   Generating static pages (29/118) 
ReferenceError: 
window is not defined
    at 90719 (D:\laund
ry-management-system\f
rontend\.next\server\c
hunks\9377.js:1:11697)
    at t (D:\laundry-m
anagement-system\front
end\.next\server\webpa
ck-runtime.js:1:127)
    at 2312 (D:\laundr
y-management-system\fr
ontend\.next\server\ch
unks\8553.js:1:11651)
    at Object.t [as 
require] (D:\laundry-m
anagement-system\front
end\.next\server\webpa
ck-runtime.js:1:127)
    at require (D:\lau
ndry-management-system
\frontend\node_modules
\next\dist\compiled\ne
xt-server\app-page.run
time.prod.js:17:18811)
    at s (D:\laundry-m
anagement-system\front
end\node_modules\next\
dist\compiled\next-ser
ver\app-page.runtime.p
rod.js:12:88330)
    at D:\laundry-mana
gement-system\frontend
\node_modules\next\dis
t\compiled\next-server
\app-page.runtime.prod
.js:12:98875
    at D:\laundry-mana
gement-system\frontend
\node_modules\next\dis
t\compiled\next-server
\app-page.runtime.prod
.js:12:98962
    at t (D:\laundry-m
anagement-system\front
end\node_modules\next\
dist\compiled\next-ser
ver\app-page.runtime.p
rod.js:12:99165) {
  digest: '2366843348'
}

Error occurred 
prerendering page "/ad
min/addons/my-addons".
 Read more: https://ne
xtjs.org/docs/messages
/prerender-error

ReferenceError: 
window is not defined
    at 90719 (D:\laund
ry-management-system\f
rontend\.next\server\c
hunks\9377.js:1:11697)
    at t (D:\laundry-m
anagement-system\front
end\.next\server\webpa
ck-runtime.js:1:127)
    at 2312 (D:\laundr
y-management-system\fr
ontend\.next\server\ch
unks\8553.js:1:11651)
    at Object.t [as 
require] (D:\laundry-m
anagement-system\front
end\.next\server\webpa
ck-runtime.js:1:127)
    at require (D:\lau
ndry-management-system
\frontend\node_modules
\next\dist\compiled\ne
xt-server\app-page.run
time.prod.js:17:18811)
    at s (D:\laundry-m
anagement-system\front
end\node_modules\next\
dist\compiled\next-ser
ver\app-page.runtime.p
rod.js:12:88330)
    at D:\laundry-mana
gement-system\frontend
\node_modules\next\dis
t\compiled\next-server
\app-page.runtime.prod
.js:12:98875
    at D:\laundry-mana
gement-system\frontend
\node_modules\next\dis
t\compiled\next-server
\app-page.runtime.prod
.js:12:98962
    at t (D:\laundry-m
anagement-system\front
end\node_modules\next\
dist\compiled\next-ser
ver\app-page.runtime.p
rod.js:12:99165)
ReferenceError: 
window is not defined
    at 90719 (D:\laund
ry-management-system\f
rontend\.next\server\c
hunks\9377.js:1:11697)
    at t (D:\laundry-m
anagement-system\front
end\.next\server\webpa
ck-runtime.js:1:127)
    at 2312 (D:\laundr
y-management-system\fr
ontend\.next\server\ch
unks\8553.js:1:11651)
    at Object.t [as 
require] (D:\laundry-m
anagement-system\front
end\.next\server\webpa
ck-runtime.js:1:127)
    at require (D:\lau
ndry-management-system
\frontend\node_modules
\next\dist\compiled\ne
xt-server\app-page.run
time.prod.js:17:18811)
    at s (D:\laundry-m
anagement-system\front
end\node_modules\next\
dist\compiled\next-ser
ver\app-page.runtime.p
rod.js:12:88330)
    at D:\laundry-mana
gement-system\frontend
\node_modules\next\dis
t\compiled\next-server
\app-page.runtime.prod
.js:12:98875
    at D:\laundry-mana
gement-system\frontend
\node_modules\next\dis
t\compiled\next-server
\app-page.runtime.prod
.js:12:98962
    at t (D:\laundry-m
anagement-system\front
end\node_modules\next\
dist\compiled\next-ser
ver\app-page.runtime.p
rod.js:12:99165) {
  digest: '2366843348'
}

Error occurred 
prerendering page 
"/admin/orders". Read 
more: https://nextjs.o
rg/docs/messages/prere
nder-error

ReferenceError: 
window is not defined
    at 90719 (D:\laund
ry-management-system\f
rontend\.next\server\c
hunks\9377.js:1:11697)
    at t (D:\laundry-m
anagement-system\front
end\.next\server\webpa
ck-runtime.js:1:127)
    at 2312 (D:\laundr
y-management-system\fr
ontend\.next\server\ch
unks\8553.js:1:11651)
    at Object.t [as 
require] (D:\laundry-m
anagement-system\front
end\.next\server\webpa
ck-runtime.js:1:127)
    at require (D:\lau
ndry-management-system
\frontend\node_modules
\next\dist\compiled\ne
xt-server\app-page.run
time.prod.js:17:18811)
    at s (D:\laundry-m
anagement-system\front
end\node_modules\next\
dist\compiled\next-ser
ver\app-page.runtime.p
rod.js:12:88330)
    at D:\laundry-mana
gement-system\frontend
\node_modules\next\dis
t\compiled\next-server
\app-page.runtime.prod
.js:12:98875
    at D:\laundry-mana
gement-system\frontend
\node_modules\next\dis
t\compiled\next-server
\app-page.runtime.prod
.js:12:98962
    at t (D:\laundry-m
anagement-system\front
end\node_modules\next\
dist\compiled\next-ser
ver\app-page.runtime.p
rod.js:12:99165)
ReferenceError: 
window is not defined
    at 90719 (D:\laund
ry-management-system\f
rontend\.next\server\c
hunks\9377.js:1:11697)
    at t (D:\laundry-m
anagement-system\front
end\.next\server\webpa
ck-runtime.js:1:127)
    at 2312 (D:\laundr
y-management-system\fr
ontend\.next\server\ch
unks\8553.js:1:11651)
    at Object.t [as 
require] (D:\laundry-m
anagement-system\front
end\.next\server\webpa
ck-runtime.js:1:127)
    at require (D:\lau
ndry-management-system
\frontend\node_modules
\next\dist\compiled\ne
xt-server\app-page.run
time.prod.js:17:18811)
    at s (D:\laundry-m
anagement-system\front
end\node_modules\next\
dist\compiled\next-ser
ver\app-page.runtime.p
rod.js:12:88330)
    at D:\laundry-mana
gement-system\frontend
\node_modules\next\dis
t\compiled\next-server
\app-page.runtime.prod
.js:12:98875
    at D:\laundry-mana
gement-system\frontend
\node_modules\next\dis
t\compiled\next-server
\app-page.runtime.prod
.js:12:98962
    at t (D:\laundry-m
anagement-system\front
end\node_modules\next\
dist\compiled\next-ser
ver\app-page.runtime.p
rod.js:12:99165) {
  digest: '2366843348'
}

Error occurred 
prerendering page 
"/admin/pricing". 
Read more: https://nex
tjs.org/docs/messages/
prerender-error

ReferenceError: 
window is not defined
    at 90719 (D:\laund
ry-management-system\f
rontend\.next\server\c
hunks\9377.js:1:11697)
    at t (D:\laundry-m
anagement-system\front
end\.next\server\webpa
ck-runtime.js:1:127)
    at 2312 (D:\laundr
y-management-system\fr
ontend\.next\server\ch
unks\8553.js:1:11651)
    at Object.t [as 
require] (D:\laundry-m
anagement-system\front
end\.next\server\webpa
ck-runtime.js:1:127)
    at require (D:\lau
ndry-management-system
\frontend\node_modules
\next\dist\compiled\ne
xt-server\app-page.run
time.prod.js:17:18811)
    at s (D:\laundry-m
anagement-system\front
end\node_modules\next\
dist\compiled\next-ser
ver\app-page.runtime.p
rod.js:12:88330)
    at D:\laundry-mana
gement-system\frontend
\node_modules\next\dis
t\compiled\next-server
\app-page.runtime.prod
.js:12:98875
    at D:\laundry-mana
gement-system\frontend
\node_modules\next\dis
t\compiled\next-server
\app-page.runtime.prod
.js:12:98962
    at t (D:\laundry-m
anagement-system\front
end\node_modules\next\
dist\compiled\next-ser
ver\app-page.runtime.p
rod.js:12:99165)
ReferenceError: 
window is not defined
    at 90719 (D:\laund
ry-management-system\f
rontend\.next\server\c
hunks\9377.js:1:11697)
    at t (D:\laundry-m
anagement-system\front
end\.next\server\webpa
ck-runtime.js:1:127)
    at 2312 (D:\laundr
y-management-system\fr
ontend\.next\server\ch
unks\8553.js:1:11651)
    at Object.t [as 
require] (D:\laundry-m
anagement-system\front
end\.next\server\webpa
ck-runtime.js:1:127)
    at require (D:\lau
ndry-management-system
\frontend\node_modules
\next\dist\compiled\ne
xt-server\app-page.run
time.prod.js:17:18811)
    at s (D:\laundry-m
anagement-system\front
end\node_modules\next\
dist\compiled\next-ser
ver\app-page.runtime.p
rod.js:12:88330)
    at D:\laundry-mana
gement-system\frontend
\node_modules\next\dis
t\compiled\next-server
\app-page.runtime.prod
.js:12:98875
    at D:\laundry-mana
gement-system\frontend
\node_modules\next\dis
t\compiled\next-server
\app-page.runtime.prod
.js:12:98962
    at t (D:\laundry-m
anagement-system\front
end\node_modules\next\
dist\compiled\next-ser
ver\app-page.runtime.p
rod.js:12:99165) {
  digest: '2366843348'
}

Error occurred 
prerendering page 
"/admin/referrals". 
Read more: https://nex
tjs.org/docs/messages/
prerender-error

ReferenceError: 
window is not defined
    at 90719 (D:\laund
ry-management-system\f
rontend\.next\server\c
hunks\9377.js:1:11697)
    at t (D:\laundry-m
anagement-system\front
end\.next\server\webpa
ck-runtime.js:1:127)
    at 2312 (D:\laundr
y-management-system\fr
ontend\.next\server\ch
unks\8553.js:1:11651)
    at Object.t [as 
require] (D:\laundry-m
anagement-system\front
end\.next\server\webpa
ck-runtime.js:1:127)
    at require (D:\lau
ndry-management-system
\frontend\node_modules
\next\dist\compiled\ne
xt-server\app-page.run
time.prod.js:17:18811)
    at s (D:\laundry-m
anagement-system\front
end\node_modules\next\
dist\compiled\next-ser
ver\app-page.runtime.p
rod.js:12:88330)
    at D:\laundry-mana
gement-system\frontend
\node_modules\next\dis
t\compiled\next-server
\app-page.runtime.prod
.js:12:98875
    at D:\laundry-mana
gement-system\frontend
\node_modules\next\dis
t\compiled\next-server
\app-page.runtime.prod
.js:12:98962
    at t (D:\laundry-m
anagement-system\front
end\node_modules\next\
dist\compiled\next-ser
ver\app-page.runtime.p
rod.js:12:99165)
ReferenceError: 
window is not defined
    at 90719 (D:\laund
ry-management-system\f
rontend\.next\server\c
hunks\9377.js:1:11697)
    at t (D:\laundry-m
anagement-system\front
end\.next\server\webpa
ck-runtime.js:1:127)
    at 2312 (D:\laundr
y-management-system\fr
ontend\.next\server\ch
unks\8553.js:1:11651)
    at Object.t [as 
require] (D:\laundry-m
anagement-system\front
end\.next\server\webpa
ck-runtime.js:1:127)
    at require (D:\lau
ndry-management-system
\frontend\node_modules
\next\dist\compiled\ne
xt-server\app-page.run
time.prod.js:17:18811)
    at s (D:\laundry-m
anagement-system\front
end\node_modules\next\
dist\compiled\next-ser
ver\app-page.runtime.p
rod.js:12:88330)
    at D:\laundry-mana
gement-system\frontend
\node_modules\next\dis
t\compiled\next-server
\app-page.runtime.prod
.js:12:98875
    at D:\laundry-mana
gement-system\frontend
\node_modules\next\dis
t\compiled\next-server
\app-page.runtime.prod
.js:12:98962
    at t (D:\laundry-m
anagement-system\front
end\node_modules\next\
dist\compiled\next-ser
ver\app-page.runtime.p
rod.js:12:99165) {
  digest: '2366843348'
}

Error occurred 
prerendering page 
"/admin/roles". Read 
more: https://nextjs.o
rg/docs/messages/prere
nder-error

ReferenceError: 
window is not defined
    at 90719 (D:\laund
ry-management-system\f
rontend\.next\server\c
hunks\9377.js:1:11697)
    at t (D:\laundry-m
anagement-system\front
end\.next\server\webpa
ck-runtime.js:1:127)
    at 2312 (D:\laundr
y-management-system\fr
ontend\.next\server\ch
unks\8553.js:1:11651)
    at Object.t [as 
require] (D:\laundry-m
anagement-system\front
end\.next\server\webpa
ck-runtime.js:1:127)
    at require (D:\lau
ndry-management-system
\frontend\node_modules
\next\dist\compiled\ne
xt-server\app-page.run
time.prod.js:17:18811)
    at s (D:\laundry-m
anagement-system\front
end\node_modules\next\
dist\compiled\next-ser
ver\app-page.runtime.p
rod.js:12:88330)
    at D:\laundry-mana
gement-system\frontend
\node_modules\next\dis
t\compiled\next-server
\app-page.runtime.prod
.js:12:98875
    at D:\laundry-mana
gement-system\frontend
\node_modules\next\dis
t\compiled\next-server
\app-page.runtime.prod
.js:12:98962
    at t (D:\laundry-m
anagement-system\front
end\node_modules\next\
dist\compiled\next-ser
ver\app-page.runtime.p
rod.js:12:99165)
ReferenceError: 
window is not defined
    at 90719 (D:\laund
ry-management-system\f
rontend\.next\server\c
hunks\9377.js:1:11697)
    at t (D:\laundry-m
anagement-system\front
end\.next\server\webpa
ck-runtime.js:1:127)
    at 2312 (D:\laundr
y-management-system\fr
ontend\.next\server\ch
unks\8553.js:1:11651)
    at Object.t [as 
require] (D:\laundry-m
anagement-system\front
end\.next\server\webpa
ck-runtime.js:1:127)
    at require (D:\lau
ndry-management-system
\frontend\node_modules
\next\dist\compiled\ne
xt-server\app-page.run
time.prod.js:17:18811)
    at s (D:\laundry-m
anagement-system\front
end\node_modules\next\
dist\compiled\next-ser
ver\app-page.runtime.p
rod.js:12:88330)
    at D:\laundry-mana
gement-system\frontend
\node_modules\next\dis
t\compiled\next-server
\app-page.runtime.prod
.js:12:98875
    at D:\laundry-mana
gement-system\frontend
\node_modules\next\dis
t\compiled\next-server
\app-page.runtime.prod
.js:12:98962
    at t (D:\laundry-m
anagement-system\front
end\node_modules\next\
dist\compiled\next-ser
ver\app-page.runtime.p
rod.js:12:99165) {
  digest: '2366843348'
}

Error occurred 
prerendering page "/ad
min/platform-support/t
ickets". Read more: ht
tps://nextjs.org/docs/
messages/prerender-err
or

ReferenceError: 
window is not defined
    at 90719 (D:\laund
ry-management-system\f
rontend\.next\server\c
hunks\9377.js:1:11697)
    at t (D:\laundry-m
anagement-system\front
end\.next\server\webpa
ck-runtime.js:1:127)
    at 2312 (D:\laundr
y-management-system\fr
ontend\.next\server\ch
unks\8553.js:1:11651)
    at Object.t [as 
require] (D:\laundry-m
anagement-system\front
end\.next\server\webpa
ck-runtime.js:1:127)
    at require (D:\lau
ndry-management-system
\frontend\node_modules
\next\dist\compiled\ne
xt-server\app-page.run
time.prod.js:17:18811)
    at s (D:\laundry-m
anagement-system\front
end\node_modules\next\
dist\compiled\next-ser
ver\app-page.runtime.p
rod.js:12:88330)
    at D:\laundry-mana
gement-system\frontend
\node_modules\next\dis
t\compiled\next-server
\app-page.runtime.prod
.js:12:98875
    at D:\laundry-mana
gement-system\frontend
\node_modules\next\dis
t\compiled\next-server
\app-page.runtime.prod
.js:12:98962
    at t (D:\laundry-m
anagement-system\front
end\node_modules\next\
dist\compiled\next-ser
ver\app-page.runtime.p
rod.js:12:99165)
ReferenceError: 
window is not defined
    at 90719 (D:\laund
ry-management-system\f
rontend\.next\server\c
hunks\9377.js:1:11697)
    at t (D:\laundry-m
anagement-system\front
end\.next\server\webpa
ck-runtime.js:1:127)
    at 2312 (D:\laundr
y-management-system\fr
ontend\.next\server\ch
unks\8553.js:1:11651)
    at Object.t [as 
require] (D:\laundry-m
anagement-system\front
end\.next\server\webpa
ck-runtime.js:1:127)
    at require (D:\lau
ndry-management-system
\frontend\node_modules
\next\dist\compiled\ne
xt-server\app-page.run
time.prod.js:17:18811)
    at s (D:\laundry-m
anagement-system\front
end\node_modules\next\
dist\compiled\next-ser
ver\app-page.runtime.p
rod.js:12:88330)
    at D:\laundry-mana
gement-system\frontend
\node_modules\next\dis
t\compiled\next-server
\app-page.runtime.prod
.js:12:98875
    at D:\laundry-mana
gement-system\frontend
\node_modules\next\dis
t\compiled\next-server
\app-page.runtime.prod
.js:12:98962
    at t (D:\laundry-m
anagement-system\front
end\node_modules\next\
dist\compiled\next-ser
ver\app-page.runtime.p
rod.js:12:99165) {
  digest: '2366843348'
}

Error occurred 
prerendering page 
"/admin/payments". 
Read more: https://nex
tjs.org/docs/messages/
prerender-error

ReferenceError: 
window is not defined
    at 90719 (D:\laund
ry-management-system\f
rontend\.next\server\c
hunks\9377.js:1:11697)
    at t (D:\laundry-m
anagement-system\front
end\.next\server\webpa
ck-runtime.js:1:127)
    at 2312 (D:\laundr
y-management-system\fr
ontend\.next\server\ch
unks\8553.js:1:11651)
    at Object.t [as 
require] (D:\laundry-m
anagement-system\front
end\.next\server\webpa
ck-runtime.js:1:127)
    at require (D:\lau
ndry-management-system
\frontend\node_modules
\next\dist\compiled\ne
xt-server\app-page.run
time.prod.js:17:18811)
    at s (D:\laundry-m
anagement-system\front
end\node_modules\next\
dist\compiled\next-ser
ver\app-page.runtime.p
rod.js:12:88330)
    at D:\laundry-mana
gement-system\frontend
\node_modules\next\dis
t\compiled\next-server
\app-page.runtime.prod
.js:12:98875
    at D:\laundry-mana
gement-system\frontend
\node_modules\next\dis
t\compiled\next-server
\app-page.runtime.prod
.js:12:98962
    at t (D:\laundry-m
anagement-system\front
end\node_modules\next\
dist\compiled\next-ser
ver\app-page.runtime.p
rod.js:12:99165)
ReferenceError: 
window is not defined
    at 90719 (D:\laund
ry-management-system\f
rontend\.next\server\c
hunks\9377.js:1:11697)
    at t (D:\laundry-m
anagement-system\front
end\.next\server\webpa
ck-runtime.js:1:127)
    at 2312 (D:\laundr
y-management-system\fr
ontend\.next\server\ch
unks\8553.js:1:11651)
    at Object.t [as 
require] (D:\laundry-m
anagement-system\front
end\.next\server\webpa
ck-runtime.js:1:127)
    at require (D:\lau
ndry-management-system
\frontend\node_modules
\next\dist\compiled\ne
xt-server\app-page.run
time.prod.js:17:18811)
    at s (D:\laundry-m
anagement-system\front
end\node_modules\next\
dist\compiled\next-ser
ver\app-page.runtime.p
rod.js:12:88330)
    at D:\laundry-mana
gement-system\frontend
\node_modules\next\dis
t\compiled\next-server
\app-page.runtime.prod
.js:12:98875
    at D:\laundry-mana
gement-system\frontend
\node_modules\next\dis
t\compiled\next-server
\app-page.runtime.prod
.js:12:98962
    at t (D:\laundry-m
anagement-system\front
end\node_modules\next\
dist\compiled\next-ser
ver\app-page.runtime.p
rod.js:12:99165) {
  digest: '2366843348'
}

Error occurred 
prerendering page "/ad
min/service-items". 
Read more: https://nex
tjs.org/docs/messages/
prerender-error

ReferenceError: 
window is not defined
    at 90719 (D:\laund
ry-management-system\f
rontend\.next\server\c
hunks\9377.js:1:11697)
    at t (D:\laundry-m
anagement-system\front
end\.next\server\webpa
ck-runtime.js:1:127)
    at 2312 (D:\laundr
y-management-system\fr
ontend\.next\server\ch
unks\8553.js:1:11651)
    at Object.t [as 
require] (D:\laundry-m
anagement-system\front
end\.next\server\webpa
ck-runtime.js:1:127)
    at require (D:\lau
ndry-management-system
\frontend\node_modules
\next\dist\compiled\ne
xt-server\app-page.run
time.prod.js:17:18811)
    at s (D:\laundry-m
anagement-system\front
end\node_modules\next\
dist\compiled\next-ser
ver\app-page.runtime.p
rod.js:12:88330)
    at D:\laundry-mana
gement-system\frontend
\node_modules\next\dis
t\compiled\next-server
\app-page.runtime.prod
.js:12:98875
    at D:\laundry-mana
gement-system\frontend
\node_modules\next\dis
t\compiled\next-server
\app-page.runtime.prod
.js:12:98962
    at t (D:\laundry-m
anagement-system\front
end\node_modules\next\
dist\compiled\next-ser
ver\app-page.runtime.p
rod.js:12:99165)
ReferenceError: 
window is not defined
    at 90719 (D:\laund
ry-management-system\f
rontend\.next\server\c
hunks\9377.js:1:11697)
    at t (D:\laundry-m
anagement-system\front
end\.next\server\webpa
ck-runtime.js:1:127)
    at 2312 (D:\laundr
y-management-system\fr
ontend\.next\server\ch
unks\8553.js:1:11651)
    at Object.t [as 
require] (D:\laundry-m
anagement-system\front
end\.next\server\webpa
ck-runtime.js:1:127)
    at require (D:\lau
ndry-management-system
\frontend\node_modules
\next\dist\compiled\ne
xt-server\app-page.run
time.prod.js:17:18811)
    at s (D:\laundry-m
anagement-system\front
end\node_modules\next\
dist\compiled\next-ser
ver\app-page.runtime.p
rod.js:12:88330)
    at D:\laundry-mana
gement-system\frontend
\node_modules\next\dis
t\compiled\next-server
\app-page.runtime.prod
.js:12:98875
    at D:\laundry-mana
gement-system\frontend
\node_modules\next\dis
t\compiled\next-server
\app-page.runtime.prod
.js:12:98962
    at t (D:\laundry-m
anagement-system\front
end\node_modules\next\
dist\compiled\next-ser
ver\app-page.runtime.p
rod.js:12:99165) {
  digest: '2366843348'
}

Error occurred 
prerendering page 
"/admin/refunds". 
Read more: https://nex
tjs.org/docs/messages/
prerender-error

ReferenceError: 
window is not defined
    at 90719 (D:\laund
ry-management-system\f
rontend\.next\server\c
hunks\9377.js:1:11697)
    at t (D:\laundry-m
anagement-system\front
end\.next\server\webpa
ck-runtime.js:1:127)
    at 2312 (D:\laundr
y-management-system\fr
ontend\.next\server\ch
unks\8553.js:1:11651)
    at Object.t [as 
require] (D:\laundry-m
anagement-system\front
end\.next\server\webpa
ck-runtime.js:1:127)
    at require (D:\lau
ndry-management-system
\frontend\node_modules
\next\dist\compiled\ne
xt-server\app-page.run
time.prod.js:17:18811)
    at s (D:\laundry-m
anagement-system\front
end\node_modules\next\
dist\compiled\next-ser
ver\app-page.runtime.p
rod.js:12:88330)
    at D:\laundry-mana
gement-system\frontend
\node_modules\next\dis
t\compiled\next-server
\app-page.runtime.prod
.js:12:98875
    at D:\laundry-mana
gement-system\frontend
\node_modules\next\dis
t\compiled\next-server
\app-page.runtime.prod
.js:12:98962
    at t (D:\laundry-m
anagement-system\front
end\node_modules\next\
dist\compiled\next-ser
ver\app-page.runtime.p
rod.js:12:99165)
ReferenceError: 
window is not defined
    at 90719 (D:\laund
ry-management-system\f
rontend\.next\server\c
hunks\9377.js:1:11697)
    at t (D:\laundry-m
anagement-system\front
end\.next\server\webpa
ck-runtime.js:1:127)
    at 2312 (D:\laundr
y-management-system\fr
ontend\.next\server\ch
unks\8553.js:1:11651)
    at Object.t [as 
require] (D:\laundry-m
anagement-system\front
end\.next\server\webpa
ck-runtime.js:1:127)
    at require (D:\lau
ndry-management-system
\frontend\node_modules
\next\dist\compiled\ne
xt-server\app-page.run
time.prod.js:17:18811)
    at s (D:\laundry-m
anagement-system\front
end\node_modules\next\
dist\compiled\next-ser
ver\app-page.runtime.p
rod.js:12:88330)
    at D:\laundry-mana
gement-system\frontend
\node_modules\next\dis
t\compiled\next-server
\app-page.runtime.prod
.js:12:98875
    at D:\laundry-mana
gement-system\frontend
\node_modules\next\dis
t\compiled\next-server
\app-page.runtime.prod
.js:12:98962
    at t (D:\laundry-m
anagement-system\front
end\node_modules\next\
dist\compiled\next-ser
ver\app-page.runtime.p
rod.js:12:99165) {
  digest: '2366843348'
}

Error occurred 
prerendering page 
"/admin/settings". 
Read more: https://nex
tjs.org/docs/messages/
prerender-error

ReferenceError: 
window is not defined
    at 90719 (D:\laund
ry-management-system\f
rontend\.next\server\c
hunks\9377.js:1:11697)
    at t (D:\laundry-m
anagement-system\front
end\.next\server\webpa
ck-runtime.js:1:127)
    at 2312 (D:\laundr
y-management-system\fr
ontend\.next\server\ch
unks\8553.js:1:11651)
    at Object.t [as 
require] (D:\laundry-m
anagement-system\front
end\.next\server\webpa
ck-runtime.js:1:127)
    at require (D:\lau
ndry-management-system
\frontend\node_modules
\next\dist\compiled\ne
xt-server\app-page.run
time.prod.js:17:18811)
    at s (D:\laundry-m
anagement-system\front
end\node_modules\next\
dist\compiled\next-ser
ver\app-page.runtime.p
rod.js:12:88330)
    at D:\laundry-mana
gement-system\frontend
\node_modules\next\dis
t\compiled\next-server
\app-page.runtime.prod
.js:12:98875
    at D:\laundry-mana
gement-system\frontend
\node_modules\next\dis
t\compiled\next-server
\app-page.runtime.prod
.js:12:98962
    at t (D:\laundry-m
anagement-system\front
end\node_modules\next\
dist\compiled\next-ser
ver\app-page.runtime.p
rod.js:12:99165)
ReferenceError: 
window is not defined
    at 90719 (D:\laund
ry-management-system\f
rontend\.next\server\c
hunks\9377.js:1:11697)
    at t (D:\laundry-m
anagement-system\front
end\.next\server\webpa
ck-runtime.js:1:127)
    at 2312 (D:\laundr
y-management-system\fr
ontend\.next\server\ch
unks\8553.js:1:11651)
    at Object.t [as 
require] (D:\laundry-m
anagement-system\front
end\.next\server\webpa
ck-runtime.js:1:127)
    at require (D:\lau
ndry-management-system
\frontend\node_modules
\next\dist\compiled\ne
xt-server\app-page.run
time.prod.js:17:18811)
    at s (D:\laundry-m
anagement-system\front
end\node_modules\next\
dist\compiled\next-ser
ver\app-page.runtime.p
rod.js:12:88330)
    at D:\laundry-mana
gement-system\frontend
\node_modules\next\dis
t\compiled\next-server
\app-page.runtime.prod
.js:12:98875
    at D:\laundry-mana
gement-system\frontend
\node_modules\next\dis
t\compiled\next-server
\app-page.runtime.prod
.js:12:98962
    at t (D:\laundry-m
anagement-system\front
end\node_modules\next\
dist\compiled\next-ser
ver\app-page.runtime.p
rod.js:12:99165) {
  digest: '2366843348'
}

Error occurred 
prerendering page 
"/admin/staff". Read 
more: https://nextjs.o
rg/docs/messages/prere
nder-error

ReferenceError: 
window is not defined
    at 90719 (D:\laund
ry-management-system\f
rontend\.next\server\c
hunks\9377.js:1:11697)
    at t (D:\laundry-m
anagement-system\front
end\.next\server\webpa
ck-runtime.js:1:127)
    at 2312 (D:\laundr
y-management-system\fr
ontend\.next\server\ch
unks\8553.js:1:11651)
    at Object.t [as 
require] (D:\laundry-m
anagement-system\front
end\.next\server\webpa
ck-runtime.js:1:127)
    at require (D:\lau
ndry-management-system
\frontend\node_modules
\next\dist\compiled\ne
xt-server\app-page.run
time.prod.js:17:18811)
    at s (D:\laundry-m
anagement-system\front
end\node_modules\next\
dist\compiled\next-ser
ver\app-page.runtime.p
rod.js:12:88330)
    at D:\laundry-mana
gement-system\frontend
\node_modules\next\dis
t\compiled\next-server
\app-page.runtime.prod
.js:12:98875
    at D:\laundry-mana
gement-system\frontend
\node_modules\next\dis
t\compiled\next-server
\app-page.runtime.prod
.js:12:98962
    at t (D:\laundry-m
anagement-system\front
end\node_modules\next\
dist\compiled\next-ser
ver\app-page.runtime.p
rod.js:12:99165)
ReferenceError: 
window is not defined
    at 90719 (D:\laund
ry-management-system\f
rontend\.next\server\c
hunks\9377.js:1:11697)
    at t (D:\laundry-m
anagement-system\front
end\.next\server\webpa
ck-runtime.js:1:127)
    at 2312 (D:\laundr
y-management-system\fr
ontend\.next\server\ch
unks\8553.js:1:11651)
    at Object.t [as 
require] (D:\laundry-m
anagement-system\front
end\.next\server\webpa
ck-runtime.js:1:127)
    at require (D:\lau
ndry-management-system
\frontend\node_modules
\next\dist\compiled\ne
xt-server\app-page.run
time.prod.js:17:18811)
    at s (D:\laundry-m
anagement-system\front
end\node_modules\next\
dist\compiled\next-ser
ver\app-page.runtime.p
rod.js:12:88330)
    at D:\laundry-mana
gement-system\frontend
\node_modules\next\dis
t\compiled\next-server
\app-page.runtime.prod
.js:12:98875
    at D:\laundry-mana
gement-system\frontend
\node_modules\next\dis
t\compiled\next-server
\app-page.runtime.prod
.js:12:98962
    at t (D:\laundry-m
anagement-system\front
end\node_modules\next\
dist\compiled\next-ser
ver\app-page.runtime.p
rod.js:12:99165) {
  digest: '2366843348'
}

Error occurred 
prerendering page 
"/admin/services". 
Read more: https://nex
tjs.org/docs/messages/
prerender-error

ReferenceError: 
window is not defined
    at 90719 (D:\laund
ry-management-system\f
rontend\.next\server\c
hunks\9377.js:1:11697)
    at t (D:\laundry-m
anagement-system\front
end\.next\server\webpa
ck-runtime.js:1:127)
    at 2312 (D:\laundr
y-management-system\fr
ontend\.next\server\ch
unks\8553.js:1:11651)
    at Object.t [as 
require] (D:\laundry-m
anagement-system\front
end\.next\server\webpa
ck-runtime.js:1:127)
    at require (D:\lau
ndry-management-system
\frontend\node_modules
\next\dist\compiled\ne
xt-server\app-page.run
time.prod.js:17:18811)
    at s (D:\laundry-m
anagement-system\front
end\node_modules\next\
dist\compiled\next-ser
ver\app-page.runtime.p
rod.js:12:88330)
    at D:\laundry-mana
gement-system\frontend
\node_modules\next\dis
t\compiled\next-server
\app-page.runtime.prod
.js:12:98875
    at D:\laundry-mana
gement-system\frontend
\node_modules\next\dis
t\compiled\next-server
\app-page.runtime.prod
.js:12:98962
    at t (D:\laundry-m
anagement-system\front
end\node_modules\next\
dist\compiled\next-ser
ver\app-page.runtime.p
rod.js:12:99165)
ReferenceError: 
window is not defined
    at 90719 (D:\laund
ry-management-system\f
rontend\.next\server\c
hunks\9377.js:1:11697)
    at t (D:\laundry-m
anagement-system\front
end\.next\server\webpa
ck-runtime.js:1:127)
    at 2312 (D:\laundr
y-management-system\fr
ontend\.next\server\ch
unks\8553.js:1:11651)
    at Object.t [as 
require] (D:\laundry-m
anagement-system\front
end\.next\server\webpa
ck-runtime.js:1:127)
    at require (D:\lau
ndry-management-system
\frontend\node_modules
\next\dist\compiled\ne
xt-server\app-page.run
time.prod.js:17:18811)
    at s (D:\laundry-m
anagement-system\front
end\node_modules\next\
dist\compiled\next-ser
ver\app-page.runtime.p
rod.js:12:88330)
    at D:\laundry-mana
gement-system\frontend
\node_modules\next\dis
t\compiled\next-server
\app-page.runtime.prod
.js:12:98875
    at D:\laundry-mana
gement-system\frontend
\node_modules\next\dis
t\compiled\next-server
\app-page.runtime.prod
.js:12:98962
    at t (D:\laundry-m
anagement-system\front
end\node_modules\next\
dist\compiled\next-ser
ver\app-page.runtime.p
rod.js:12:99165) {
  digest: '2366843348'
}

Error occurred 
prerendering page 
"/admin/reviews". 
Read more: https://nex
tjs.org/docs/messages/
prerender-error

ReferenceError: 
window is not defined
    at 90719 (D:\laund
ry-management-system\f
rontend\.next\server\c
hunks\9377.js:1:11697)
    at t (D:\laundry-m
anagement-system\front
end\.next\server\webpa
ck-runtime.js:1:127)
    at 2312 (D:\laundr
y-management-system\fr
ontend\.next\server\ch
unks\8553.js:1:11651)
    at Object.t [as 
require] (D:\laundry-m
anagement-system\front
end\.next\server\webpa
ck-runtime.js:1:127)
    at require (D:\lau
ndry-management-system
\frontend\node_modules
\next\dist\compiled\ne
xt-server\app-page.run
time.prod.js:17:18811)
    at s (D:\laundry-m
anagement-system\front
end\node_modules\next\
dist\compiled\next-ser
ver\app-page.runtime.p
rod.js:12:88330)
    at D:\laundry-mana
gement-system\frontend
\node_modules\next\dis
t\compiled\next-server
\app-page.runtime.prod
.js:12:98875
    at D:\laundry-mana
gement-system\frontend
\node_modules\next\dis
t\compiled\next-server
\app-page.runtime.prod
.js:12:98962
    at t (D:\laundry-m
anagement-system\front
end\node_modules\next\
dist\compiled\next-ser
ver\app-page.runtime.p
rod.js:12:99165)
ReferenceError: 
window is not defined
    at 90719 (D:\laund
ry-management-system\f
rontend\.next\server\c
hunks\9377.js:1:11697)
    at t (D:\laundry-m
anagement-system\front
end\.next\server\webpa
ck-runtime.js:1:127)
    at 2312 (D:\laundr
y-management-system\fr
ontend\.next\server\ch
unks\8553.js:1:11651)
    at Object.t [as 
require] (D:\laundry-m
anagement-system\front
end\.next\server\webpa
ck-runtime.js:1:127)
    at require (D:\lau
ndry-management-system
\frontend\node_modules
\next\dist\compiled\ne
xt-server\app-page.run
time.prod.js:17:18811)
    at s (D:\laundry-m
anagement-system\front
end\node_modules\next\
dist\compiled\next-ser
ver\app-page.runtime.p
rod.js:12:88330)
    at D:\laundry-mana
gement-system\frontend
\node_modules\next\dis
t\compiled\next-server
\app-page.runtime.prod
.js:12:98875
    at D:\laundry-mana
gement-system\frontend
\node_modules\next\dis
t\compiled\next-server
\app-page.runtime.prod
.js:12:98962
    at t (D:\laundry-m
anagement-system\front
end\node_modules\next\
dist\compiled\next-ser
ver\app-page.runtime.p
rod.js:12:99165) {
  digest: '2366843348'
}

Error occurred 
prerendering page 
"/admin/scanner". 
Read more: https://nex
tjs.org/docs/messages/
prerender-error

ReferenceError: 
window is not defined
    at 90719 (D:\laund
ry-management-system\f
rontend\.next\server\c
hunks\9377.js:1:11697)
    at t (D:\laundry-m
anagement-system\front
end\.next\server\webpa
ck-runtime.js:1:127)
    at 2312 (D:\laundr
y-management-system\fr
ontend\.next\server\ch
unks\8553.js:1:11651)
    at Object.t [as 
require] (D:\laundry-m
anagement-system\front
end\.next\server\webpa
ck-runtime.js:1:127)
    at require (D:\lau
ndry-management-system
\frontend\node_modules
\next\dist\compiled\ne
xt-server\app-page.run
time.prod.js:17:18811)
    at s (D:\laundry-m
anagement-system\front
end\node_modules\next\
dist\compiled\next-ser
ver\app-page.runtime.p
rod.js:12:88330)
    at D:\laundry-mana
gement-system\frontend
\node_modules\next\dis
t\compiled\next-server
\app-page.runtime.prod
.js:12:98875
    at D:\laundry-mana
gement-system\frontend
\node_modules\next\dis
t\compiled\next-server
\app-page.runtime.prod
.js:12:98962
    at t (D:\laundry-m
anagement-system\front
end\node_modules\next\
dist\compiled\next-ser
ver\app-page.runtime.p
rod.js:12:99165)
ReferenceError: 
window is not defined
    at 90719 (D:\laund
ry-management-system\f
rontend\.next\server\c
hunks\9377.js:1:11697)
    at t (D:\laundry-m
anagement-system\front
end\.next\server\webpa
ck-runtime.js:1:127)
    at 2312 (D:\laundr
y-management-system\fr
ontend\.next\server\ch
unks\8553.js:1:11651)
    at Object.t [as 
require] (D:\laundry-m
anagement-system\front
end\.next\server\webpa
ck-runtime.js:1:127)
    at require (D:\lau
ndry-management-system
\frontend\node_modules
\next\dist\compiled\ne
xt-server\app-page.run
time.prod.js:17:18811)
    at s (D:\laundry-m
anagement-system\front
end\node_modules\next\
dist\compiled\next-ser
ver\app-page.runtime.p
rod.js:12:88330)
    at D:\laundry-mana
gement-system\frontend
\node_modules\next\dis
t\compiled\next-server
\app-page.runtime.prod
.js:12:98875
    at D:\laundry-mana
gement-system\frontend
\node_modules\next\dis
t\compiled\next-server
\app-page.runtime.prod
.js:12:98962
    at t (D:\laundry-m
anagement-system\front
end\node_modules\next\
dist\compiled\next-ser
ver\app-page.runtime.p
rod.js:12:99165) {
  digest: '2366843348'
}

Error occurred 
prerendering page 
"/admin/support". 
Read more: https://nex
tjs.org/docs/messages/
prerender-error

ReferenceError: 
window is not defined
    at 90719 (D:\laund
ry-management-system\f
rontend\.next\server\c
hunks\9377.js:1:11697)
    at t (D:\laundry-m
anagement-system\front
end\.next\server\webpa
ck-runtime.js:1:127)
    at 2312 (D:\laundr
y-management-system\fr
ontend\.next\server\ch
unks\8553.js:1:11651)
    at Object.t [as 
require] (D:\laundry-m
anagement-system\front
end\.next\server\webpa
ck-runtime.js:1:127)
    at require (D:\lau
ndry-management-system
\frontend\node_modules
\next\dist\compiled\ne
xt-server\app-page.run
time.prod.js:17:18811)
    at s (D:\laundry-m
anagement-system\front
end\node_modules\next\
dist\compiled\next-ser
ver\app-page.runtime.p
rod.js:12:88330)
    at D:\laundry-mana
gement-system\frontend
\node_modules\next\dis
t\compiled\next-server
\app-page.runtime.prod
.js:12:98875
    at D:\laundry-mana
gement-system\frontend
\node_modules\next\dis
t\compiled\next-server
\app-page.runtime.prod
.js:12:98962
    at t (D:\laundry-m
anagement-system\front
end\node_modules\next\
dist\compiled\next-ser
ver\app-page.runtime.p
rod.js:12:99165)
ReferenceError: 
window is not defined
    at 90719 (D:\laund
ry-management-system\f
rontend\.next\server\c
hunks\9377.js:1:11697)
    at t (D:\laundry-m
anagement-system\front
end\.next\server\webpa
ck-runtime.js:1:127)
    at 2312 (D:\laundr
y-management-system\fr
ontend\.next\server\ch
unks\8553.js:1:11651)
    at Object.t [as 
require] (D:\laundry-m
anagement-system\front
end\.next\server\webpa
ck-runtime.js:1:127)
    at require (D:\lau
ndry-management-system
\frontend\node_modules
\next\dist\compiled\ne
xt-server\app-page.run
time.prod.js:17:18811)
    at s (D:\laundry-m
anagement-system\front
end\node_modules\next\
dist\compiled\next-ser
ver\app-page.runtime.p
rod.js:12:88330)
    at D:\laundry-mana
gement-system\frontend
\node_modules\next\dis
t\compiled\next-server
\app-page.runtime.prod
.js:12:98875
    at D:\laundry-mana
gement-system\frontend
\node_modules\next\dis
t\compiled\next-server
\app-page.runtime.prod
.js:12:98962
    at t (D:\laundry-m
anagement-system\front
end\node_modules\next\
dist\compiled\next-ser
ver\app-page.runtime.p
rod.js:12:99165) {
  digest: '2366843348'
}

Error occurred 
prerendering page "/ad
min/support-management
". Read more: https://
nextjs.org/docs/messag
es/prerender-error

ReferenceError: 
window is not defined
    at 90719 (D:\laund
ry-management-system\f
rontend\.next\server\c
hunks\9377.js:1:11697)
    at t (D:\laundry-m
anagement-system\front
end\.next\server\webpa
ck-runtime.js:1:127)
    at 2312 (D:\laundr
y-management-system\fr
ontend\.next\server\ch
unks\8553.js:1:11651)
    at Object.t [as 
require] (D:\laundry-m
anagement-system\front
end\.next\server\webpa
ck-runtime.js:1:127)
    at require (D:\lau
ndry-management-system
\frontend\node_modules
\next\dist\compiled\ne
xt-server\app-page.run
time.prod.js:17:18811)
    at s (D:\laundry-m
anagement-system\front
end\node_modules\next\
dist\compiled\next-ser
ver\app-page.runtime.p
rod.js:12:88330)
    at D:\laundry-mana
gement-system\frontend
\node_modules\next\dis
t\compiled\next-server
\app-page.runtime.prod
.js:12:98875
    at D:\laundry-mana
gement-system\frontend
\node_modules\next\dis
t\compiled\next-server
\app-page.runtime.prod
.js:12:98962
    at t (D:\laundry-m
anagement-system\front
end\node_modules\next\
dist\compiled\next-ser
ver\app-page.runtime.p
rod.js:12:99165)
ReferenceError: 
window is not defined
    at 90719 (D:\laund
ry-management-system\f
rontend\.next\server\c
hunks\9377.js:1:11697)
    at t (D:\laundry-m
anagement-system\front
end\.next\server\webpa
ck-runtime.js:1:127)
    at 60324 (D:\laund
ry-management-system\f
rontend\.next\server\c
hunks\9377.js:1:3664)
    at Object.t [as 
require] (D:\laundry-m
anagement-system\front
end\.next\server\webpa
ck-runtime.js:1:127)
    at require (D:\lau
ndry-management-system
\frontend\node_modules
\next\dist\compiled\ne
xt-server\app-page.run
time.prod.js:17:18811)
    at A (D:\laundry-m
anagement-system\front
end\node_modules\next\
dist\compiled\next-ser
ver\app-page.runtime.p
rod.js:12:94398)
    at R (D:\laundry-m
anagement-system\front
end\node_modules\next\
dist\compiled\next-ser
ver\app-page.runtime.p
rod.js:12:92949)
    at rR (D:\laundry-
management-system\fron
tend\node_modules\next
\dist\compiled\next-se
rver\app-page.runtime.
prod.js:12:33975)
    at nL (D:\laundry-
management-system\fron
tend\node_modules\next
\dist\compiled\next-se
rver\app-page.runtime.
prod.js:12:62305)
    at nB (D:\laundry-
management-system\fron
tend\node_modules\next
\dist\compiled\next-se
rver\app-page.runtime.
prod.js:12:67539) {
  digest: '2229572071'
}

Error occurred 
prerendering page "/au
th/accept-invite". 
Read more: https://nex
tjs.org/docs/messages/
prerender-error

ReferenceError: 
window is not defined
    at 90719 (D:\laund
ry-management-system\f
rontend\.next\server\c
hunks\9377.js:1:11697)
    at t (D:\laundry-m
anagement-system\front
end\.next\server\webpa
ck-runtime.js:1:127)
    at 60324 (D:\laund
ry-management-system\f
rontend\.next\server\c
hunks\9377.js:1:3664)
    at Object.t [as 
require] (D:\laundry-m
anagement-system\front
end\.next\server\webpa
ck-runtime.js:1:127)
    at require (D:\lau
ndry-management-system
\frontend\node_modules
\next\dist\compiled\ne
xt-server\app-page.run
time.prod.js:17:18811)
    at A (D:\laundry-m
anagement-system\front
end\node_modules\next\
dist\compiled\next-ser
ver\app-page.runtime.p
rod.js:12:94398)
    at R (D:\laundry-m
anagement-system\front
end\node_modules\next\
dist\compiled\next-ser
ver\app-page.runtime.p
rod.js:12:92949)
    at rR (D:\laundry-
management-system\fron
tend\node_modules\next
\dist\compiled\next-se
rver\app-page.runtime.
prod.js:12:33975)
    at nL (D:\laundry-
management-system\fron
tend\node_modules\next
\dist\compiled\next-se
rver\app-page.runtime.
prod.js:12:62305)
    at nB (D:\laundry-
management-system\fron
tend\node_modules\next
\dist\compiled\next-se
rver\app-page.runtime.
prod.js:12:67539)
ReferenceError: 
window is not defined
    at 90719 (D:\laund
ry-management-system\f
rontend\.next\server\c
hunks\9377.js:1:11697)
    at t (D:\laundry-m
anagement-system\front
end\.next\server\webpa
ck-runtime.js:1:127)
    at 2312 (D:\laundr
y-management-system\fr
ontend\.next\server\ch
unks\8553.js:1:11651)
    at Object.t [as 
require] (D:\laundry-m
anagement-system\front
end\.next\server\webpa
ck-runtime.js:1:127)
    at require (D:\lau
ndry-management-system
\frontend\node_modules
\next\dist\compiled\ne
xt-server\app-page.run
time.prod.js:17:18811)
    at s (D:\laundry-m
anagement-system\front
end\node_modules\next\
dist\compiled\next-ser
ver\app-page.runtime.p
rod.js:12:88330)
    at D:\laundry-mana
gement-system\frontend
\node_modules\next\dis
t\compiled\next-server
\app-page.runtime.prod
.js:12:98875
    at D:\laundry-mana
gement-system\frontend
\node_modules\next\dis
t\compiled\next-server
\app-page.runtime.prod
.js:12:98962
    at t (D:\laundry-m
anagement-system\front
end\node_modules\next\
dist\compiled\next-ser
ver\app-page.runtime.p
rod.js:12:99165) {
  digest: '2366843348'
}

Error occurred 
prerendering page 
"/admin/tickets". 
Read more: https://nex
tjs.org/docs/messages/
prerender-error

ReferenceError: 
window is not defined
    at 90719 (D:\laund
ry-management-system\f
rontend\.next\server\c
hunks\9377.js:1:11697)
    at t (D:\laundry-m
anagement-system\front
end\.next\server\webpa
ck-runtime.js:1:127)
    at 2312 (D:\laundr
y-management-system\fr
ontend\.next\server\ch
unks\8553.js:1:11651)
    at Object.t [as 
require] (D:\laundry-m
anagement-system\front
end\.next\server\webpa
ck-runtime.js:1:127)
    at require (D:\lau
ndry-management-system
\frontend\node_modules
\next\dist\compiled\ne
xt-server\app-page.run
time.prod.js:17:18811)
    at s (D:\laundry-m
anagement-system\front
end\node_modules\next\
dist\compiled\next-ser
ver\app-page.runtime.p
rod.js:12:88330)
    at D:\laundry-mana
gement-system\frontend
\node_modules\next\dis
t\compiled\next-server
\app-page.runtime.prod
.js:12:98875
    at D:\laundry-mana
gement-system\frontend
\node_modules\next\dis
t\compiled\next-server
\app-page.runtime.prod
.js:12:98962
    at t (D:\laundry-m
anagement-system\front
end\node_modules\next\
dist\compiled\next-ser
ver\app-page.runtime.p
rod.js:12:99165)
ReferenceError: 
window is not defined
    at 90719 (D:\laund
ry-management-system\f
rontend\.next\server\c
hunks\9377.js:1:11697)
    at t (D:\laundry-m
anagement-system\front
end\.next\server\webpa
ck-runtime.js:1:127)
    at 2312 (D:\laundr
y-management-system\fr
ontend\.next\server\ch
unks\8553.js:1:11651)
    at Object.t [as 
require] (D:\laundry-m
anagement-system\front
end\.next\server\webpa
ck-runtime.js:1:127)
    at require (D:\lau
ndry-management-system
\frontend\node_modules
\next\dist\compiled\ne
xt-server\app-page.run
time.prod.js:17:18811)
    at s (D:\laundry-m
anagement-system\front
end\node_modules\next\
dist\compiled\next-ser
ver\app-page.runtime.p
rod.js:12:88330)
    at D:\laundry-mana
gement-system\frontend
\node_modules\next\dis
t\compiled\next-server
\app-page.runtime.prod
.js:12:98875
    at D:\laundry-mana
gement-system\frontend
\node_modules\next\dis
t\compiled\next-server
\app-page.runtime.prod
.js:12:98962
    at t (D:\laundry-m
anagement-system\front
end\node_modules\next\
dist\compiled\next-ser
ver\app-page.runtime.p
rod.js:12:99165) {
  digest: '2366843348'
}

Error occurred 
prerendering page 
"/admin/tenancies". 
Read more: https://nex
tjs.org/docs/messages/
prerender-error

ReferenceError: 
window is not defined
    at 90719 (D:\laund
ry-management-system\f
rontend\.next\server\c
hunks\9377.js:1:11697)
    at t (D:\laundry-m
anagement-system\front
end\.next\server\webpa
ck-runtime.js:1:127)
    at 2312 (D:\laundr
y-management-system\fr
ontend\.next\server\ch
unks\8553.js:1:11651)
    at Object.t [as 
require] (D:\laundry-m
anagement-system\front
end\.next\server\webpa
ck-runtime.js:1:127)
    at require (D:\lau
ndry-management-system
\frontend\node_modules
\next\dist\compiled\ne
xt-server\app-page.run
time.prod.js:17:18811)
    at s (D:\laundry-m
anagement-system\front
end\node_modules\next\
dist\compiled\next-ser
ver\app-page.runtime.p
rod.js:12:88330)
    at D:\laundry-mana
gement-system\frontend
\node_modules\next\dis
t\compiled\next-server
\app-page.runtime.prod
.js:12:98875
    at D:\laundry-mana
gement-system\frontend
\node_modules\next\dis
t\compiled\next-server
\app-page.runtime.prod
.js:12:98962
    at t (D:\laundry-m
anagement-system\front
end\node_modules\next\
dist\compiled\next-ser
ver\app-page.runtime.p
rod.js:12:99165)
ReferenceError: 
window is not defined
    at 90719 (D:\laund
ry-management-system\f
rontend\.next\server\c
hunks\9377.js:1:11697)
    at t (D:\laundry-m
anagement-system\front
end\.next\server\webpa
ck-runtime.js:1:127)
    at 2312 (D:\laundr
y-management-system\fr
ontend\.next\server\ch
unks\8553.js:1:11651)
    at Object.t [as 
require] (D:\laundry-m
anagement-system\front
end\.next\server\webpa
ck-runtime.js:1:127)
    at require (D:\lau
ndry-management-system
\frontend\node_modules
\next\dist\compiled\ne
xt-server\app-page.run
time.prod.js:17:18811)
    at s (D:\laundry-m
anagement-system\front
end\node_modules\next\
dist\compiled\next-ser
ver\app-page.runtime.p
rod.js:12:88330)
    at D:\laundry-mana
gement-system\frontend
\node_modules\next\dis
t\compiled\next-server
\app-page.runtime.prod
.js:12:98875
    at D:\laundry-mana
gement-system\frontend
\node_modules\next\dis
t\compiled\next-server
\app-page.runtime.prod
.js:12:98962
    at t (D:\laundry-m
anagement-system\front
end\node_modules\next\
dist\compiled\next-ser
ver\app-page.runtime.p
rod.js:12:99165) {
  digest: '2366843348'
}

Error occurred 
prerendering page "/ad
min/support/users". 
Read more: https://nex
tjs.org/docs/messages/
prerender-error

ReferenceError: 
window is not defined
    at 90719 (D:\laund
ry-management-system\f
rontend\.next\server\c
hunks\9377.js:1:11697)
    at t (D:\laundry-m
anagement-system\front
end\.next\server\webpa
ck-runtime.js:1:127)
    at 2312 (D:\laundr
y-management-system\fr
ontend\.next\server\ch
unks\8553.js:1:11651)
    at Object.t [as 
require] (D:\laundry-m
anagement-system\front
end\.next\server\webpa
ck-runtime.js:1:127)
    at require (D:\lau
ndry-management-system
\frontend\node_modules
\next\dist\compiled\ne
xt-server\app-page.run
time.prod.js:17:18811)
    at s (D:\laundry-m
anagement-system\front
end\node_modules\next\
dist\compiled\next-ser
ver\app-page.runtime.p
rod.js:12:88330)
    at D:\laundry-mana
gement-system\frontend
\node_modules\next\dis
t\compiled\next-server
\app-page.runtime.prod
.js:12:98875
    at D:\laundry-mana
gement-system\frontend
\node_modules\next\dis
t\compiled\next-server
\app-page.runtime.prod
.js:12:98962
    at t (D:\laundry-m
anagement-system\front
end\node_modules\next\
dist\compiled\next-ser
ver\app-page.runtime.p
rod.js:12:99165)
ReferenceError: 
window is not defined
    at 90719 (D:\laund
ry-management-system\f
rontend\.next\server\c
hunks\9377.js:1:11697)
    at t (D:\laundry-m
anagement-system\front
end\.next\server\webpa
ck-runtime.js:1:127)
    at 60324 (D:\laund
ry-management-system\f
rontend\.next\server\c
hunks\9377.js:1:3664)
    at Object.t [as 
require] (D:\laundry-m
anagement-system\front
end\.next\server\webpa
ck-runtime.js:1:127)
    at require (D:\lau
ndry-management-system
\frontend\node_modules
\next\dist\compiled\ne
xt-server\app-page.run
time.prod.js:17:18811)
    at A (D:\laundry-m
anagement-system\front
end\node_modules\next\
dist\compiled\next-ser
ver\app-page.runtime.p
rod.js:12:94398)
    at R (D:\laundry-m
anagement-system\front
end\node_modules\next\
dist\compiled\next-ser
ver\app-page.runtime.p
rod.js:12:92949)
    at rR (D:\laundry-
management-system\fron
tend\node_modules\next
\dist\compiled\next-se
rver\app-page.runtime.
prod.js:12:33975)
    at nL (D:\laundry-
management-system\fron
tend\node_modules\next
\dist\compiled\next-se
rver\app-page.runtime.
prod.js:12:62305)
    at nB (D:\laundry-
management-system\fron
tend\node_modules\next
\dist\compiled\next-se
rver\app-page.runtime.
prod.js:12:67539) {
  digest: '2229572071'
}

Error occurred 
prerendering page 
"/auth/verify-email". 
Read more: https://nex
tjs.org/docs/messages/
prerender-error

ReferenceError: 
window is not defined
    at 90719 (D:\laund
ry-management-system\f
rontend\.next\server\c
hunks\9377.js:1:11697)
    at t (D:\laundry-m
anagement-system\front
end\.next\server\webpa
ck-runtime.js:1:127)
    at 60324 (D:\laund
ry-management-system\f
rontend\.next\server\c
hunks\9377.js:1:3664)
    at Object.t [as 
require] (D:\laundry-m
anagement-system\front
end\.next\server\webpa
ck-runtime.js:1:127)
    at require (D:\lau
ndry-management-system
\frontend\node_modules
\next\dist\compiled\ne
xt-server\app-page.run
time.prod.js:17:18811)
    at A (D:\laundry-m
anagement-system\front
end\node_modules\next\
dist\compiled\next-ser
ver\app-page.runtime.p
rod.js:12:94398)
    at R (D:\laundry-m
anagement-system\front
end\node_modules\next\
dist\compiled\next-ser
ver\app-page.runtime.p
rod.js:12:92949)
    at rR (D:\laundry-
management-system\fron
tend\node_modules\next
\dist\compiled\next-se
rver\app-page.runtime.
prod.js:12:33975)
    at nL (D:\laundry-
management-system\fron
tend\node_modules\next
\dist\compiled\next-se
rver\app-page.runtime.
prod.js:12:62305)
    at nB (D:\laundry-
management-system\fron
tend\node_modules\next
\dist\compiled\next-se
rver\app-page.runtime.
prod.js:12:67539)
ReferenceError: 
window is not defined
    at 90719 (D:\laund
ry-management-system\f
rontend\.next\server\c
hunks\9377.js:1:11697)
    at t (D:\laundry-m
anagement-system\front
end\.next\server\webpa
ck-runtime.js:1:127)
    at 60324 (D:\laund
ry-management-system\f
rontend\.next\server\c
hunks\9377.js:1:3664)
    at Object.t [as 
require] (D:\laundry-m
anagement-system\front
end\.next\server\webpa
ck-runtime.js:1:127)
    at require (D:\lau
ndry-management-system
\frontend\node_modules
\next\dist\compiled\ne
xt-server\app-page.run
time.prod.js:17:18811)
    at A (D:\laundry-m
anagement-system\front
end\node_modules\next\
dist\compiled\next-ser
ver\app-page.runtime.p
rod.js:12:94398)
    at R (D:\laundry-m
anagement-system\front
end\node_modules\next\
dist\compiled\next-ser
ver\app-page.runtime.p
rod.js:12:92949)
    at rR (D:\laundry-
management-system\fron
tend\node_modules\next
\dist\compiled\next-se
rver\app-page.runtime.
prod.js:12:33975)
    at nL (D:\laundry-
management-system\fron
tend\node_modules\next
\dist\compiled\next-se
rver\app-page.runtime.
prod.js:12:62305)
    at nB (D:\laundry-
management-system\fron
tend\node_modules\next
\dist\compiled\next-se
rver\app-page.runtime.
prod.js:12:67539) {
  digest: '2229572071'
}

Error occurred 
prerendering page "/au
th/accept-invitation".
 Read more: https://ne
xtjs.org/docs/messages
/prerender-error

ReferenceError: 
window is not defined
    at 90719 (D:\laund
ry-management-system\f
rontend\.next\server\c
hunks\9377.js:1:11697)
    at t (D:\laundry-m
anagement-system\front
end\.next\server\webpa
ck-runtime.js:1:127)
    at 60324 (D:\laund
ry-management-system\f
rontend\.next\server\c
hunks\9377.js:1:3664)
    at Object.t [as 
require] (D:\laundry-m
anagement-system\front
end\.next\server\webpa
ck-runtime.js:1:127)
    at require (D:\lau
ndry-management-system
\frontend\node_modules
\next\dist\compiled\ne
xt-server\app-page.run
time.prod.js:17:18811)
    at A (D:\laundry-m
anagement-system\front
end\node_modules\next\
dist\compiled\next-ser
ver\app-page.runtime.p
rod.js:12:94398)
    at R (D:\laundry-m
anagement-system\front
end\node_modules\next\
dist\compiled\next-ser
ver\app-page.runtime.p
rod.js:12:92949)
    at rR (D:\laundry-
management-system\fron
tend\node_modules\next
\dist\compiled\next-se
rver\app-page.runtime.
prod.js:12:33975)
    at nL (D:\laundry-
management-system\fron
tend\node_modules\next
\dist\compiled\next-se
rver\app-page.runtime.
prod.js:12:62305)
    at nB (D:\laundry-
management-system\fron
tend\node_modules\next
\dist\compiled\next-se
rver\app-page.runtime.
prod.js:12:67539)
ReferenceError: 
window is not defined
    at 90719 (D:\laund
ry-management-system\f
rontend\.next\server\c
hunks\9377.js:1:11697)
    at t (D:\laundry-m
anagement-system\front
end\.next\server\webpa
ck-runtime.js:1:127)
    at 60324 (D:\laund
ry-management-system\f
rontend\.next\server\c
hunks\9377.js:1:3664)
    at Object.t [as 
require] (D:\laundry-m
anagement-system\front
end\.next\server\webpa
ck-runtime.js:1:127)
    at require (D:\lau
ndry-management-system
\frontend\node_modules
\next\dist\compiled\ne
xt-server\app-page.run
time.prod.js:17:18811)
    at A (D:\laundry-m
anagement-system\front
end\node_modules\next\
dist\compiled\next-ser
ver\app-page.runtime.p
rod.js:12:94398)
    at R (D:\laundry-m
anagement-system\front
end\node_modules\next\
dist\compiled\next-ser
ver\app-page.runtime.p
rod.js:12:92949)
    at rR (D:\laundry-
management-system\fron
tend\node_modules\next
\dist\compiled\next-se
rver\app-page.runtime.
prod.js:12:33975)
    at nL (D:\laundry-
management-system\fron
tend\node_modules\next
\dist\compiled\next-se
rver\app-page.runtime.
prod.js:12:62305)
    at nB (D:\laundry-
management-system\fron
tend\node_modules\next
\dist\compiled\next-se
rver\app-page.runtime.
prod.js:12:67539) {
  digest: '2229572071'
}

Error occurred 
prerendering page "/au
th/center-admin-login"
. Read more: https://n
extjs.org/docs/message
s/prerender-error

ReferenceError: 
window is not defined
    at 90719 (D:\laund
ry-management-system\f
rontend\.next\server\c
hunks\9377.js:1:11697)
    at t (D:\laundry-m
anagement-system\front
end\.next\server\webpa
ck-runtime.js:1:127)
    at 60324 (D:\laund
ry-management-system\f
rontend\.next\server\c
hunks\9377.js:1:3664)
    at Object.t [as 
require] (D:\laundry-m
anagement-system\front
end\.next\server\webpa
ck-runtime.js:1:127)
    at require (D:\lau
ndry-management-system
\frontend\node_modules
\next\dist\compiled\ne
xt-server\app-page.run
time.prod.js:17:18811)
    at A (D:\laundry-m
anagement-system\front
end\node_modules\next\
dist\compiled\next-ser
ver\app-page.runtime.p
rod.js:12:94398)
    at R (D:\laundry-m
anagement-system\front
end\node_modules\next\
dist\compiled\next-ser
ver\app-page.runtime.p
rod.js:12:92949)
    at rR (D:\laundry-
management-system\fron
tend\node_modules\next
\dist\compiled\next-se
rver\app-page.runtime.
prod.js:12:33975)
    at nL (D:\laundry-
management-system\fron
tend\node_modules\next
\dist\compiled\next-se
rver\app-page.runtime.
prod.js:12:62305)
    at nB (D:\laundry-
management-system\fron
tend\node_modules\next
\dist\compiled\next-se
rver\app-page.runtime.
prod.js:12:67539)
ReferenceError: 
window is not defined
    at 90719 (D:\laund
ry-management-system\f
rontend\.next\server\c
hunks\9377.js:1:11697)
    at t (D:\laundry-m
anagement-system\front
end\.next\server\webpa
ck-runtime.js:1:127)
    at 60324 (D:\laund
ry-management-system\f
rontend\.next\server\c
hunks\9377.js:1:3664)
    at Object.t [as 
require] (D:\laundry-m
anagement-system\front
end\.next\server\webpa
ck-runtime.js:1:127)
    at require (D:\lau
ndry-management-system
\frontend\node_modules
\next\dist\compiled\ne
xt-server\app-page.run
time.prod.js:17:18811)
    at A (D:\laundry-m
anagement-system\front
end\node_modules\next\
dist\compiled\next-ser
ver\app-page.runtime.p
rod.js:12:94398)
    at R (D:\laundry-m
anagement-system\front
end\node_modules\next\
dist\compiled\next-ser
ver\app-page.runtime.p
rod.js:12:92949)
    at rR (D:\laundry-
management-system\fron
tend\node_modules\next
\dist\compiled\next-se
rver\app-page.runtime.
prod.js:12:33975)
    at nL (D:\laundry-
management-system\fron
tend\node_modules\next
\dist\compiled\next-se
rver\app-page.runtime.
prod.js:12:62305)
    at nB (D:\laundry-
management-system\fron
tend\node_modules\next
\dist\compiled\next-se
rver\app-page.runtime.
prod.js:12:67539) {
  digest: '2229572071'
}

Error occurred 
prerendering page 
"/auth/register". 
Read more: https://nex
tjs.org/docs/messages/
prerender-error

ReferenceError: 
window is not defined
    at 90719 (D:\laund
ry-management-system\f
rontend\.next\server\c
hunks\9377.js:1:11697)
    at t (D:\laundry-m
anagement-system\front
end\.next\server\webpa
ck-runtime.js:1:127)
    at 60324 (D:\laund
ry-management-system\f
rontend\.next\server\c
hunks\9377.js:1:3664)
    at Object.t [as 
require] (D:\laundry-m
anagement-system\front
end\.next\server\webpa
ck-runtime.js:1:127)
    at require (D:\lau
ndry-management-system
\frontend\node_modules
\next\dist\compiled\ne
xt-server\app-page.run
time.prod.js:17:18811)
    at A (D:\laundry-m
anagement-system\front
end\node_modules\next\
dist\compiled\next-ser
ver\app-page.runtime.p
rod.js:12:94398)
    at R (D:\laundry-m
anagement-system\front
end\node_modules\next\
dist\compiled\next-ser
ver\app-page.runtime.p
rod.js:12:92949)
    at rR (D:\laundry-
management-system\fron
tend\node_modules\next
\dist\compiled\next-se
rver\app-page.runtime.
prod.js:12:33975)
    at nL (D:\laundry-
management-system\fron
tend\node_modules\next
\dist\compiled\next-se
rver\app-page.runtime.
prod.js:12:62305)
    at nB (D:\laundry-
management-system\fron
tend\node_modules\next
\dist\compiled\next-se
rver\app-page.runtime.
prod.js:12:67539)
ReferenceError: 
window is not defined
    at 90719 (D:\laund
ry-management-system\f
rontend\.next\server\c
hunks\9377.js:1:11697)
    at t (D:\laundry-m
anagement-system\front
end\.next\server\webpa
ck-runtime.js:1:127)
    at 60324 (D:\laund
ry-management-system\f
rontend\.next\server\c
hunks\9377.js:1:3664)
    at Object.t [as 
require] (D:\laundry-m
anagement-system\front
end\.next\server\webpa
ck-runtime.js:1:127)
    at require (D:\lau
ndry-management-system
\frontend\node_modules
\next\dist\compiled\ne
xt-server\app-page.run
time.prod.js:17:18811)
    at A (D:\laundry-m
anagement-system\front
end\node_modules\next\
dist\compiled\next-ser
ver\app-page.runtime.p
rod.js:12:94398)
    at R (D:\laundry-m
anagement-system\front
end\node_modules\next\
dist\compiled\next-ser
ver\app-page.runtime.p
rod.js:12:92949)
    at rR (D:\laundry-
management-system\fron
tend\node_modules\next
\dist\compiled\next-se
rver\app-page.runtime.
prod.js:12:33975)
    at nL (D:\laundry-
management-system\fron
tend\node_modules\next
\dist\compiled\next-se
rver\app-page.runtime.
prod.js:12:62305)
    at nB (D:\laundry-
management-system\fron
tend\node_modules\next
\dist\compiled\next-se
rver\app-page.runtime.
prod.js:12:67539) {
  digest: '2229572071'
}

Error occurred 
prerendering page "/br
anch-admin/inventory".
 Read more: https://ne
xtjs.org/docs/messages
/prerender-error

ReferenceError: 
window is not defined
    at 90719 (D:\laund
ry-management-system\f
rontend\.next\server\c
hunks\9377.js:1:11697)
    at t (D:\laundry-m
anagement-system\front
end\.next\server\webpa
ck-runtime.js:1:127)
    at 60324 (D:\laund
ry-management-system\f
rontend\.next\server\c
hunks\9377.js:1:3664)
    at Object.t [as 
require] (D:\laundry-m
anagement-system\front
end\.next\server\webpa
ck-runtime.js:1:127)
    at require (D:\lau
ndry-management-system
\frontend\node_modules
\next\dist\compiled\ne
xt-server\app-page.run
time.prod.js:17:18811)
    at A (D:\laundry-m
anagement-system\front
end\node_modules\next\
dist\compiled\next-ser
ver\app-page.runtime.p
rod.js:12:94398)
    at R (D:\laundry-m
anagement-system\front
end\node_modules\next\
dist\compiled\next-ser
ver\app-page.runtime.p
rod.js:12:92949)
    at rR (D:\laundry-
management-system\fron
tend\node_modules\next
\dist\compiled\next-se
rver\app-page.runtime.
prod.js:12:33975)
    at nL (D:\laundry-
management-system\fron
tend\node_modules\next
\dist\compiled\next-se
rver\app-page.runtime.
prod.js:12:62305)
    at nB (D:\laundry-
management-system\fron
tend\node_modules\next
\dist\compiled\next-se
rver\app-page.runtime.
prod.js:12:67539)
ReferenceError: 
window is not defined
    at 90719 (D:\laund
ry-management-system\f
rontend\.next\server\c
hunks\9377.js:1:11697)
    at t (D:\laundry-m
anagement-system\front
end\.next\server\webpa
ck-runtime.js:1:127)
    at 60324 (D:\laund
ry-management-system\f
rontend\.next\server\c
hunks\9377.js:1:3664)
    at Object.t [as 
require] (D:\laundry-m
anagement-system\front
end\.next\server\webpa
ck-runtime.js:1:127)
    at require (D:\lau
ndry-management-system
\frontend\node_modules
\next\dist\compiled\ne
xt-server\app-page.run
time.prod.js:17:18811)
    at A (D:\laundry-m
anagement-system\front
end\node_modules\next\
dist\compiled\next-ser
ver\app-page.runtime.p
rod.js:12:94398)
    at R (D:\laundry-m
anagement-system\front
end\node_modules\next\
dist\compiled\next-ser
ver\app-page.runtime.p
rod.js:12:92949)
    at rR (D:\laundry-
management-system\fron
tend\node_modules\next
\dist\compiled\next-se
rver\app-page.runtime.
prod.js:12:33975)
    at nL (D:\laundry-
management-system\fron
tend\node_modules\next
\dist\compiled\next-se
rver\app-page.runtime.
prod.js:12:62305)
    at nB (D:\laundry-
management-system\fron
tend\node_modules\next
\dist\compiled\next-se
rver\app-page.runtime.
prod.js:12:67539) {
  digest: '2229572071'
}

Error occurred 
prerendering page 
"/auth/login". Read 
more: https://nextjs.o
rg/docs/messages/prere
nder-error

ReferenceError: 
window is not defined
    at 90719 (D:\laund
ry-management-system\f
rontend\.next\server\c
hunks\9377.js:1:11697)
    at t (D:\laundry-m
anagement-system\front
end\.next\server\webpa
ck-runtime.js:1:127)
    at 60324 (D:\laund
ry-management-system\f
rontend\.next\server\c
hunks\9377.js:1:3664)
    at Object.t [as 
require] (D:\laundry-m
anagement-system\front
end\.next\server\webpa
ck-runtime.js:1:127)
    at require (D:\lau
ndry-management-system
\frontend\node_modules
\next\dist\compiled\ne
xt-server\app-page.run
time.prod.js:17:18811)
    at A (D:\laundry-m
anagement-system\front
end\node_modules\next\
dist\compiled\next-ser
ver\app-page.runtime.p
rod.js:12:94398)
    at R (D:\laundry-m
anagement-system\front
end\node_modules\next\
dist\compiled\next-ser
ver\app-page.runtime.p
rod.js:12:92949)
    at rR (D:\laundry-
management-system\fron
tend\node_modules\next
\dist\compiled\next-se
rver\app-page.runtime.
prod.js:12:33975)
    at nL (D:\laundry-
management-system\fron
tend\node_modules\next
\dist\compiled\next-se
rver\app-page.runtime.
prod.js:12:62305)
    at nB (D:\laundry-
management-system\fron
tend\node_modules\next
\dist\compiled\next-se
rver\app-page.runtime.
prod.js:12:67539)
ReferenceError: 
window is not defined
    at 90719 (D:\laund
ry-management-system\f
rontend\.next\server\c
hunks\9377.js:1:11697)
    at t (D:\laundry-m
anagement-system\front
end\.next\server\webpa
ck-runtime.js:1:127)
    at 60324 (D:\laund
ry-management-system\f
rontend\.next\server\c
hunks\9377.js:1:3664)
    at Object.t [as 
require] (D:\laundry-m
anagement-system\front
end\.next\server\webpa
ck-runtime.js:1:127)
    at require (D:\lau
ndry-management-system
\frontend\node_modules
\next\dist\compiled\ne
xt-server\app-page.run
time.prod.js:17:18811)
    at A (D:\laundry-m
anagement-system\front
end\node_modules\next\
dist\compiled\next-ser
ver\app-page.runtime.p
rod.js:12:94398)
    at R (D:\laundry-m
anagement-system\front
end\node_modules\next\
dist\compiled\next-ser
ver\app-page.runtime.p
rod.js:12:92949)
    at rR (D:\laundry-
management-system\fron
tend\node_modules\next
\dist\compiled\next-se
rver\app-page.runtime.
prod.js:12:33975)
    at nL (D:\laundry-
management-system\fron
tend\node_modules\next
\dist\compiled\next-se
rver\app-page.runtime.
prod.js:12:62305)
    at nB (D:\laundry-
management-system\fron
tend\node_modules\next
\dist\compiled\next-se
rver\app-page.runtime.
prod.js:12:67539) {
  digest: '2229572071'
}

Error occurred 
prerendering page "/br
anch-admin/dashboard".
 Read more: https://ne
xtjs.org/docs/messages
/prerender-error

ReferenceError: 
window is not defined
    at 90719 (D:\laund
ry-management-system\f
rontend\.next\server\c
hunks\9377.js:1:11697)
    at t (D:\laundry-m
anagement-system\front
end\.next\server\webpa
ck-runtime.js:1:127)
    at 60324 (D:\laund
ry-management-system\f
rontend\.next\server\c
hunks\9377.js:1:3664)
    at Object.t [as 
require] (D:\laundry-m
anagement-system\front
end\.next\server\webpa
ck-runtime.js:1:127)
    at require (D:\lau
ndry-management-system
\frontend\node_modules
\next\dist\compiled\ne
xt-server\app-page.run
time.prod.js:17:18811)
    at A (D:\laundry-m
anagement-system\front
end\node_modules\next\
dist\compiled\next-ser
ver\app-page.runtime.p
rod.js:12:94398)
    at R (D:\laundry-m
anagement-system\front
end\node_modules\next\
dist\compiled\next-ser
ver\app-page.runtime.p
rod.js:12:92949)
    at rR (D:\laundry-
management-system\fron
tend\node_modules\next
\dist\compiled\next-se
rver\app-page.runtime.
prod.js:12:33975)
    at nL (D:\laundry-
management-system\fron
tend\node_modules\next
\dist\compiled\next-se
rver\app-page.runtime.
prod.js:12:62305)
    at nB (D:\laundry-
management-system\fron
tend\node_modules\next
\dist\compiled\next-se
rver\app-page.runtime.
prod.js:12:67539)
ReferenceError: 
window is not defined
    at 90719 (D:\laund
ry-management-system\f
rontend\.next\server\c
hunks\9377.js:1:11697)
    at t (D:\laundry-m
anagement-system\front
end\.next\server\webpa
ck-runtime.js:1:127)
    at 60324 (D:\laund
ry-management-system\f
rontend\.next\server\c
hunks\9377.js:1:3664)
    at Object.t [as 
require] (D:\laundry-m
anagement-system\front
end\.next\server\webpa
ck-runtime.js:1:127)
    at require (D:\lau
ndry-management-system
\frontend\node_modules
\next\dist\compiled\ne
xt-server\app-page.run
time.prod.js:17:18811)
    at A (D:\laundry-m
anagement-system\front
end\node_modules\next\
dist\compiled\next-ser
ver\app-page.runtime.p
rod.js:12:94398)
    at R (D:\laundry-m
anagement-system\front
end\node_modules\next\
dist\compiled\next-ser
ver\app-page.runtime.p
rod.js:12:92949)
    at rR (D:\laundry-
management-system\fron
tend\node_modules\next
\dist\compiled\next-se
rver\app-page.runtime.
prod.js:12:33975)
    at nL (D:\laundry-
management-system\fron
tend\node_modules\next
\dist\compiled\next-se
rver\app-page.runtime.
prod.js:12:62305)
    at nB (D:\laundry-
management-system\fron
tend\node_modules\next
\dist\compiled\next-se
rver\app-page.runtime.
prod.js:12:67539) {
  digest: '2229572071'
}

Error occurred 
prerendering page "/br
anch-admin/reports". 
Read more: https://nex
tjs.org/docs/messages/
prerender-error

ReferenceError: 
window is not defined
    at 90719 (D:\laund
ry-management-system\f
rontend\.next\server\c
hunks\9377.js:1:11697)
    at t (D:\laundry-m
anagement-system\front
end\.next\server\webpa
ck-runtime.js:1:127)
    at 60324 (D:\laund
ry-management-system\f
rontend\.next\server\c
hunks\9377.js:1:3664)
    at Object.t [as 
require] (D:\laundry-m
anagement-system\front
end\.next\server\webpa
ck-runtime.js:1:127)
    at require (D:\lau
ndry-management-system
\frontend\node_modules
\next\dist\compiled\ne
xt-server\app-page.run
time.prod.js:17:18811)
    at A (D:\laundry-m
anagement-system\front
end\node_modules\next\
dist\compiled\next-ser
ver\app-page.runtime.p
rod.js:12:94398)
    at R (D:\laundry-m
anagement-system\front
end\node_modules\next\
dist\compiled\next-ser
ver\app-page.runtime.p
rod.js:12:92949)
    at rR (D:\laundry-
management-system\fron
tend\node_modules\next
\dist\compiled\next-se
rver\app-page.runtime.
prod.js:12:33975)
    at nL (D:\laundry-
management-system\fron
tend\node_modules\next
\dist\compiled\next-se
rver\app-page.runtime.
prod.js:12:62305)
    at nB (D:\laundry-
management-system\fron
tend\node_modules\next
\dist\compiled\next-se
rver\app-page.runtime.
prod.js:12:67539)
ReferenceError: 
window is not defined
    at 90719 (D:\laund
ry-management-system\f
rontend\.next\server\c
hunks\9377.js:1:11697)
    at t (D:\laundry-m
anagement-system\front
end\.next\server\webpa
ck-runtime.js:1:127)
    at 60324 (D:\laund
ry-management-system\f
rontend\.next\server\c
hunks\9377.js:1:3664)
    at Object.t [as 
require] (D:\laundry-m
anagement-system\front
end\.next\server\webpa
ck-runtime.js:1:127)
    at require (D:\lau
ndry-management-system
\frontend\node_modules
\next\dist\compiled\ne
xt-server\app-page.run
time.prod.js:17:18811)
    at A (D:\laundry-m
anagement-system\front
end\node_modules\next\
dist\compiled\next-ser
ver\app-page.runtime.p
rod.js:12:94398)
    at R (D:\laundry-m
anagement-system\front
end\node_modules\next\
dist\compiled\next-ser
ver\app-page.runtime.p
rod.js:12:92949)
    at rR (D:\laundry-
management-system\fron
tend\node_modules\next
\dist\compiled\next-se
rver\app-page.runtime.
prod.js:12:33975)
    at nL (D:\laundry-
management-system\fron
tend\node_modules\next
\dist\compiled\next-se
rver\app-page.runtime.
prod.js:12:62305)
    at nB (D:\laundry-
management-system\fron
tend\node_modules\next
\dist\compiled\next-se
rver\app-page.runtime.
prod.js:12:67539) {
  digest: '2229572071'
}

Error occurred 
prerendering page "/br
anch-admin/reviews". 
Read more: https://nex
tjs.org/docs/messages/
prerender-error

ReferenceError: 
window is not defined
    at 90719 (D:\laund
ry-management-system\f
rontend\.next\server\c
hunks\9377.js:1:11697)
    at t (D:\laundry-m
anagement-system\front
end\.next\server\webpa
ck-runtime.js:1:127)
    at 60324 (D:\laund
ry-management-system\f
rontend\.next\server\c
hunks\9377.js:1:3664)
    at Object.t [as 
require] (D:\laundry-m
anagement-system\front
end\.next\server\webpa
ck-runtime.js:1:127)
    at require (D:\lau
ndry-management-system
\frontend\node_modules
\next\dist\compiled\ne
xt-server\app-page.run
time.prod.js:17:18811)
    at A (D:\laundry-m
anagement-system\front
end\node_modules\next\
dist\compiled\next-ser
ver\app-page.runtime.p
rod.js:12:94398)
    at R (D:\laundry-m
anagement-system\front
end\node_modules\next\
dist\compiled\next-ser
ver\app-page.runtime.p
rod.js:12:92949)
    at rR (D:\laundry-
management-system\fron
tend\node_modules\next
\dist\compiled\next-se
rver\app-page.runtime.
prod.js:12:33975)
    at nL (D:\laundry-
management-system\fron
tend\node_modules\next
\dist\compiled\next-se
rver\app-page.runtime.
prod.js:12:62305)
    at nB (D:\laundry-
management-system\fron
tend\node_modules\next
\dist\compiled\next-se
rver\app-page.runtime.
prod.js:12:67539)
   Generating static pages (58/118) 
ReferenceError: 
window is not defined
    at 90719 (D:\laund
ry-management-system\f
rontend\.next\server\c
hunks\9377.js:1:11697)
    at t (D:\laundry-m
anagement-system\front
end\.next\server\webpa
ck-runtime.js:1:127)
    at 60324 (D:\laund
ry-management-system\f
rontend\.next\server\c
hunks\9377.js:1:3664)
    at Object.t [as 
require] (D:\laundry-m
anagement-system\front
end\.next\server\webpa
ck-runtime.js:1:127)
    at require (D:\lau
ndry-management-system
\frontend\node_modules
\next\dist\compiled\ne
xt-server\app-page.run
time.prod.js:17:18811)
    at A (D:\laundry-m
anagement-system\front
end\node_modules\next\
dist\compiled\next-ser
ver\app-page.runtime.p
rod.js:12:94398)
    at R (D:\laundry-m
anagement-system\front
end\node_modules\next\
dist\compiled\next-ser
ver\app-page.runtime.p
rod.js:12:92949)
    at rR (D:\laundry-
management-system\fron
tend\node_modules\next
\dist\compiled\next-se
rver\app-page.runtime.
prod.js:12:33975)
    at nL (D:\laundry-
management-system\fron
tend\node_modules\next
\dist\compiled\next-se
rver\app-page.runtime.
prod.js:12:62305)
    at nB (D:\laundry-
management-system\fron
tend\node_modules\next
\dist\compiled\next-se
rver\app-page.runtime.
prod.js:12:67539) {
  digest: '2229572071'
}

Error occurred 
prerendering page "/br
anch-admin/support". 
Read more: https://nex
tjs.org/docs/messages/
prerender-error

ReferenceError: 
window is not defined
    at 90719 (D:\laund
ry-management-system\f
rontend\.next\server\c
hunks\9377.js:1:11697)
    at t (D:\laundry-m
anagement-system\front
end\.next\server\webpa
ck-runtime.js:1:127)
    at 60324 (D:\laund
ry-management-system\f
rontend\.next\server\c
hunks\9377.js:1:3664)
    at Object.t [as 
require] (D:\laundry-m
anagement-system\front
end\.next\server\webpa
ck-runtime.js:1:127)
    at require (D:\lau
ndry-management-system
\frontend\node_modules
\next\dist\compiled\ne
xt-server\app-page.run
time.prod.js:17:18811)
    at A (D:\laundry-m
anagement-system\front
end\node_modules\next\
dist\compiled\next-ser
ver\app-page.runtime.p
rod.js:12:94398)
    at R (D:\laundry-m
anagement-system\front
end\node_modules\next\
dist\compiled\next-ser
ver\app-page.runtime.p
rod.js:12:92949)
    at rR (D:\laundry-
management-system\fron
tend\node_modules\next
\dist\compiled\next-se
rver\app-page.runtime.
prod.js:12:33975)
    at nL (D:\laundry-
management-system\fron
tend\node_modules\next
\dist\compiled\next-se
rver\app-page.runtime.
prod.js:12:62305)
    at nB (D:\laundry-
management-system\fron
tend\node_modules\next
\dist\compiled\next-se
rver\app-page.runtime.
prod.js:12:67539)
ReferenceError: 
window is not defined
    at 90719 (D:\laund
ry-management-system\f
rontend\.next\server\c
hunks\9377.js:1:11697)
    at t (D:\laundry-m
anagement-system\front
end\.next\server\webpa
ck-runtime.js:1:127)
    at 60324 (D:\laund
ry-management-system\f
rontend\.next\server\c
hunks\9377.js:1:3664)
    at Object.t [as 
require] (D:\laundry-m
anagement-system\front
end\.next\server\webpa
ck-runtime.js:1:127)
    at require (D:\lau
ndry-management-system
\frontend\node_modules
\next\dist\compiled\ne
xt-server\app-page.run
time.prod.js:17:18811)
    at A (D:\laundry-m
anagement-system\front
end\node_modules\next\
dist\compiled\next-ser
ver\app-page.runtime.p
rod.js:12:94398)
    at R (D:\laundry-m
anagement-system\front
end\node_modules\next\
dist\compiled\next-ser
ver\app-page.runtime.p
rod.js:12:92949)
    at rR (D:\laundry-
management-system\fron
tend\node_modules\next
\dist\compiled\next-se
rver\app-page.runtime.
prod.js:12:33975)
    at nL (D:\laundry-
management-system\fron
tend\node_modules\next
\dist\compiled\next-se
rver\app-page.runtime.
prod.js:12:62305)
    at nB (D:\laundry-
management-system\fron
tend\node_modules\next
\dist\compiled\next-se
rver\app-page.runtime.
prod.js:12:67539) {
  digest: '2229572071'
}

Error occurred 
prerendering page "/br
anch-admin/settings". 
Read more: https://nex
tjs.org/docs/messages/
prerender-error

ReferenceError: 
window is not defined
    at 90719 (D:\laund
ry-management-system\f
rontend\.next\server\c
hunks\9377.js:1:11697)
    at t (D:\laundry-m
anagement-system\front
end\.next\server\webpa
ck-runtime.js:1:127)
    at 60324 (D:\laund
ry-management-system\f
rontend\.next\server\c
hunks\9377.js:1:3664)
    at Object.t [as 
require] (D:\laundry-m
anagement-system\front
end\.next\server\webpa
ck-runtime.js:1:127)
    at require (D:\lau
ndry-management-system
\frontend\node_modules
\next\dist\compiled\ne
xt-server\app-page.run
time.prod.js:17:18811)
    at A (D:\laundry-m
anagement-system\front
end\node_modules\next\
dist\compiled\next-ser
ver\app-page.runtime.p
rod.js:12:94398)
    at R (D:\laundry-m
anagement-system\front
end\node_modules\next\
dist\compiled\next-ser
ver\app-page.runtime.p
rod.js:12:92949)
    at rR (D:\laundry-
management-system\fron
tend\node_modules\next
\dist\compiled\next-se
rver\app-page.runtime.
prod.js:12:33975)
    at nL (D:\laundry-
management-system\fron
tend\node_modules\next
\dist\compiled\next-se
rver\app-page.runtime.
prod.js:12:62305)
    at nB (D:\laundry-
management-system\fron
tend\node_modules\next
\dist\compiled\next-se
rver\app-page.runtime.
prod.js:12:67539)
ReferenceError: 
window is not defined
    at 90719 (D:\laund
ry-management-system\f
rontend\.next\server\c
hunks\9377.js:1:11697)
    at t (D:\laundry-m
anagement-system\front
end\.next\server\webpa
ck-runtime.js:1:127)
    at 60324 (D:\laund
ry-management-system\f
rontend\.next\server\c
hunks\9377.js:1:3664)
    at Object.t [as 
require] (D:\laundry-m
anagement-system\front
end\.next\server\webpa
ck-runtime.js:1:127)
    at require (D:\lau
ndry-management-system
\frontend\node_modules
\next\dist\compiled\ne
xt-server\app-page.run
time.prod.js:17:18811)
    at A (D:\laundry-m
anagement-system\front
end\node_modules\next\
dist\compiled\next-ser
ver\app-page.runtime.p
rod.js:12:94398)
    at R (D:\laundry-m
anagement-system\front
end\node_modules\next\
dist\compiled\next-ser
ver\app-page.runtime.p
rod.js:12:92949)
    at rR (D:\laundry-
management-system\fron
tend\node_modules\next
\dist\compiled\next-se
rver\app-page.runtime.
prod.js:12:33975)
    at nL (D:\laundry-
management-system\fron
tend\node_modules\next
\dist\compiled\next-se
rver\app-page.runtime.
prod.js:12:62305)
    at nB (D:\laundry-
management-system\fron
tend\node_modules\next
\dist\compiled\next-se
rver\app-page.runtime.
prod.js:12:67539) {
  digest: '2229572071'
}

Error occurred 
prerendering page "/br
anch-admin/logistics".
 Read more: https://ne
xtjs.org/docs/messages
/prerender-error

ReferenceError: 
window is not defined
    at 90719 (D:\laund
ry-management-system\f
rontend\.next\server\c
hunks\9377.js:1:11697)
    at t (D:\laundry-m
anagement-system\front
end\.next\server\webpa
ck-runtime.js:1:127)
    at 60324 (D:\laund
ry-management-system\f
rontend\.next\server\c
hunks\9377.js:1:3664)
    at Object.t [as 
require] (D:\laundry-m
anagement-system\front
end\.next\server\webpa
ck-runtime.js:1:127)
    at require (D:\lau
ndry-management-system
\frontend\node_modules
\next\dist\compiled\ne
xt-server\app-page.run
time.prod.js:17:18811)
    at A (D:\laundry-m
anagement-system\front
end\node_modules\next\
dist\compiled\next-ser
ver\app-page.runtime.p
rod.js:12:94398)
    at R (D:\laundry-m
anagement-system\front
end\node_modules\next\
dist\compiled\next-ser
ver\app-page.runtime.p
rod.js:12:92949)
    at rR (D:\laundry-
management-system\fron
tend\node_modules\next
\dist\compiled\next-se
rver\app-page.runtime.
prod.js:12:33975)
    at nL (D:\laundry-
management-system\fron
tend\node_modules\next
\dist\compiled\next-se
rver\app-page.runtime.
prod.js:12:62305)
    at nB (D:\laundry-
management-system\fron
tend\node_modules\next
\dist\compiled\next-se
rver\app-page.runtime.
prod.js:12:67539)
ReferenceError: 
window is not defined
    at 90719 (D:\laund
ry-management-system\f
rontend\.next\server\c
hunks\9377.js:1:11697)
    at t (D:\laundry-m
anagement-system\front
end\.next\server\webpa
ck-runtime.js:1:127)
    at 60324 (D:\laund
ry-management-system\f
rontend\.next\server\c
hunks\9377.js:1:3664)
    at Object.t [as 
require] (D:\laundry-m
anagement-system\front
end\.next\server\webpa
ck-runtime.js:1:127)
    at require (D:\lau
ndry-management-system
\frontend\node_modules
\next\dist\compiled\ne
xt-server\app-page.run
time.prod.js:17:18811)
    at A (D:\laundry-m
anagement-system\front
end\node_modules\next\
dist\compiled\next-ser
ver\app-page.runtime.p
rod.js:12:94398)
    at R (D:\laundry-m
anagement-system\front
end\node_modules\next\
dist\compiled\next-ser
ver\app-page.runtime.p
rod.js:12:92949)
    at rR (D:\laundry-
management-system\fron
tend\node_modules\next
\dist\compiled\next-se
rver\app-page.runtime.
prod.js:12:33975)
    at nL (D:\laundry-
management-system\fron
tend\node_modules\next
\dist\compiled\next-se
rver\app-page.runtime.
prod.js:12:62305)
    at nB (D:\laundry-
management-system\fron
tend\node_modules\next
\dist\compiled\next-se
rver\app-page.runtime.
prod.js:12:67539) {
  digest: '2229572071'
}

Error occurred 
prerendering page "/br
anch-admin/orders". 
Read more: https://nex
tjs.org/docs/messages/
prerender-error

ReferenceError: 
window is not defined
    at 90719 (D:\laund
ry-management-system\f
rontend\.next\server\c
hunks\9377.js:1:11697)
    at t (D:\laundry-m
anagement-system\front
end\.next\server\webpa
ck-runtime.js:1:127)
    at 60324 (D:\laund
ry-management-system\f
rontend\.next\server\c
hunks\9377.js:1:3664)
    at Object.t [as 
require] (D:\laundry-m
anagement-system\front
end\.next\server\webpa
ck-runtime.js:1:127)
    at require (D:\lau
ndry-management-system
\frontend\node_modules
\next\dist\compiled\ne
xt-server\app-page.run
time.prod.js:17:18811)
    at A (D:\laundry-m
anagement-system\front
end\node_modules\next\
dist\compiled\next-ser
ver\app-page.runtime.p
rod.js:12:94398)
    at R (D:\laundry-m
anagement-system\front
end\node_modules\next\
dist\compiled\next-ser
ver\app-page.runtime.p
rod.js:12:92949)
    at rR (D:\laundry-
management-system\fron
tend\node_modules\next
\dist\compiled\next-se
rver\app-page.runtime.
prod.js:12:33975)
    at nL (D:\laundry-
management-system\fron
tend\node_modules\next
\dist\compiled\next-se
rver\app-page.runtime.
prod.js:12:62305)
    at nB (D:\laundry-
management-system\fron
tend\node_modules\next
\dist\compiled\next-se
rver\app-page.runtime.
prod.js:12:67539)
ReferenceError: 
window is not defined
    at 90719 (D:\laund
ry-management-system\f
rontend\.next\server\c
hunks\9377.js:1:11697)
    at t (D:\laundry-m
anagement-system\front
end\.next\server\webpa
ck-runtime.js:1:127)
    at 60324 (D:\laund
ry-management-system\f
rontend\.next\server\c
hunks\9377.js:1:3664)
    at Object.t [as 
require] (D:\laundry-m
anagement-system\front
end\.next\server\webpa
ck-runtime.js:1:127)
    at require (D:\lau
ndry-management-system
\frontend\node_modules
\next\dist\compiled\ne
xt-server\app-page.run
time.prod.js:17:18811)
    at A (D:\laundry-m
anagement-system\front
end\node_modules\next\
dist\compiled\next-ser
ver\app-page.runtime.p
rod.js:12:94398)
    at R (D:\laundry-m
anagement-system\front
end\node_modules\next\
dist\compiled\next-ser
ver\app-page.runtime.p
rod.js:12:92949)
    at rR (D:\laundry-
management-system\fron
tend\node_modules\next
\dist\compiled\next-se
rver\app-page.runtime.
prod.js:12:33975)
    at nL (D:\laundry-
management-system\fron
tend\node_modules\next
\dist\compiled\next-se
rver\app-page.runtime.
prod.js:12:62305)
    at nB (D:\laundry-
management-system\fron
tend\node_modules\next
\dist\compiled\next-se
rver\app-page.runtime.
prod.js:12:67539) {
  digest: '2229572071'
}

Error occurred 
prerendering page "/br
anch-admin/scanner". 
Read more: https://nex
tjs.org/docs/messages/
prerender-error

ReferenceError: 
window is not defined
    at 90719 (D:\laund
ry-management-system\f
rontend\.next\server\c
hunks\9377.js:1:11697)
    at t (D:\laundry-m
anagement-system\front
end\.next\server\webpa
ck-runtime.js:1:127)
    at 60324 (D:\laund
ry-management-system\f
rontend\.next\server\c
hunks\9377.js:1:3664)
    at Object.t [as 
require] (D:\laundry-m
anagement-system\front
end\.next\server\webpa
ck-runtime.js:1:127)
    at require (D:\lau
ndry-management-system
\frontend\node_modules
\next\dist\compiled\ne
xt-server\app-page.run
time.prod.js:17:18811)
    at A (D:\laundry-m
anagement-system\front
end\node_modules\next\
dist\compiled\next-ser
ver\app-page.runtime.p
rod.js:12:94398)
    at R (D:\laundry-m
anagement-system\front
end\node_modules\next\
dist\compiled\next-ser
ver\app-page.runtime.p
rod.js:12:92949)
    at rR (D:\laundry-
management-system\fron
tend\node_modules\next
\dist\compiled\next-se
rver\app-page.runtime.
prod.js:12:33975)
    at nL (D:\laundry-
management-system\fron
tend\node_modules\next
\dist\compiled\next-se
rver\app-page.runtime.
prod.js:12:62305)
    at nB (D:\laundry-
management-system\fron
tend\node_modules\next
\dist\compiled\next-se
rver\app-page.runtime.
prod.js:12:67539)
ReferenceError: 
window is not defined
    at 90719 (D:\laund
ry-management-system\f
rontend\.next\server\c
hunks\9377.js:1:11697)
    at t (D:\laundry-m
anagement-system\front
end\.next\server\webpa
ck-runtime.js:1:127)
    at 60324 (D:\laund
ry-management-system\f
rontend\.next\server\c
hunks\9377.js:1:3664)
    at Object.t [as 
require] (D:\laundry-m
anagement-system\front
end\.next\server\webpa
ck-runtime.js:1:127)
    at require (D:\lau
ndry-management-system
\frontend\node_modules
\next\dist\compiled\ne
xt-server\app-page.run
time.prod.js:17:18811)
    at A (D:\laundry-m
anagement-system\front
end\node_modules\next\
dist\compiled\next-ser
ver\app-page.runtime.p
rod.js:12:94398)
    at R (D:\laundry-m
anagement-system\front
end\node_modules\next\
dist\compiled\next-ser
ver\app-page.runtime.p
rod.js:12:92949)
    at rR (D:\laundry-
management-system\fron
tend\node_modules\next
\dist\compiled\next-se
rver\app-page.runtime.
prod.js:12:33975)
    at nL (D:\laundry-
management-system\fron
tend\node_modules\next
\dist\compiled\next-se
rver\app-page.runtime.
prod.js:12:62305)
    at nB (D:\laundry-
management-system\fron
tend\node_modules\next
\dist\compiled\next-se
rver\app-page.runtime.
prod.js:12:67539) {
  digest: '2229572071'
}

Error occurred 
prerendering page "/br
anch-admin/tickets". 
Read more: https://nex
tjs.org/docs/messages/
prerender-error

ReferenceError: 
window is not defined
    at 90719 (D:\laund
ry-management-system\f
rontend\.next\server\c
hunks\9377.js:1:11697)
    at t (D:\laundry-m
anagement-system\front
end\.next\server\webpa
ck-runtime.js:1:127)
    at 60324 (D:\laund
ry-management-system\f
rontend\.next\server\c
hunks\9377.js:1:3664)
    at Object.t [as 
require] (D:\laundry-m
anagement-system\front
end\.next\server\webpa
ck-runtime.js:1:127)
    at require (D:\lau
ndry-management-system
\frontend\node_modules
\next\dist\compiled\ne
xt-server\app-page.run
time.prod.js:17:18811)
    at A (D:\laundry-m
anagement-system\front
end\node_modules\next\
dist\compiled\next-ser
ver\app-page.runtime.p
rod.js:12:94398)
    at R (D:\laundry-m
anagement-system\front
end\node_modules\next\
dist\compiled\next-ser
ver\app-page.runtime.p
rod.js:12:92949)
    at rR (D:\laundry-
management-system\fron
tend\node_modules\next
\dist\compiled\next-se
rver\app-page.runtime.
prod.js:12:33975)
    at nL (D:\laundry-
management-system\fron
tend\node_modules\next
\dist\compiled\next-se
rver\app-page.runtime.
prod.js:12:62305)
    at nB (D:\laundry-
management-system\fron
tend\node_modules\next
\dist\compiled\next-se
rver\app-page.runtime.
prod.js:12:67539)
ReferenceError: 
window is not defined
    at 90719 (D:\laund
ry-management-system\f
rontend\.next\server\c
hunks\9377.js:1:11697)
    at t (D:\laundry-m
anagement-system\front
end\.next\server\webpa
ck-runtime.js:1:127)
    at 60324 (D:\laund
ry-management-system\f
rontend\.next\server\c
hunks\9377.js:1:3664)
    at Object.t [as 
require] (D:\laundry-m
anagement-system\front
end\.next\server\webpa
ck-runtime.js:1:127)
    at require (D:\lau
ndry-management-system
\frontend\node_modules
\next\dist\compiled\ne
xt-server\app-page.run
time.prod.js:17:18811)
    at A (D:\laundry-m
anagement-system\front
end\node_modules\next\
dist\compiled\next-ser
ver\app-page.runtime.p
rod.js:12:94398)
    at R (D:\laundry-m
anagement-system\front
end\node_modules\next\
dist\compiled\next-ser
ver\app-page.runtime.p
rod.js:12:92949)
    at rR (D:\laundry-
management-system\fron
tend\node_modules\next
\dist\compiled\next-se
rver\app-page.runtime.
prod.js:12:33975)
    at nL (D:\laundry-
management-system\fron
tend\node_modules\next
\dist\compiled\next-se
rver\app-page.runtime.
prod.js:12:62305)
    at nB (D:\laundry-
management-system\fron
tend\node_modules\next
\dist\compiled\next-se
rver\app-page.runtime.
prod.js:12:67539) {
  digest: '2229572071'
}

Error occurred 
prerendering page 
"/branch/inventory". 
Read more: https://nex
tjs.org/docs/messages/
prerender-error

ReferenceError: 
window is not defined
    at 90719 (D:\laund
ry-management-system\f
rontend\.next\server\c
hunks\9377.js:1:11697)
    at t (D:\laundry-m
anagement-system\front
end\.next\server\webpa
ck-runtime.js:1:127)
    at 60324 (D:\laund
ry-management-system\f
rontend\.next\server\c
hunks\9377.js:1:3664)
    at Object.t [as 
require] (D:\laundry-m
anagement-system\front
end\.next\server\webpa
ck-runtime.js:1:127)
    at require (D:\lau
ndry-management-system
\frontend\node_modules
\next\dist\compiled\ne
xt-server\app-page.run
time.prod.js:17:18811)
    at A (D:\laundry-m
anagement-system\front
end\node_modules\next\
dist\compiled\next-ser
ver\app-page.runtime.p
rod.js:12:94398)
    at R (D:\laundry-m
anagement-system\front
end\node_modules\next\
dist\compiled\next-ser
ver\app-page.runtime.p
rod.js:12:92949)
    at rR (D:\laundry-
management-system\fron
tend\node_modules\next
\dist\compiled\next-se
rver\app-page.runtime.
prod.js:12:33975)
    at nL (D:\laundry-
management-system\fron
tend\node_modules\next
\dist\compiled\next-se
rver\app-page.runtime.
prod.js:12:62305)
    at nB (D:\laundry-
management-system\fron
tend\node_modules\next
\dist\compiled\next-se
rver\app-page.runtime.
prod.js:12:67539)
ReferenceError: 
window is not defined
    at 90719 (D:\laund
ry-management-system\f
rontend\.next\server\c
hunks\9377.js:1:11697)
    at t (D:\laundry-m
anagement-system\front
end\.next\server\webpa
ck-runtime.js:1:127)
    at 60324 (D:\laund
ry-management-system\f
rontend\.next\server\c
hunks\9377.js:1:3664)
    at Object.t [as 
require] (D:\laundry-m
anagement-system\front
end\.next\server\webpa
ck-runtime.js:1:127)
    at require (D:\lau
ndry-management-system
\frontend\node_modules
\next\dist\compiled\ne
xt-server\app-page.run
time.prod.js:17:18811)
    at A (D:\laundry-m
anagement-system\front
end\node_modules\next\
dist\compiled\next-ser
ver\app-page.runtime.p
rod.js:12:94398)
    at R (D:\laundry-m
anagement-system\front
end\node_modules\next\
dist\compiled\next-ser
ver\app-page.runtime.p
rod.js:12:92949)
    at rR (D:\laundry-
management-system\fron
tend\node_modules\next
\dist\compiled\next-se
rver\app-page.runtime.
prod.js:12:33975)
    at nL (D:\laundry-
management-system\fron
tend\node_modules\next
\dist\compiled\next-se
rver\app-page.runtime.
prod.js:12:62305)
    at nB (D:\laundry-
management-system\fron
tend\node_modules\next
\dist\compiled\next-se
rver\app-page.runtime.
prod.js:12:67539) {
  digest: '2229572071'
}

Error occurred 
prerendering page 
"/branch/orders". 
Read more: https://nex
tjs.org/docs/messages/
prerender-error

ReferenceError: 
window is not defined
    at 90719 (D:\laund
ry-management-system\f
rontend\.next\server\c
hunks\9377.js:1:11697)
    at t (D:\laundry-m
anagement-system\front
end\.next\server\webpa
ck-runtime.js:1:127)
    at 60324 (D:\laund
ry-management-system\f
rontend\.next\server\c
hunks\9377.js:1:3664)
    at Object.t [as 
require] (D:\laundry-m
anagement-system\front
end\.next\server\webpa
ck-runtime.js:1:127)
    at require (D:\lau
ndry-management-system
\frontend\node_modules
\next\dist\compiled\ne
xt-server\app-page.run
time.prod.js:17:18811)
    at A (D:\laundry-m
anagement-system\front
end\node_modules\next\
dist\compiled\next-ser
ver\app-page.runtime.p
rod.js:12:94398)
    at R (D:\laundry-m
anagement-system\front
end\node_modules\next\
dist\compiled\next-ser
ver\app-page.runtime.p
rod.js:12:92949)
    at rR (D:\laundry-
management-system\fron
tend\node_modules\next
\dist\compiled\next-se
rver\app-page.runtime.
prod.js:12:33975)
    at nL (D:\laundry-
management-system\fron
tend\node_modules\next
\dist\compiled\next-se
rver\app-page.runtime.
prod.js:12:62305)
    at nB (D:\laundry-
management-system\fron
tend\node_modules\next
\dist\compiled\next-se
rver\app-page.runtime.
prod.js:12:67539)
ReferenceError: 
window is not defined
    at 90719 (D:\laund
ry-management-system\f
rontend\.next\server\c
hunks\9377.js:1:11697)
    at t (D:\laundry-m
anagement-system\front
end\.next\server\webpa
ck-runtime.js:1:127)
    at 60324 (D:\laund
ry-management-system\f
rontend\.next\server\c
hunks\9377.js:1:3664)
    at Object.t [as 
require] (D:\laundry-m
anagement-system\front
end\.next\server\webpa
ck-runtime.js:1:127)
    at require (D:\lau
ndry-management-system
\frontend\node_modules
\next\dist\compiled\ne
xt-server\app-page.run
time.prod.js:17:18811)
    at A (D:\laundry-m
anagement-system\front
end\node_modules\next\
dist\compiled\next-ser
ver\app-page.runtime.p
rod.js:12:94398)
    at R (D:\laundry-m
anagement-system\front
end\node_modules\next\
dist\compiled\next-ser
ver\app-page.runtime.p
rod.js:12:92949)
    at rR (D:\laundry-
management-system\fron
tend\node_modules\next
\dist\compiled\next-se
rver\app-page.runtime.
prod.js:12:33975)
    at nL (D:\laundry-
management-system\fron
tend\node_modules\next
\dist\compiled\next-se
rver\app-page.runtime.
prod.js:12:62305)
    at nB (D:\laundry-
management-system\fron
tend\node_modules\next
\dist\compiled\next-se
rver\app-page.runtime.
prod.js:12:67539) {
  digest: '2229572071'
}

Error occurred 
prerendering page 
"/branch/profile". 
Read more: https://nex
tjs.org/docs/messages/
prerender-error

ReferenceError: 
window is not defined
    at 90719 (D:\laund
ry-management-system\f
rontend\.next\server\c
hunks\9377.js:1:11697)
    at t (D:\laundry-m
anagement-system\front
end\.next\server\webpa
ck-runtime.js:1:127)
    at 60324 (D:\laund
ry-management-system\f
rontend\.next\server\c
hunks\9377.js:1:3664)
    at Object.t [as 
require] (D:\laundry-m
anagement-system\front
end\.next\server\webpa
ck-runtime.js:1:127)
    at require (D:\lau
ndry-management-system
\frontend\node_modules
\next\dist\compiled\ne
xt-server\app-page.run
time.prod.js:17:18811)
    at A (D:\laundry-m
anagement-system\front
end\node_modules\next\
dist\compiled\next-ser
ver\app-page.runtime.p
rod.js:12:94398)
    at R (D:\laundry-m
anagement-system\front
end\node_modules\next\
dist\compiled\next-ser
ver\app-page.runtime.p
rod.js:12:92949)
    at rR (D:\laundry-
management-system\fron
tend\node_modules\next
\dist\compiled\next-se
rver\app-page.runtime.
prod.js:12:33975)
    at nL (D:\laundry-
management-system\fron
tend\node_modules\next
\dist\compiled\next-se
rver\app-page.runtime.
prod.js:12:62305)
    at nB (D:\laundry-
management-system\fron
tend\node_modules\next
\dist\compiled\next-se
rver\app-page.runtime.
prod.js:12:67539)
ReferenceError: 
window is not defined
    at 90719 (D:\laund
ry-management-system\f
rontend\.next\server\c
hunks\9377.js:1:11697)
    at t (D:\laundry-m
anagement-system\front
end\.next\server\webpa
ck-runtime.js:1:127)
    at 60324 (D:\laund
ry-management-system\f
rontend\.next\server\c
hunks\9377.js:1:3664)
    at Object.t [as 
require] (D:\laundry-m
anagement-system\front
end\.next\server\webpa
ck-runtime.js:1:127)
    at require (D:\lau
ndry-management-system
\frontend\node_modules
\next\dist\compiled\ne
xt-server\app-page.run
time.prod.js:17:18811)
    at A (D:\laundry-m
anagement-system\front
end\node_modules\next\
dist\compiled\next-ser
ver\app-page.runtime.p
rod.js:12:94398)
    at R (D:\laundry-m
anagement-system\front
end\node_modules\next\
dist\compiled\next-ser
ver\app-page.runtime.p
rod.js:12:92949)
    at rR (D:\laundry-
management-system\fron
tend\node_modules\next
\dist\compiled\next-se
rver\app-page.runtime.
prod.js:12:33975)
    at nL (D:\laundry-
management-system\fron
tend\node_modules\next
\dist\compiled\next-se
rver\app-page.runtime.
prod.js:12:62305)
    at nB (D:\laundry-
management-system\fron
tend\node_modules\next
\dist\compiled\next-se
rver\app-page.runtime.
prod.js:12:67539) {
  digest: '2229572071'
}

Error occurred 
prerendering page 
"/branch/services". 
Read more: https://nex
tjs.org/docs/messages/
prerender-error

ReferenceError: 
window is not defined
    at 90719 (D:\laund
ry-management-system\f
rontend\.next\server\c
hunks\9377.js:1:11697)
    at t (D:\laundry-m
anagement-system\front
end\.next\server\webpa
ck-runtime.js:1:127)
    at 60324 (D:\laund
ry-management-system\f
rontend\.next\server\c
hunks\9377.js:1:3664)
    at Object.t [as 
require] (D:\laundry-m
anagement-system\front
end\.next\server\webpa
ck-runtime.js:1:127)
    at require (D:\lau
ndry-management-system
\frontend\node_modules
\next\dist\compiled\ne
xt-server\app-page.run
time.prod.js:17:18811)
    at A (D:\laundry-m
anagement-system\front
end\node_modules\next\
dist\compiled\next-ser
ver\app-page.runtime.p
rod.js:12:94398)
    at R (D:\laundry-m
anagement-system\front
end\node_modules\next\
dist\compiled\next-ser
ver\app-page.runtime.p
rod.js:12:92949)
    at rR (D:\laundry-
management-system\fron
tend\node_modules\next
\dist\compiled\next-se
rver\app-page.runtime.
prod.js:12:33975)
    at nL (D:\laundry-
management-system\fron
tend\node_modules\next
\dist\compiled\next-se
rver\app-page.runtime.
prod.js:12:62305)
    at nB (D:\laundry-
management-system\fron
tend\node_modules\next
\dist\compiled\next-se
rver\app-page.runtime.
prod.js:12:67539)
ReferenceError: 
window is not defined
    at 90719 (D:\laund
ry-management-system\f
rontend\.next\server\c
hunks\9377.js:1:11697)
    at t (D:\laundry-m
anagement-system\front
end\.next\server\webpa
ck-runtime.js:1:127)
    at 60324 (D:\laund
ry-management-system\f
rontend\.next\server\c
hunks\9377.js:1:3664)
    at Object.t [as 
require] (D:\laundry-m
anagement-system\front
end\.next\server\webpa
ck-runtime.js:1:127)
    at require (D:\lau
ndry-management-system
\frontend\node_modules
\next\dist\compiled\ne
xt-server\app-page.run
time.prod.js:17:18811)
    at A (D:\laundry-m
anagement-system\front
end\node_modules\next\
dist\compiled\next-ser
ver\app-page.runtime.p
rod.js:12:94398)
    at R (D:\laundry-m
anagement-system\front
end\node_modules\next\
dist\compiled\next-ser
ver\app-page.runtime.p
rod.js:12:92949)
    at rR (D:\laundry-
management-system\fron
tend\node_modules\next
\dist\compiled\next-se
rver\app-page.runtime.
prod.js:12:33975)
    at nL (D:\laundry-
management-system\fron
tend\node_modules\next
\dist\compiled\next-se
rver\app-page.runtime.
prod.js:12:62305)
    at nB (D:\laundry-
management-system\fron
tend\node_modules\next
\dist\compiled\next-se
rver\app-page.runtime.
prod.js:12:67539) {
  digest: '2229572071'
}

Error occurred 
prerendering page 
"/branch/reviews". 
Read more: https://nex
tjs.org/docs/messages/
prerender-error

ReferenceError: 
window is not defined
    at 90719 (D:\laund
ry-management-system\f
rontend\.next\server\c
hunks\9377.js:1:11697)
    at t (D:\laundry-m
anagement-system\front
end\.next\server\webpa
ck-runtime.js:1:127)
    at 60324 (D:\laund
ry-management-system\f
rontend\.next\server\c
hunks\9377.js:1:3664)
    at Object.t [as 
require] (D:\laundry-m
anagement-system\front
end\.next\server\webpa
ck-runtime.js:1:127)
    at require (D:\lau
ndry-management-system
\frontend\node_modules
\next\dist\compiled\ne
xt-server\app-page.run
time.prod.js:17:18811)
    at A (D:\laundry-m
anagement-system\front
end\node_modules\next\
dist\compiled\next-ser
ver\app-page.runtime.p
rod.js:12:94398)
    at R (D:\laundry-m
anagement-system\front
end\node_modules\next\
dist\compiled\next-ser
ver\app-page.runtime.p
rod.js:12:92949)
    at rR (D:\laundry-
management-system\fron
tend\node_modules\next
\dist\compiled\next-se
rver\app-page.runtime.
prod.js:12:33975)
    at nL (D:\laundry-
management-system\fron
tend\node_modules\next
\dist\compiled\next-se
rver\app-page.runtime.
prod.js:12:62305)
    at nB (D:\laundry-
management-system\fron
tend\node_modules\next
\dist\compiled\next-se
rver\app-page.runtime.
prod.js:12:67539)
ReferenceError: 
window is not defined
    at 90719 (D:\laund
ry-management-system\f
rontend\.next\server\c
hunks\9377.js:1:11697)
    at t (D:\laundry-m
anagement-system\front
end\.next\server\webpa
ck-runtime.js:1:127)
    at 60324 (D:\laund
ry-management-system\f
rontend\.next\server\c
hunks\9377.js:1:3664)
    at Object.t [as 
require] (D:\laundry-m
anagement-system\front
end\.next\server\webpa
ck-runtime.js:1:127)
    at require (D:\lau
ndry-management-system
\frontend\node_modules
\next\dist\compiled\ne
xt-server\app-page.run
time.prod.js:17:18811)
    at A (D:\laundry-m
anagement-system\front
end\node_modules\next\
dist\compiled\next-ser
ver\app-page.runtime.p
rod.js:12:94398)
    at R (D:\laundry-m
anagement-system\front
end\node_modules\next\
dist\compiled\next-ser
ver\app-page.runtime.p
rod.js:12:92949)
    at rR (D:\laundry-
management-system\fron
tend\node_modules\next
\dist\compiled\next-se
rver\app-page.runtime.
prod.js:12:33975)
    at nL (D:\laundry-
management-system\fron
tend\node_modules\next
\dist\compiled\next-se
rver\app-page.runtime.
prod.js:12:62305)
    at nB (D:\laundry-
management-system\fron
tend\node_modules\next
\dist\compiled\next-se
rver\app-page.runtime.
prod.js:12:67539) {
  digest: '2229572071'
}

Error occurred 
prerendering page "/br
anch-admin/services". 
Read more: https://nex
tjs.org/docs/messages/
prerender-error

ReferenceError: 
window is not defined
    at 90719 (D:\laund
ry-management-system\f
rontend\.next\server\c
hunks\9377.js:1:11697)
    at t (D:\laundry-m
anagement-system\front
end\.next\server\webpa
ck-runtime.js:1:127)
    at 60324 (D:\laund
ry-management-system\f
rontend\.next\server\c
hunks\9377.js:1:3664)
    at Object.t [as 
require] (D:\laundry-m
anagement-system\front
end\.next\server\webpa
ck-runtime.js:1:127)
    at require (D:\lau
ndry-management-system
\frontend\node_modules
\next\dist\compiled\ne
xt-server\app-page.run
time.prod.js:17:18811)
    at A (D:\laundry-m
anagement-system\front
end\node_modules\next\
dist\compiled\next-ser
ver\app-page.runtime.p
rod.js:12:94398)
    at R (D:\laundry-m
anagement-system\front
end\node_modules\next\
dist\compiled\next-ser
ver\app-page.runtime.p
rod.js:12:92949)
    at rR (D:\laundry-
management-system\fron
tend\node_modules\next
\dist\compiled\next-se
rver\app-page.runtime.
prod.js:12:33975)
    at nL (D:\laundry-
management-system\fron
tend\node_modules\next
\dist\compiled\next-se
rver\app-page.runtime.
prod.js:12:62305)
    at nB (D:\laundry-
management-system\fron
tend\node_modules\next
\dist\compiled\next-se
rver\app-page.runtime.
prod.js:12:67539)
ReferenceError: 
window is not defined
    at 90719 (D:\laund
ry-management-system\f
rontend\.next\server\c
hunks\9377.js:1:11697)
    at t (D:\laundry-m
anagement-system\front
end\.next\server\webpa
ck-runtime.js:1:127)
    at 60324 (D:\laund
ry-management-system\f
rontend\.next\server\c
hunks\9377.js:1:3664)
    at Object.t [as 
require] (D:\laundry-m
anagement-system\front
end\.next\server\webpa
ck-runtime.js:1:127)
    at require (D:\lau
ndry-management-system
\frontend\node_modules
\next\dist\compiled\ne
xt-server\app-page.run
time.prod.js:17:18811)
    at A (D:\laundry-m
anagement-system\front
end\node_modules\next\
dist\compiled\next-ser
ver\app-page.runtime.p
rod.js:12:94398)
    at R (D:\laundry-m
anagement-system\front
end\node_modules\next\
dist\compiled\next-ser
ver\app-page.runtime.p
rod.js:12:92949)
    at rR (D:\laundry-
management-system\fron
tend\node_modules\next
\dist\compiled\next-se
rver\app-page.runtime.
prod.js:12:33975)
    at nL (D:\laundry-
management-system\fron
tend\node_modules\next
\dist\compiled\next-se
rver\app-page.runtime.
prod.js:12:62305)
    at nB (D:\laundry-
management-system\fron
tend\node_modules\next
\dist\compiled\next-se
rver\app-page.runtime.
prod.js:12:67539) {
  digest: '2229572071'
}

Error occurred 
prerendering page 
"/branch/staff". Read 
more: https://nextjs.o
rg/docs/messages/prere
nder-error

ReferenceError: 
window is not defined
    at 90719 (D:\laund
ry-management-system\f
rontend\.next\server\c
hunks\9377.js:1:11697)
    at t (D:\laundry-m
anagement-system\front
end\.next\server\webpa
ck-runtime.js:1:127)
    at 60324 (D:\laund
ry-management-system\f
rontend\.next\server\c
hunks\9377.js:1:3664)
    at Object.t [as 
require] (D:\laundry-m
anagement-system\front
end\.next\server\webpa
ck-runtime.js:1:127)
    at require (D:\lau
ndry-management-system
\frontend\node_modules
\next\dist\compiled\ne
xt-server\app-page.run
time.prod.js:17:18811)
    at A (D:\laundry-m
anagement-system\front
end\node_modules\next\
dist\compiled\next-ser
ver\app-page.runtime.p
rod.js:12:94398)
    at R (D:\laundry-m
anagement-system\front
end\node_modules\next\
dist\compiled\next-ser
ver\app-page.runtime.p
rod.js:12:92949)
    at rR (D:\laundry-
management-system\fron
tend\node_modules\next
\dist\compiled\next-se
rver\app-page.runtime.
prod.js:12:33975)
    at nL (D:\laundry-
management-system\fron
tend\node_modules\next
\dist\compiled\next-se
rver\app-page.runtime.
prod.js:12:62305)
    at nB (D:\laundry-
management-system\fron
tend\node_modules\next
\dist\compiled\next-se
rver\app-page.runtime.
prod.js:12:67539)
ReferenceError: 
window is not defined
    at 90719 (D:\laund
ry-management-system\f
rontend\.next\server\c
hunks\9377.js:1:11697)
    at t (D:\laundry-m
anagement-system\front
end\.next\server\webpa
ck-runtime.js:1:127)
    at 2312 (D:\laundr
y-management-system\fr
ontend\.next\server\ch
unks\8553.js:1:11651)
    at Object.t [as 
require] (D:\laundry-m
anagement-system\front
end\.next\server\webpa
ck-runtime.js:1:127)
    at require (D:\lau
ndry-management-system
\frontend\node_modules
\next\dist\compiled\ne
xt-server\app-page.run
time.prod.js:17:18811)
    at s (D:\laundry-m
anagement-system\front
end\node_modules\next\
dist\compiled\next-ser
ver\app-page.runtime.p
rod.js:12:88330)
    at D:\laundry-mana
gement-system\frontend
\node_modules\next\dis
t\compiled\next-server
\app-page.runtime.prod
.js:12:98875
    at D:\laundry-mana
gement-system\frontend
\node_modules\next\dis
t\compiled\next-server
\app-page.runtime.prod
.js:12:98962
    at t (D:\laundry-m
anagement-system\front
end\node_modules\next\
dist\compiled\next-ser
ver\app-page.runtime.p
rod.js:12:99165) {
  digest: '2366843348'
}

Error occurred 
prerendering page 
"/admin/dashboard". 
Read more: https://nex
tjs.org/docs/messages/
prerender-error

ReferenceError: 
window is not defined
    at 90719 (D:\laund
ry-management-system\f
rontend\.next\server\c
hunks\9377.js:1:11697)
    at t (D:\laundry-m
anagement-system\front
end\.next\server\webpa
ck-runtime.js:1:127)
    at 2312 (D:\laundr
y-management-system\fr
ontend\.next\server\ch
unks\8553.js:1:11651)
    at Object.t [as 
require] (D:\laundry-m
anagement-system\front
end\.next\server\webpa
ck-runtime.js:1:127)
    at require (D:\lau
ndry-management-system
\frontend\node_modules
\next\dist\compiled\ne
xt-server\app-page.run
time.prod.js:17:18811)
    at s (D:\laundry-m
anagement-system\front
end\node_modules\next\
dist\compiled\next-ser
ver\app-page.runtime.p
rod.js:12:88330)
    at D:\laundry-mana
gement-system\frontend
\node_modules\next\dis
t\compiled\next-server
\app-page.runtime.prod
.js:12:98875
    at D:\laundry-mana
gement-system\frontend
\node_modules\next\dis
t\compiled\next-server
\app-page.runtime.prod
.js:12:98962
    at t (D:\laundry-m
anagement-system\front
end\node_modules\next\
dist\compiled\next-ser
ver\app-page.runtime.p
rod.js:12:99165)
ReferenceError: 
window is not defined
    at 90719 (D:\laund
ry-management-system\f
rontend\.next\server\c
hunks\9377.js:1:11697)
    at t (D:\laundry-m
anagement-system\front
end\.next\server\webpa
ck-runtime.js:1:127)
    at 60324 (D:\laund
ry-management-system\f
rontend\.next\server\c
hunks\9377.js:1:3664)
    at Object.t [as 
require] (D:\laundry-m
anagement-system\front
end\.next\server\webpa
ck-runtime.js:1:127)
    at require (D:\lau
ndry-management-system
\frontend\node_modules
\next\dist\compiled\ne
xt-server\app-page.run
time.prod.js:17:18811)
    at A (D:\laundry-m
anagement-system\front
end\node_modules\next\
dist\compiled\next-ser
ver\app-page.runtime.p
rod.js:12:94398)
    at R (D:\laundry-m
anagement-system\front
end\node_modules\next\
dist\compiled\next-ser
ver\app-page.runtime.p
rod.js:12:92949)
    at rR (D:\laundry-
management-system\fron
tend\node_modules\next
\dist\compiled\next-se
rver\app-page.runtime.
prod.js:12:33975)
    at nL (D:\laundry-
management-system\fron
tend\node_modules\next
\dist\compiled\next-se
rver\app-page.runtime.
prod.js:12:62305)
    at nB (D:\laundry-
management-system\fron
tend\node_modules\next
\dist\compiled\next-se
rver\app-page.runtime.
prod.js:12:67539) {
  digest: '2229572071'
}

Error occurred 
prerendering page "/ce
nter-admin/inventory".
 Read more: https://ne
xtjs.org/docs/messages
/prerender-error

ReferenceError: 
window is not defined
    at 90719 (D:\laund
ry-management-system\f
rontend\.next\server\c
hunks\9377.js:1:11697)
    at t (D:\laundry-m
anagement-system\front
end\.next\server\webpa
ck-runtime.js:1:127)
    at 60324 (D:\laund
ry-management-system\f
rontend\.next\server\c
hunks\9377.js:1:3664)
    at Object.t [as 
require] (D:\laundry-m
anagement-system\front
end\.next\server\webpa
ck-runtime.js:1:127)
    at require (D:\lau
ndry-management-system
\frontend\node_modules
\next\dist\compiled\ne
xt-server\app-page.run
time.prod.js:17:18811)
    at A (D:\laundry-m
anagement-system\front
end\node_modules\next\
dist\compiled\next-ser
ver\app-page.runtime.p
rod.js:12:94398)
    at R (D:\laundry-m
anagement-system\front
end\node_modules\next\
dist\compiled\next-ser
ver\app-page.runtime.p
rod.js:12:92949)
    at rR (D:\laundry-
management-system\fron
tend\node_modules\next
\dist\compiled\next-se
rver\app-page.runtime.
prod.js:12:33975)
    at nL (D:\laundry-
management-system\fron
tend\node_modules\next
\dist\compiled\next-se
rver\app-page.runtime.
prod.js:12:62305)
    at nB (D:\laundry-
management-system\fron
tend\node_modules\next
\dist\compiled\next-se
rver\app-page.runtime.
prod.js:12:67539)
ReferenceError: 
window is not defined
    at 90719 (D:\laund
ry-management-system\f
rontend\.next\server\c
hunks\9377.js:1:11697)
    at t (D:\laundry-m
anagement-system\front
end\.next\server\webpa
ck-runtime.js:1:127)
    at 60324 (D:\laund
ry-management-system\f
rontend\.next\server\c
hunks\9377.js:1:3664)
    at Object.t [as 
require] (D:\laundry-m
anagement-system\front
end\.next\server\webpa
ck-runtime.js:1:127)
    at require (D:\lau
ndry-management-system
\frontend\node_modules
\next\dist\compiled\ne
xt-server\app-page.run
time.prod.js:17:18811)
    at A (D:\laundry-m
anagement-system\front
end\node_modules\next\
dist\compiled\next-ser
ver\app-page.runtime.p
rod.js:12:94398)
    at R (D:\laundry-m
anagement-system\front
end\node_modules\next\
dist\compiled\next-ser
ver\app-page.runtime.p
rod.js:12:92949)
    at rR (D:\laundry-
management-system\fron
tend\node_modules\next
\dist\compiled\next-se
rver\app-page.runtime.
prod.js:12:33975)
    at nL (D:\laundry-
management-system\fron
tend\node_modules\next
\dist\compiled\next-se
rver\app-page.runtime.
prod.js:12:62305)
    at nB (D:\laundry-
management-system\fron
tend\node_modules\next
\dist\compiled\next-se
rver\app-page.runtime.
prod.js:12:67539) {
  digest: '2229572071'
}

Error occurred 
prerendering page "/ce
nter-admin/profile". 
Read more: https://nex
tjs.org/docs/messages/
prerender-error

ReferenceError: 
window is not defined
    at 90719 (D:\laund
ry-management-system\f
rontend\.next\server\c
hunks\9377.js:1:11697)
    at t (D:\laundry-m
anagement-system\front
end\.next\server\webpa
ck-runtime.js:1:127)
    at 60324 (D:\laund
ry-management-system\f
rontend\.next\server\c
hunks\9377.js:1:3664)
    at Object.t [as 
require] (D:\laundry-m
anagement-system\front
end\.next\server\webpa
ck-runtime.js:1:127)
    at require (D:\lau
ndry-management-system
\frontend\node_modules
\next\dist\compiled\ne
xt-server\app-page.run
time.prod.js:17:18811)
    at A (D:\laundry-m
anagement-system\front
end\node_modules\next\
dist\compiled\next-ser
ver\app-page.runtime.p
rod.js:12:94398)
    at R (D:\laundry-m
anagement-system\front
end\node_modules\next\
dist\compiled\next-ser
ver\app-page.runtime.p
rod.js:12:92949)
    at rR (D:\laundry-
management-system\fron
tend\node_modules\next
\dist\compiled\next-se
rver\app-page.runtime.
prod.js:12:33975)
    at nL (D:\laundry-
management-system\fron
tend\node_modules\next
\dist\compiled\next-se
rver\app-page.runtime.
prod.js:12:62305)
    at nB (D:\laundry-
management-system\fron
tend\node_modules\next
\dist\compiled\next-se
rver\app-page.runtime.
prod.js:12:67539)
ReferenceError: 
window is not defined
    at 90719 (D:\laund
ry-management-system\f
rontend\.next\server\c
hunks\9377.js:1:11697)
    at t (D:\laundry-m
anagement-system\front
end\.next\server\webpa
ck-runtime.js:1:127)
    at 60324 (D:\laund
ry-management-system\f
rontend\.next\server\c
hunks\9377.js:1:3664)
    at Object.t [as 
require] (D:\laundry-m
anagement-system\front
end\.next\server\webpa
ck-runtime.js:1:127)
    at require (D:\lau
ndry-management-system
\frontend\node_modules
\next\dist\compiled\ne
xt-server\app-page.run
time.prod.js:17:18811)
    at A (D:\laundry-m
anagement-system\front
end\node_modules\next\
dist\compiled\next-ser
ver\app-page.runtime.p
rod.js:12:94398)
    at R (D:\laundry-m
anagement-system\front
end\node_modules\next\
dist\compiled\next-ser
ver\app-page.runtime.p
rod.js:12:92949)
    at rR (D:\laundry-
management-system\fron
tend\node_modules\next
\dist\compiled\next-se
rver\app-page.runtime.
prod.js:12:33975)
    at nL (D:\laundry-
management-system\fron
tend\node_modules\next
\dist\compiled\next-se
rver\app-page.runtime.
prod.js:12:62305)
    at nB (D:\laundry-
management-system\fron
tend\node_modules\next
\dist\compiled\next-se
rver\app-page.runtime.
prod.js:12:67539) {
  digest: '2229572071'
}

Error occurred 
prerendering page "/ce
nter-admin/orders". 
Read more: https://nex
tjs.org/docs/messages/
prerender-error

ReferenceError: 
window is not defined
    at 90719 (D:\laund
ry-management-system\f
rontend\.next\server\c
hunks\9377.js:1:11697)
    at t (D:\laundry-m
anagement-system\front
end\.next\server\webpa
ck-runtime.js:1:127)
    at 60324 (D:\laund
ry-management-system\f
rontend\.next\server\c
hunks\9377.js:1:3664)
    at Object.t [as 
require] (D:\laundry-m
anagement-system\front
end\.next\server\webpa
ck-runtime.js:1:127)
    at require (D:\lau
ndry-management-system
\frontend\node_modules
\next\dist\compiled\ne
xt-server\app-page.run
time.prod.js:17:18811)
    at A (D:\laundry-m
anagement-system\front
end\node_modules\next\
dist\compiled\next-ser
ver\app-page.runtime.p
rod.js:12:94398)
    at R (D:\laundry-m
anagement-system\front
end\node_modules\next\
dist\compiled\next-ser
ver\app-page.runtime.p
rod.js:12:92949)
    at rR (D:\laundry-
management-system\fron
tend\node_modules\next
\dist\compiled\next-se
rver\app-page.runtime.
prod.js:12:33975)
    at nL (D:\laundry-
management-system\fron
tend\node_modules\next
\dist\compiled\next-se
rver\app-page.runtime.
prod.js:12:62305)
    at nB (D:\laundry-
management-system\fron
tend\node_modules\next
\dist\compiled\next-se
rver\app-page.runtime.
prod.js:12:67539)
ReferenceError: 
window is not defined
    at 90719 (D:\laund
ry-management-system\f
rontend\.next\server\c
hunks\9377.js:1:11697)
    at t (D:\laundry-m
anagement-system\front
end\.next\server\webpa
ck-runtime.js:1:127)
    at 60324 (D:\laund
ry-management-system\f
rontend\.next\server\c
hunks\9377.js:1:3664)
    at Object.t [as 
require] (D:\laundry-m
anagement-system\front
end\.next\server\webpa
ck-runtime.js:1:127)
    at require (D:\lau
ndry-management-system
\frontend\node_modules
\next\dist\compiled\ne
xt-server\app-page.run
time.prod.js:17:18811)
    at A (D:\laundry-m
anagement-system\front
end\node_modules\next\
dist\compiled\next-ser
ver\app-page.runtime.p
rod.js:12:94398)
    at R (D:\laundry-m
anagement-system\front
end\node_modules\next\
dist\compiled\next-ser
ver\app-page.runtime.p
rod.js:12:92949)
    at rR (D:\laundry-
management-system\fron
tend\node_modules\next
\dist\compiled\next-se
rver\app-page.runtime.
prod.js:12:33975)
    at nL (D:\laundry-
management-system\fron
tend\node_modules\next
\dist\compiled\next-se
rver\app-page.runtime.
prod.js:12:62305)
    at nB (D:\laundry-
management-system\fron
tend\node_modules\next
\dist\compiled\next-se
rver\app-page.runtime.
prod.js:12:67539) {
  digest: '2229572071'
}

Error occurred 
prerendering page "/ce
nter-admin/scanner". 
Read more: https://nex
tjs.org/docs/messages/
prerender-error

ReferenceError: 
window is not defined
    at 90719 (D:\laund
ry-management-system\f
rontend\.next\server\c
hunks\9377.js:1:11697)
    at t (D:\laundry-m
anagement-system\front
end\.next\server\webpa
ck-runtime.js:1:127)
    at 60324 (D:\laund
ry-management-system\f
rontend\.next\server\c
hunks\9377.js:1:3664)
    at Object.t [as 
require] (D:\laundry-m
anagement-system\front
end\.next\server\webpa
ck-runtime.js:1:127)
    at require (D:\lau
ndry-management-system
\frontend\node_modules
\next\dist\compiled\ne
xt-server\app-page.run
time.prod.js:17:18811)
    at A (D:\laundry-m
anagement-system\front
end\node_modules\next\
dist\compiled\next-ser
ver\app-page.runtime.p
rod.js:12:94398)
    at R (D:\laundry-m
anagement-system\front
end\node_modules\next\
dist\compiled\next-ser
ver\app-page.runtime.p
rod.js:12:92949)
    at rR (D:\laundry-
management-system\fron
tend\node_modules\next
\dist\compiled\next-se
rver\app-page.runtime.
prod.js:12:33975)
    at nL (D:\laundry-
management-system\fron
tend\node_modules\next
\dist\compiled\next-se
rver\app-page.runtime.
prod.js:12:62305)
    at nB (D:\laundry-
management-system\fron
tend\node_modules\next
\dist\compiled\next-se
rver\app-page.runtime.
prod.js:12:67539)
ReferenceError: 
window is not defined
    at 90719 (D:\laund
ry-management-system\f
rontend\.next\server\c
hunks\9377.js:1:11697)
    at t (D:\laundry-m
anagement-system\front
end\.next\server\webpa
ck-runtime.js:1:127)
    at 60324 (D:\laund
ry-management-system\f
rontend\.next\server\c
hunks\9377.js:1:3664)
    at Object.t [as 
require] (D:\laundry-m
anagement-system\front
end\.next\server\webpa
ck-runtime.js:1:127)
    at require (D:\lau
ndry-management-system
\frontend\node_modules
\next\dist\compiled\ne
xt-server\app-page.run
time.prod.js:17:18811)
    at A (D:\laundry-m
anagement-system\front
end\node_modules\next\
dist\compiled\next-ser
ver\app-page.runtime.p
rod.js:12:94398)
    at R (D:\laundry-m
anagement-system\front
end\node_modules\next\
dist\compiled\next-ser
ver\app-page.runtime.p
rod.js:12:92949)
    at rR (D:\laundry-
management-system\fron
tend\node_modules\next
\dist\compiled\next-se
rver\app-page.runtime.
prod.js:12:33975)
    at nL (D:\laundry-
management-system\fron
tend\node_modules\next
\dist\compiled\next-se
rver\app-page.runtime.
prod.js:12:62305)
    at nB (D:\laundry-
management-system\fron
tend\node_modules\next
\dist\compiled\next-se
rver\app-page.runtime.
prod.js:12:67539) {
  digest: '2229572071'
}

Error occurred 
prerendering page 
"/branch/dashboard". 
Read more: https://nex
tjs.org/docs/messages/
prerender-error

ReferenceError: 
window is not defined
    at 90719 (D:\laund
ry-management-system\f
rontend\.next\server\c
hunks\9377.js:1:11697)
    at t (D:\laundry-m
anagement-system\front
end\.next\server\webpa
ck-runtime.js:1:127)
    at 60324 (D:\laund
ry-management-system\f
rontend\.next\server\c
hunks\9377.js:1:3664)
    at Object.t [as 
require] (D:\laundry-m
anagement-system\front
end\.next\server\webpa
ck-runtime.js:1:127)
    at require (D:\lau
ndry-management-system
\frontend\node_modules
\next\dist\compiled\ne
xt-server\app-page.run
time.prod.js:17:18811)
    at A (D:\laundry-m
anagement-system\front
end\node_modules\next\
dist\compiled\next-ser
ver\app-page.runtime.p
rod.js:12:94398)
    at R (D:\laundry-m
anagement-system\front
end\node_modules\next\
dist\compiled\next-ser
ver\app-page.runtime.p
rod.js:12:92949)
    at rR (D:\laundry-
management-system\fron
tend\node_modules\next
\dist\compiled\next-se
rver\app-page.runtime.
prod.js:12:33975)
    at nL (D:\laundry-
management-system\fron
tend\node_modules\next
\dist\compiled\next-se
rver\app-page.runtime.
prod.js:12:62305)
    at nB (D:\laundry-
management-system\fron
tend\node_modules\next
\dist\compiled\next-se
rver\app-page.runtime.
prod.js:12:67539)
ReferenceError: 
window is not defined
    at 90719 (D:\laund
ry-management-system\f
rontend\.next\server\c
hunks\9377.js:1:11697)
    at t (D:\laundry-m
anagement-system\front
end\.next\server\webpa
ck-runtime.js:1:127)
    at 60324 (D:\laund
ry-management-system\f
rontend\.next\server\c
hunks\9377.js:1:3664)
    at Object.t [as 
require] (D:\laundry-m
anagement-system\front
end\.next\server\webpa
ck-runtime.js:1:127)
    at require (D:\lau
ndry-management-system
\frontend\node_modules
\next\dist\compiled\ne
xt-server\app-page.run
time.prod.js:17:18811)
    at A (D:\laundry-m
anagement-system\front
end\node_modules\next\
dist\compiled\next-ser
ver\app-page.runtime.p
rod.js:12:94398)
    at R (D:\laundry-m
anagement-system\front
end\node_modules\next\
dist\compiled\next-ser
ver\app-page.runtime.p
rod.js:12:92949)
    at rR (D:\laundry-
management-system\fron
tend\node_modules\next
\dist\compiled\next-se
rver\app-page.runtime.
prod.js:12:33975)
    at nL (D:\laundry-
management-system\fron
tend\node_modules\next
\dist\compiled\next-se
rver\app-page.runtime.
prod.js:12:62305)
    at nB (D:\laundry-
management-system\fron
tend\node_modules\next
\dist\compiled\next-se
rver\app-page.runtime.
prod.js:12:67539) {
  digest: '2229572071'
}

Error occurred 
prerendering page "/ce
nter-admin/services". 
Read more: https://nex
tjs.org/docs/messages/
prerender-error

ReferenceError: 
window is not defined
    at 90719 (D:\laund
ry-management-system\f
rontend\.next\server\c
hunks\9377.js:1:11697)
    at t (D:\laundry-m
anagement-system\front
end\.next\server\webpa
ck-runtime.js:1:127)
    at 60324 (D:\laund
ry-management-system\f
rontend\.next\server\c
hunks\9377.js:1:3664)
    at Object.t [as 
require] (D:\laundry-m
anagement-system\front
end\.next\server\webpa
ck-runtime.js:1:127)
    at require (D:\lau
ndry-management-system
\frontend\node_modules
\next\dist\compiled\ne
xt-server\app-page.run
time.prod.js:17:18811)
    at A (D:\laundry-m
anagement-system\front
end\node_modules\next\
dist\compiled\next-ser
ver\app-page.runtime.p
rod.js:12:94398)
    at R (D:\laundry-m
anagement-system\front
end\node_modules\next\
dist\compiled\next-ser
ver\app-page.runtime.p
rod.js:12:92949)
    at rR (D:\laundry-
management-system\fron
tend\node_modules\next
\dist\compiled\next-se
rver\app-page.runtime.
prod.js:12:33975)
    at nL (D:\laundry-
management-system\fron
tend\node_modules\next
\dist\compiled\next-se
rver\app-page.runtime.
prod.js:12:62305)
    at nB (D:\laundry-
management-system\fron
tend\node_modules\next
\dist\compiled\next-se
rver\app-page.runtime.
prod.js:12:67539)
ReferenceError: 
window is not defined
    at 90719 (D:\laund
ry-management-system\f
rontend\.next\server\c
hunks\9377.js:1:11697)
    at t (D:\laundry-m
anagement-system\front
end\.next\server\webpa
ck-runtime.js:1:127)
    at 60324 (D:\laund
ry-management-system\f
rontend\.next\server\c
hunks\9377.js:1:3664)
    at Object.t [as 
require] (D:\laundry-m
anagement-system\front
end\.next\server\webpa
ck-runtime.js:1:127)
    at require (D:\lau
ndry-management-system
\frontend\node_modules
\next\dist\compiled\ne
xt-server\app-page.run
time.prod.js:17:18811)
    at A (D:\laundry-m
anagement-system\front
end\node_modules\next\
dist\compiled\next-ser
ver\app-page.runtime.p
rod.js:12:94398)
    at R (D:\laundry-m
anagement-system\front
end\node_modules\next\
dist\compiled\next-ser
ver\app-page.runtime.p
rod.js:12:92949)
    at rR (D:\laundry-
management-system\fron
tend\node_modules\next
\dist\compiled\next-se
rver\app-page.runtime.
prod.js:12:33975)
    at nL (D:\laundry-
management-system\fron
tend\node_modules\next
\dist\compiled\next-se
rver\app-page.runtime.
prod.js:12:62305)
    at nB (D:\laundry-
management-system\fron
tend\node_modules\next
\dist\compiled\next-se
rver\app-page.runtime.
prod.js:12:67539) {
  digest: '2229572071'
}

Error occurred 
prerendering page "/ce
nter-admin/staff-types
". Read more: https://
nextjs.org/docs/messag
es/prerender-error

ReferenceError: 
window is not defined
    at 90719 (D:\laund
ry-management-system\f
rontend\.next\server\c
hunks\9377.js:1:11697)
    at t (D:\laundry-m
anagement-system\front
end\.next\server\webpa
ck-runtime.js:1:127)
    at 60324 (D:\laund
ry-management-system\f
rontend\.next\server\c
hunks\9377.js:1:3664)
    at Object.t [as 
require] (D:\laundry-m
anagement-system\front
end\.next\server\webpa
ck-runtime.js:1:127)
    at require (D:\lau
ndry-management-system
\frontend\node_modules
\next\dist\compiled\ne
xt-server\app-page.run
time.prod.js:17:18811)
    at A (D:\laundry-m
anagement-system\front
end\node_modules\next\
dist\compiled\next-ser
ver\app-page.runtime.p
rod.js:12:94398)
    at R (D:\laundry-m
anagement-system\front
end\node_modules\next\
dist\compiled\next-ser
ver\app-page.runtime.p
rod.js:12:92949)
    at rR (D:\laundry-
management-system\fron
tend\node_modules\next
\dist\compiled\next-se
rver\app-page.runtime.
prod.js:12:33975)
    at nL (D:\laundry-
management-system\fron
tend\node_modules\next
\dist\compiled\next-se
rver\app-page.runtime.
prod.js:12:62305)
    at nB (D:\laundry-
management-system\fron
tend\node_modules\next
\dist\compiled\next-se
rver\app-page.runtime.
prod.js:12:67539)
ReferenceError: 
window is not defined
    at 90719 (D:\laund
ry-management-system\f
rontend\.next\server\c
hunks\9377.js:1:11697)
    at t (D:\laundry-m
anagement-system\front
end\.next\server\webpa
ck-runtime.js:1:127)
    at 60324 (D:\laund
ry-management-system\f
rontend\.next\server\c
hunks\9377.js:1:3664)
    at Object.t [as 
require] (D:\laundry-m
anagement-system\front
end\.next\server\webpa
ck-runtime.js:1:127)
    at require (D:\lau
ndry-management-system
\frontend\node_modules
\next\dist\compiled\ne
xt-server\app-page.run
time.prod.js:17:18811)
    at A (D:\laundry-m
anagement-system\front
end\node_modules\next\
dist\compiled\next-ser
ver\app-page.runtime.p
rod.js:12:94398)
    at R (D:\laundry-m
anagement-system\front
end\node_modules\next\
dist\compiled\next-ser
ver\app-page.runtime.p
rod.js:12:92949)
    at rR (D:\laundry-
management-system\fron
tend\node_modules\next
\dist\compiled\next-se
rver\app-page.runtime.
prod.js:12:33975)
    at nL (D:\laundry-
management-system\fron
tend\node_modules\next
\dist\compiled\next-se
rver\app-page.runtime.
prod.js:12:62305)
    at nB (D:\laundry-
management-system\fron
tend\node_modules\next
\dist\compiled\next-se
rver\app-page.runtime.
prod.js:12:67539) {
  digest: '2229572071'
}

Error occurred 
prerendering page "/ce
nter-admin/staff". 
Read more: https://nex
tjs.org/docs/messages/
prerender-error

ReferenceError: 
window is not defined
    at 90719 (D:\laund
ry-management-system\f
rontend\.next\server\c
hunks\9377.js:1:11697)
    at t (D:\laundry-m
anagement-system\front
end\.next\server\webpa
ck-runtime.js:1:127)
    at 60324 (D:\laund
ry-management-system\f
rontend\.next\server\c
hunks\9377.js:1:3664)
    at Object.t [as 
require] (D:\laundry-m
anagement-system\front
end\.next\server\webpa
ck-runtime.js:1:127)
    at require (D:\lau
ndry-management-system
\frontend\node_modules
\next\dist\compiled\ne
xt-server\app-page.run
time.prod.js:17:18811)
    at A (D:\laundry-m
anagement-system\front
end\node_modules\next\
dist\compiled\next-ser
ver\app-page.runtime.p
rod.js:12:94398)
    at R (D:\laundry-m
anagement-system\front
end\node_modules\next\
dist\compiled\next-ser
ver\app-page.runtime.p
rod.js:12:92949)
    at rR (D:\laundry-
management-system\fron
tend\node_modules\next
\dist\compiled\next-se
rver\app-page.runtime.
prod.js:12:33975)
    at nL (D:\laundry-
management-system\fron
tend\node_modules\next
\dist\compiled\next-se
rver\app-page.runtime.
prod.js:12:62305)
    at nB (D:\laundry-
management-system\fron
tend\node_modules\next
\dist\compiled\next-se
rver\app-page.runtime.
prod.js:12:67539)
ReferenceError: 
window is not defined
    at 90719 (D:\laund
ry-management-system\f
rontend\.next\server\c
hunks\9377.js:1:11697)
    at t (D:\laundry-m
anagement-system\front
end\.next\server\webpa
ck-runtime.js:1:127)
    at 60324 (D:\laund
ry-management-system\f
rontend\.next\server\c
hunks\9377.js:1:3664)
    at Object.t [as 
require] (D:\laundry-m
anagement-system\front
end\.next\server\webpa
ck-runtime.js:1:127)
    at require (D:\lau
ndry-management-system
\frontend\node_modules
\next\dist\compiled\ne
xt-server\app-page.run
time.prod.js:17:18811)
    at A (D:\laundry-m
anagement-system\front
end\node_modules\next\
dist\compiled\next-ser
ver\app-page.runtime.p
rod.js:12:94398)
    at R (D:\laundry-m
anagement-system\front
end\node_modules\next\
dist\compiled\next-ser
ver\app-page.runtime.p
rod.js:12:92949)
    at rR (D:\laundry-
management-system\fron
tend\node_modules\next
\dist\compiled\next-se
rver\app-page.runtime.
prod.js:12:33975)
    at nL (D:\laundry-
management-system\fron
tend\node_modules\next
\dist\compiled\next-se
rver\app-page.runtime.
prod.js:12:62305)
    at nB (D:\laundry-
management-system\fron
tend\node_modules\next
\dist\compiled\next-se
rver\app-page.runtime.
prod.js:12:67539) {
  digest: '2229572071'
}

Error occurred 
prerendering page 
"/branch/settings". 
Read more: https://nex
tjs.org/docs/messages/
prerender-error

ReferenceError: 
window is not defined
    at 90719 (D:\laund
ry-management-system\f
rontend\.next\server\c
hunks\9377.js:1:11697)
    at t (D:\laundry-m
anagement-system\front
end\.next\server\webpa
ck-runtime.js:1:127)
    at 60324 (D:\laund
ry-management-system\f
rontend\.next\server\c
hunks\9377.js:1:3664)
    at Object.t [as 
require] (D:\laundry-m
anagement-system\front
end\.next\server\webpa
ck-runtime.js:1:127)
    at require (D:\lau
ndry-management-system
\frontend\node_modules
\next\dist\compiled\ne
xt-server\app-page.run
time.prod.js:17:18811)
    at A (D:\laundry-m
anagement-system\front
end\node_modules\next\
dist\compiled\next-ser
ver\app-page.runtime.p
rod.js:12:94398)
    at R (D:\laundry-m
anagement-system\front
end\node_modules\next\
dist\compiled\next-ser
ver\app-page.runtime.p
rod.js:12:92949)
    at rR (D:\laundry-
management-system\fron
tend\node_modules\next
\dist\compiled\next-se
rver\app-page.runtime.
prod.js:12:33975)
    at nL (D:\laundry-
management-system\fron
tend\node_modules\next
\dist\compiled\next-se
rver\app-page.runtime.
prod.js:12:62305)
    at nB (D:\laundry-
management-system\fron
tend\node_modules\next
\dist\compiled\next-se
rver\app-page.runtime.
prod.js:12:67539)
ReferenceError: 
window is not defined
    at 90719 (D:\laund
ry-management-system\f
rontend\.next\server\c
hunks\9377.js:1:11697)
    at t (D:\laundry-m
anagement-system\front
end\.next\server\webpa
ck-runtime.js:1:127)
    at 60324 (D:\laund
ry-management-system\f
rontend\.next\server\c
hunks\9377.js:1:3664)
    at Object.t [as 
require] (D:\laundry-m
anagement-system\front
end\.next\server\webpa
ck-runtime.js:1:127)
    at require (D:\lau
ndry-management-system
\frontend\node_modules
\next\dist\compiled\ne
xt-server\app-page.run
time.prod.js:17:18811)
    at A (D:\laundry-m
anagement-system\front
end\node_modules\next\
dist\compiled\next-ser
ver\app-page.runtime.p
rod.js:12:94398)
    at R (D:\laundry-m
anagement-system\front
end\node_modules\next\
dist\compiled\next-ser
ver\app-page.runtime.p
rod.js:12:92949)
    at rR (D:\laundry-
management-system\fron
tend\node_modules\next
\dist\compiled\next-se
rver\app-page.runtime.
prod.js:12:33975)
    at nL (D:\laundry-
management-system\fron
tend\node_modules\next
\dist\compiled\next-se
rver\app-page.runtime.
prod.js:12:62305)
    at nB (D:\laundry-
management-system\fron
tend\node_modules\next
\dist\compiled\next-se
rver\app-page.runtime.
prod.js:12:67539) {
  digest: '2229572071'
}

Error occurred 
prerendering page "/ce
nter-admin/settings". 
Read more: https://nex
tjs.org/docs/messages/
prerender-error

ReferenceError: 
window is not defined
    at 90719 (D:\laund
ry-management-system\f
rontend\.next\server\c
hunks\9377.js:1:11697)
    at t (D:\laundry-m
anagement-system\front
end\.next\server\webpa
ck-runtime.js:1:127)
    at 60324 (D:\laund
ry-management-system\f
rontend\.next\server\c
hunks\9377.js:1:3664)
    at Object.t [as 
require] (D:\laundry-m
anagement-system\front
end\.next\server\webpa
ck-runtime.js:1:127)
    at require (D:\lau
ndry-management-system
\frontend\node_modules
\next\dist\compiled\ne
xt-server\app-page.run
time.prod.js:17:18811)
    at A (D:\laundry-m
anagement-system\front
end\node_modules\next\
dist\compiled\next-ser
ver\app-page.runtime.p
rod.js:12:94398)
    at R (D:\laundry-m
anagement-system\front
end\node_modules\next\
dist\compiled\next-ser
ver\app-page.runtime.p
rod.js:12:92949)
    at rR (D:\laundry-
management-system\fron
tend\node_modules\next
\dist\compiled\next-se
rver\app-page.runtime.
prod.js:12:33975)
    at nL (D:\laundry-
management-system\fron
tend\node_modules\next
\dist\compiled\next-se
rver\app-page.runtime.
prod.js:12:62305)
    at nB (D:\laundry-
management-system\fron
tend\node_modules\next
\dist\compiled\next-se
rver\app-page.runtime.
prod.js:12:67539)
ReferenceError: 
window is not defined
    at 90719 (D:\laund
ry-management-system\f
rontend\.next\server\c
hunks\9377.js:1:11697)
    at t (D:\laundry-m
anagement-system\front
end\.next\server\webpa
ck-runtime.js:1:127)
    at 60324 (D:\laund
ry-management-system\f
rontend\.next\server\c
hunks\9377.js:1:3664)
    at Object.t [as 
require] (D:\laundry-m
anagement-system\front
end\.next\server\webpa
ck-runtime.js:1:127)
    at require (D:\lau
ndry-management-system
\frontend\node_modules
\next\dist\compiled\ne
xt-server\app-page.run
time.prod.js:17:18811)
    at A (D:\laundry-m
anagement-system\front
end\node_modules\next\
dist\compiled\next-ser
ver\app-page.runtime.p
rod.js:12:94398)
    at R (D:\laundry-m
anagement-system\front
end\node_modules\next\
dist\compiled\next-ser
ver\app-page.runtime.p
rod.js:12:92949)
    at rR (D:\laundry-
management-system\fron
tend\node_modules\next
\dist\compiled\next-se
rver\app-page.runtime.
prod.js:12:33975)
    at nL (D:\laundry-
management-system\fron
tend\node_modules\next
\dist\compiled\next-se
rver\app-page.runtime.
prod.js:12:62305)
    at nB (D:\laundry-
management-system\fron
tend\node_modules\next
\dist\compiled\next-se
rver\app-page.runtime.
prod.js:12:67539) {
  digest: '2229572071'
}

Error occurred 
prerendering page "/ce
nter-admin/performance
". Read more: https://
nextjs.org/docs/messag
es/prerender-error

ReferenceError: 
window is not defined
    at 90719 (D:\laund
ry-management-system\f
rontend\.next\server\c
hunks\9377.js:1:11697)
    at t (D:\laundry-m
anagement-system\front
end\.next\server\webpa
ck-runtime.js:1:127)
    at 60324 (D:\laund
ry-management-system\f
rontend\.next\server\c
hunks\9377.js:1:3664)
    at Object.t [as 
require] (D:\laundry-m
anagement-system\front
end\.next\server\webpa
ck-runtime.js:1:127)
    at require (D:\lau
ndry-management-system
\frontend\node_modules
\next\dist\compiled\ne
xt-server\app-page.run
time.prod.js:17:18811)
    at A (D:\laundry-m
anagement-system\front
end\node_modules\next\
dist\compiled\next-ser
ver\app-page.runtime.p
rod.js:12:94398)
    at R (D:\laundry-m
anagement-system\front
end\node_modules\next\
dist\compiled\next-ser
ver\app-page.runtime.p
rod.js:12:92949)
    at rR (D:\laundry-
management-system\fron
tend\node_modules\next
\dist\compiled\next-se
rver\app-page.runtime.
prod.js:12:33975)
    at nL (D:\laundry-
management-system\fron
tend\node_modules\next
\dist\compiled\next-se
rver\app-page.runtime.
prod.js:12:62305)
    at nB (D:\laundry-
management-system\fron
tend\node_modules\next
\dist\compiled\next-se
rver\app-page.runtime.
prod.js:12:67539)
ReferenceError: 
window is not defined
    at 90719 (D:\laund
ry-management-system\f
rontend\.next\server\c
hunks\9377.js:1:11697)
    at t (D:\laundry-m
anagement-system\front
end\.next\server\webpa
ck-runtime.js:1:127)
    at 60324 (D:\laund
ry-management-system\f
rontend\.next\server\c
hunks\9377.js:1:3664)
    at Object.t [as 
require] (D:\laundry-m
anagement-system\front
end\.next\server\webpa
ck-runtime.js:1:127)
    at require (D:\lau
ndry-management-system
\frontend\node_modules
\next\dist\compiled\ne
xt-server\app-page.run
time.prod.js:17:18811)
    at A (D:\laundry-m
anagement-system\front
end\node_modules\next\
dist\compiled\next-ser
ver\app-page.runtime.p
rod.js:12:94398)
    at R (D:\laundry-m
anagement-system\front
end\node_modules\next\
dist\compiled\next-ser
ver\app-page.runtime.p
rod.js:12:92949)
    at rR (D:\laundry-
management-system\fron
tend\node_modules\next
\dist\compiled\next-se
rver\app-page.runtime.
prod.js:12:33975)
    at nL (D:\laundry-
management-system\fron
tend\node_modules\next
\dist\compiled\next-se
rver\app-page.runtime.
prod.js:12:62305)
    at nB (D:\laundry-
management-system\fron
tend\node_modules\next
\dist\compiled\next-se
rver\app-page.runtime.
prod.js:12:67539) {
  digest: '2229572071'
}

Error occurred 
prerendering page "/cu
stomer/dashboard". 
Read more: https://nex
tjs.org/docs/messages/
prerender-error

ReferenceError: 
window is not defined
    at 90719 (D:\laund
ry-management-system\f
rontend\.next\server\c
hunks\9377.js:1:11697)
    at t (D:\laundry-m
anagement-system\front
end\.next\server\webpa
ck-runtime.js:1:127)
    at 60324 (D:\laund
ry-management-system\f
rontend\.next\server\c
hunks\9377.js:1:3664)
    at Object.t [as 
require] (D:\laundry-m
anagement-system\front
end\.next\server\webpa
ck-runtime.js:1:127)
    at require (D:\lau
ndry-management-system
\frontend\node_modules
\next\dist\compiled\ne
xt-server\app-page.run
time.prod.js:17:18811)
    at A (D:\laundry-m
anagement-system\front
end\node_modules\next\
dist\compiled\next-ser
ver\app-page.runtime.p
rod.js:12:94398)
    at R (D:\laundry-m
anagement-system\front
end\node_modules\next\
dist\compiled\next-ser
ver\app-page.runtime.p
rod.js:12:92949)
    at rR (D:\laundry-
management-system\fron
tend\node_modules\next
\dist\compiled\next-se
rver\app-page.runtime.
prod.js:12:33975)
    at nL (D:\laundry-
management-system\fron
tend\node_modules\next
\dist\compiled\next-se
rver\app-page.runtime.
prod.js:12:62305)
    at nB (D:\laundry-
management-system\fron
tend\node_modules\next
\dist\compiled\next-se
rver\app-page.runtime.
prod.js:12:67539)
ReferenceError: 
window is not defined
    at 90719 (D:\laund
ry-management-system\f
rontend\.next\server\c
hunks\9377.js:1:11697)
    at t (D:\laundry-m
anagement-system\front
end\.next\server\webpa
ck-runtime.js:1:127)
    at 60324 (D:\laund
ry-management-system\f
rontend\.next\server\c
hunks\9377.js:1:3664)
    at Object.t [as 
require] (D:\laundry-m
anagement-system\front
end\.next\server\webpa
ck-runtime.js:1:127)
    at require (D:\lau
ndry-management-system
\frontend\node_modules
\next\dist\compiled\ne
xt-server\app-page.run
time.prod.js:17:18811)
    at A (D:\laundry-m
anagement-system\front
end\node_modules\next\
dist\compiled\next-ser
ver\app-page.runtime.p
rod.js:12:94398)
    at R (D:\laundry-m
anagement-system\front
end\node_modules\next\
dist\compiled\next-ser
ver\app-page.runtime.p
rod.js:12:92949)
    at rR (D:\laundry-
management-system\fron
tend\node_modules\next
\dist\compiled\next-se
rver\app-page.runtime.
prod.js:12:33975)
    at nL (D:\laundry-
management-system\fron
tend\node_modules\next
\dist\compiled\next-se
rver\app-page.runtime.
prod.js:12:62305)
    at nB (D:\laundry-
management-system\fron
tend\node_modules\next
\dist\compiled\next-se
rver\app-page.runtime.
prod.js:12:67539) {
  digest: '2229572071'
}

Error occurred 
prerendering page 
"/customer/offers". 
Read more: https://nex
tjs.org/docs/messages/
prerender-error

ReferenceError: 
window is not defined
    at 90719 (D:\laund
ry-management-system\f
rontend\.next\server\c
hunks\9377.js:1:11697)
    at t (D:\laundry-m
anagement-system\front
end\.next\server\webpa
ck-runtime.js:1:127)
    at 60324 (D:\laund
ry-management-system\f
rontend\.next\server\c
hunks\9377.js:1:3664)
    at Object.t [as 
require] (D:\laundry-m
anagement-system\front
end\.next\server\webpa
ck-runtime.js:1:127)
    at require (D:\lau
ndry-management-system
\frontend\node_modules
\next\dist\compiled\ne
xt-server\app-page.run
time.prod.js:17:18811)
    at A (D:\laundry-m
anagement-system\front
end\node_modules\next\
dist\compiled\next-ser
ver\app-page.runtime.p
rod.js:12:94398)
    at R (D:\laundry-m
anagement-system\front
end\node_modules\next\
dist\compiled\next-ser
ver\app-page.runtime.p
rod.js:12:92949)
    at rR (D:\laundry-
management-system\fron
tend\node_modules\next
\dist\compiled\next-se
rver\app-page.runtime.
prod.js:12:33975)
    at nL (D:\laundry-
management-system\fron
tend\node_modules\next
\dist\compiled\next-se
rver\app-page.runtime.
prod.js:12:62305)
    at nB (D:\laundry-
management-system\fron
tend\node_modules\next
\dist\compiled\next-se
rver\app-page.runtime.
prod.js:12:67539)
ReferenceError: 
window is not defined
    at 90719 (D:\laund
ry-management-system\f
rontend\.next\server\c
hunks\9377.js:1:11697)
    at t (D:\laundry-m
anagement-system\front
end\.next\server\webpa
ck-runtime.js:1:127)
    at 60324 (D:\laund
ry-management-system\f
rontend\.next\server\c
hunks\9377.js:1:3664)
    at Object.t [as 
require] (D:\laundry-m
anagement-system\front
end\.next\server\webpa
ck-runtime.js:1:127)
    at require (D:\lau
ndry-management-system
\frontend\node_modules
\next\dist\compiled\ne
xt-server\app-page.run
time.prod.js:17:18811)
    at A (D:\laundry-m
anagement-system\front
end\node_modules\next\
dist\compiled\next-ser
ver\app-page.runtime.p
rod.js:12:94398)
    at R (D:\laundry-m
anagement-system\front
end\node_modules\next\
dist\compiled\next-ser
ver\app-page.runtime.p
rod.js:12:92949)
    at rR (D:\laundry-
management-system\fron
tend\node_modules\next
\dist\compiled\next-se
rver\app-page.runtime.
prod.js:12:33975)
    at nL (D:\laundry-
management-system\fron
tend\node_modules\next
\dist\compiled\next-se
rver\app-page.runtime.
prod.js:12:62305)
    at nB (D:\laundry-
management-system\fron
tend\node_modules\next
\dist\compiled\next-se
rver\app-page.runtime.
prod.js:12:67539) {
  digest: '2229572071'
}

Error occurred 
prerendering page "/cu
stomer/addresses". 
Read more: https://nex
tjs.org/docs/messages/
prerender-error

ReferenceError: 
window is not defined
    at 90719 (D:\laund
ry-management-system\f
rontend\.next\server\c
hunks\9377.js:1:11697)
    at t (D:\laundry-m
anagement-system\front
end\.next\server\webpa
ck-runtime.js:1:127)
    at 60324 (D:\laund
ry-management-system\f
rontend\.next\server\c
hunks\9377.js:1:3664)
    at Object.t [as 
require] (D:\laundry-m
anagement-system\front
end\.next\server\webpa
ck-runtime.js:1:127)
    at require (D:\lau
ndry-management-system
\frontend\node_modules
\next\dist\compiled\ne
xt-server\app-page.run
time.prod.js:17:18811)
    at A (D:\laundry-m
anagement-system\front
end\node_modules\next\
dist\compiled\next-ser
ver\app-page.runtime.p
rod.js:12:94398)
    at R (D:\laundry-m
anagement-system\front
end\node_modules\next\
dist\compiled\next-ser
ver\app-page.runtime.p
rod.js:12:92949)
    at rR (D:\laundry-
management-system\fron
tend\node_modules\next
\dist\compiled\next-se
rver\app-page.runtime.
prod.js:12:33975)
    at nL (D:\laundry-
management-system\fron
tend\node_modules\next
\dist\compiled\next-se
rver\app-page.runtime.
prod.js:12:62305)
    at nB (D:\laundry-
management-system\fron
tend\node_modules\next
\dist\compiled\next-se
rver\app-page.runtime.
prod.js:12:67539)
ReferenceError: 
window is not defined
    at 90719 (D:\laund
ry-management-system\f
rontend\.next\server\c
hunks\9377.js:1:11697)
    at t (D:\laundry-m
anagement-system\front
end\.next\server\webpa
ck-runtime.js:1:127)
    at 60324 (D:\laund
ry-management-system\f
rontend\.next\server\c
hunks\9377.js:1:3664)
    at Object.t [as 
require] (D:\laundry-m
anagement-system\front
end\.next\server\webpa
ck-runtime.js:1:127)
    at require (D:\lau
ndry-management-system
\frontend\node_modules
\next\dist\compiled\ne
xt-server\app-page.run
time.prod.js:17:18811)
    at A (D:\laundry-m
anagement-system\front
end\node_modules\next\
dist\compiled\next-ser
ver\app-page.runtime.p
rod.js:12:94398)
    at R (D:\laundry-m
anagement-system\front
end\node_modules\next\
dist\compiled\next-ser
ver\app-page.runtime.p
rod.js:12:92949)
    at rR (D:\laundry-
management-system\fron
tend\node_modules\next
\dist\compiled\next-se
rver\app-page.runtime.
prod.js:12:33975)
    at nL (D:\laundry-
management-system\fron
tend\node_modules\next
\dist\compiled\next-se
rver\app-page.runtime.
prod.js:12:62305)
    at nB (D:\laundry-
management-system\fron
tend\node_modules\next
\dist\compiled\next-se
rver\app-page.runtime.
prod.js:12:67539) {
  digest: '2229572071'
}

Error occurred 
prerendering page 
"/customer/loyalty". 
Read more: https://nex
tjs.org/docs/messages/
prerender-error

ReferenceError: 
window is not defined
    at 90719 (D:\laund
ry-management-system\f
rontend\.next\server\c
hunks\9377.js:1:11697)
    at t (D:\laundry-m
anagement-system\front
end\.next\server\webpa
ck-runtime.js:1:127)
    at 60324 (D:\laund
ry-management-system\f
rontend\.next\server\c
hunks\9377.js:1:3664)
    at Object.t [as 
require] (D:\laundry-m
anagement-system\front
end\.next\server\webpa
ck-runtime.js:1:127)
    at require (D:\lau
ndry-management-system
\frontend\node_modules
\next\dist\compiled\ne
xt-server\app-page.run
time.prod.js:17:18811)
    at A (D:\laundry-m
anagement-system\front
end\node_modules\next\
dist\compiled\next-ser
ver\app-page.runtime.p
rod.js:12:94398)
    at R (D:\laundry-m
anagement-system\front
end\node_modules\next\
dist\compiled\next-ser
ver\app-page.runtime.p
rod.js:12:92949)
    at rR (D:\laundry-
management-system\fron
tend\node_modules\next
\dist\compiled\next-se
rver\app-page.runtime.
prod.js:12:33975)
    at nL (D:\laundry-
management-system\fron
tend\node_modules\next
\dist\compiled\next-se
rver\app-page.runtime.
prod.js:12:62305)
    at nB (D:\laundry-
management-system\fron
tend\node_modules\next
\dist\compiled\next-se
rver\app-page.runtime.
prod.js:12:67539)
   Generating static pages (88/118) 
ReferenceError: 
window is not defined
    at 90719 (D:\laund
ry-management-system\f
rontend\.next\server\c
hunks\9377.js:1:11697)
    at t (D:\laundry-m
anagement-system\front
end\.next\server\webpa
ck-runtime.js:1:127)
    at 60324 (D:\laund
ry-management-system\f
rontend\.next\server\c
hunks\9377.js:1:3664)
    at Object.t [as 
require] (D:\laundry-m
anagement-system\front
end\.next\server\webpa
ck-runtime.js:1:127)
    at require (D:\lau
ndry-management-system
\frontend\node_modules
\next\dist\compiled\ne
xt-server\app-page.run
time.prod.js:17:18811)
    at A (D:\laundry-m
anagement-system\front
end\node_modules\next\
dist\compiled\next-ser
ver\app-page.runtime.p
rod.js:12:94398)
    at R (D:\laundry-m
anagement-system\front
end\node_modules\next\
dist\compiled\next-ser
ver\app-page.runtime.p
rod.js:12:92949)
    at rR (D:\laundry-
management-system\fron
tend\node_modules\next
\dist\compiled\next-se
rver\app-page.runtime.
prod.js:12:33975)
    at nL (D:\laundry-
management-system\fron
tend\node_modules\next
\dist\compiled\next-se
rver\app-page.runtime.
prod.js:12:62305)
    at nB (D:\laundry-
management-system\fron
tend\node_modules\next
\dist\compiled\next-se
rver\app-page.runtime.
prod.js:12:67539) {
  digest: '2229572071'
}

Error occurred 
prerendering page "/cu
stomer/orders/new". 
Read more: https://nex
tjs.org/docs/messages/
prerender-error

ReferenceError: 
window is not defined
    at 90719 (D:\laund
ry-management-system\f
rontend\.next\server\c
hunks\9377.js:1:11697)
    at t (D:\laundry-m
anagement-system\front
end\.next\server\webpa
ck-runtime.js:1:127)
    at 60324 (D:\laund
ry-management-system\f
rontend\.next\server\c
hunks\9377.js:1:3664)
    at Object.t [as 
require] (D:\laundry-m
anagement-system\front
end\.next\server\webpa
ck-runtime.js:1:127)
    at require (D:\lau
ndry-management-system
\frontend\node_modules
\next\dist\compiled\ne
xt-server\app-page.run
time.prod.js:17:18811)
    at A (D:\laundry-m
anagement-system\front
end\node_modules\next\
dist\compiled\next-ser
ver\app-page.runtime.p
rod.js:12:94398)
    at R (D:\laundry-m
anagement-system\front
end\node_modules\next\
dist\compiled\next-ser
ver\app-page.runtime.p
rod.js:12:92949)
    at rR (D:\laundry-
management-system\fron
tend\node_modules\next
\dist\compiled\next-se
rver\app-page.runtime.
prod.js:12:33975)
    at nL (D:\laundry-
management-system\fron
tend\node_modules\next
\dist\compiled\next-se
rver\app-page.runtime.
prod.js:12:62305)
    at nB (D:\laundry-
management-system\fron
tend\node_modules\next
\dist\compiled\next-se
rver\app-page.runtime.
prod.js:12:67539)
ReferenceError: 
window is not defined
    at 90719 (D:\laund
ry-management-system\f
rontend\.next\server\c
hunks\9377.js:1:11697)
    at t (D:\laundry-m
anagement-system\front
end\.next\server\webpa
ck-runtime.js:1:127)
    at 60324 (D:\laund
ry-management-system\f
rontend\.next\server\c
hunks\9377.js:1:3664)
    at Object.t [as 
require] (D:\laundry-m
anagement-system\front
end\.next\server\webpa
ck-runtime.js:1:127)
    at require (D:\lau
ndry-management-system
\frontend\node_modules
\next\dist\compiled\ne
xt-server\app-page.run
time.prod.js:17:18811)
    at A (D:\laundry-m
anagement-system\front
end\node_modules\next\
dist\compiled\next-ser
ver\app-page.runtime.p
rod.js:12:94398)
    at R (D:\laundry-m
anagement-system\front
end\node_modules\next\
dist\compiled\next-ser
ver\app-page.runtime.p
rod.js:12:92949)
    at rR (D:\laundry-
management-system\fron
tend\node_modules\next
\dist\compiled\next-se
rver\app-page.runtime.
prod.js:12:33975)
    at nL (D:\laundry-
management-system\fron
tend\node_modules\next
\dist\compiled\next-se
rver\app-page.runtime.
prod.js:12:62305)
    at nB (D:\laundry-
management-system\fron
tend\node_modules\next
\dist\compiled\next-se
rver\app-page.runtime.
prod.js:12:67539) {
  digest: '2229572071'
}

Error occurred 
prerendering page "/ce
nter-admin/dashboard".
 Read more: https://ne
xtjs.org/docs/messages
/prerender-error

ReferenceError: 
window is not defined
    at 90719 (D:\laund
ry-management-system\f
rontend\.next\server\c
hunks\9377.js:1:11697)
    at t (D:\laundry-m
anagement-system\front
end\.next\server\webpa
ck-runtime.js:1:127)
    at 60324 (D:\laund
ry-management-system\f
rontend\.next\server\c
hunks\9377.js:1:3664)
    at Object.t [as 
require] (D:\laundry-m
anagement-system\front
end\.next\server\webpa
ck-runtime.js:1:127)
    at require (D:\lau
ndry-management-system
\frontend\node_modules
\next\dist\compiled\ne
xt-server\app-page.run
time.prod.js:17:18811)
    at A (D:\laundry-m
anagement-system\front
end\node_modules\next\
dist\compiled\next-ser
ver\app-page.runtime.p
rod.js:12:94398)
    at R (D:\laundry-m
anagement-system\front
end\node_modules\next\
dist\compiled\next-ser
ver\app-page.runtime.p
rod.js:12:92949)
    at rR (D:\laundry-
management-system\fron
tend\node_modules\next
\dist\compiled\next-se
rver\app-page.runtime.
prod.js:12:33975)
    at nL (D:\laundry-
management-system\fron
tend\node_modules\next
\dist\compiled\next-se
rver\app-page.runtime.
prod.js:12:62305)
    at nB (D:\laundry-
management-system\fron
tend\node_modules\next
\dist\compiled\next-se
rver\app-page.runtime.
prod.js:12:67539)
ReferenceError: 
window is not defined
    at 90719 (D:\laund
ry-management-system\f
rontend\.next\server\c
hunks\9377.js:1:11697)
    at t (D:\laundry-m
anagement-system\front
end\.next\server\webpa
ck-runtime.js:1:127)
    at 60324 (D:\laund
ry-management-system\f
rontend\.next\server\c
hunks\9377.js:1:3664)
    at Object.t [as 
require] (D:\laundry-m
anagement-system\front
end\.next\server\webpa
ck-runtime.js:1:127)
    at require (D:\lau
ndry-management-system
\frontend\node_modules
\next\dist\compiled\ne
xt-server\app-page.run
time.prod.js:17:18811)
    at A (D:\laundry-m
anagement-system\front
end\node_modules\next\
dist\compiled\next-ser
ver\app-page.runtime.p
rod.js:12:94398)
    at R (D:\laundry-m
anagement-system\front
end\node_modules\next\
dist\compiled\next-ser
ver\app-page.runtime.p
rod.js:12:92949)
    at rR (D:\laundry-
management-system\fron
tend\node_modules\next
\dist\compiled\next-se
rver\app-page.runtime.
prod.js:12:33975)
    at nL (D:\laundry-
management-system\fron
tend\node_modules\next
\dist\compiled\next-se
rver\app-page.runtime.
prod.js:12:62305)
    at nB (D:\laundry-
management-system\fron
tend\node_modules\next
\dist\compiled\next-se
rver\app-page.runtime.
prod.js:12:67539) {
  digest: '2229572071'
}

Error occurred 
prerendering page "/cu
stomer/referrals". 
Read more: https://nex
tjs.org/docs/messages/
prerender-error

ReferenceError: 
window is not defined
    at 90719 (D:\laund
ry-management-system\f
rontend\.next\server\c
hunks\9377.js:1:11697)
    at t (D:\laundry-m
anagement-system\front
end\.next\server\webpa
ck-runtime.js:1:127)
    at 60324 (D:\laund
ry-management-system\f
rontend\.next\server\c
hunks\9377.js:1:3664)
    at Object.t [as 
require] (D:\laundry-m
anagement-system\front
end\.next\server\webpa
ck-runtime.js:1:127)
    at require (D:\lau
ndry-management-system
\frontend\node_modules
\next\dist\compiled\ne
xt-server\app-page.run
time.prod.js:17:18811)
    at A (D:\laundry-m
anagement-system\front
end\node_modules\next\
dist\compiled\next-ser
ver\app-page.runtime.p
rod.js:12:94398)
    at R (D:\laundry-m
anagement-system\front
end\node_modules\next\
dist\compiled\next-ser
ver\app-page.runtime.p
rod.js:12:92949)
    at rR (D:\laundry-
management-system\fron
tend\node_modules\next
\dist\compiled\next-se
rver\app-page.runtime.
prod.js:12:33975)
    at nL (D:\laundry-
management-system\fron
tend\node_modules\next
\dist\compiled\next-se
rver\app-page.runtime.
prod.js:12:62305)
    at nB (D:\laundry-
management-system\fron
tend\node_modules\next
\dist\compiled\next-se
rver\app-page.runtime.
prod.js:12:67539)
ReferenceError: 
window is not defined
    at 90719 (D:\laund
ry-management-system\f
rontend\.next\server\c
hunks\9377.js:1:11697)
    at t (D:\laundry-m
anagement-system\front
end\.next\server\webpa
ck-runtime.js:1:127)
    at 60324 (D:\laund
ry-management-system\f
rontend\.next\server\c
hunks\9377.js:1:3664)
    at Object.t [as 
require] (D:\laundry-m
anagement-system\front
end\.next\server\webpa
ck-runtime.js:1:127)
    at require (D:\lau
ndry-management-system
\frontend\node_modules
\next\dist\compiled\ne
xt-server\app-page.run
time.prod.js:17:18811)
    at A (D:\laundry-m
anagement-system\front
end\node_modules\next\
dist\compiled\next-ser
ver\app-page.runtime.p
rod.js:12:94398)
    at R (D:\laundry-m
anagement-system\front
end\node_modules\next\
dist\compiled\next-ser
ver\app-page.runtime.p
rod.js:12:92949)
    at rR (D:\laundry-
management-system\fron
tend\node_modules\next
\dist\compiled\next-se
rver\app-page.runtime.
prod.js:12:33975)
    at nL (D:\laundry-
management-system\fron
tend\node_modules\next
\dist\compiled\next-se
rver\app-page.runtime.
prod.js:12:62305)
    at nB (D:\laundry-
management-system\fron
tend\node_modules\next
\dist\compiled\next-se
rver\app-page.runtime.
prod.js:12:67539) {
  digest: '2229572071'
}

Error occurred 
prerendering page 
"/customer/profile". 
Read more: https://nex
tjs.org/docs/messages/
prerender-error

ReferenceError: 
window is not defined
    at 90719 (D:\laund
ry-management-system\f
rontend\.next\server\c
hunks\9377.js:1:11697)
    at t (D:\laundry-m
anagement-system\front
end\.next\server\webpa
ck-runtime.js:1:127)
    at 60324 (D:\laund
ry-management-system\f
rontend\.next\server\c
hunks\9377.js:1:3664)
    at Object.t [as 
require] (D:\laundry-m
anagement-system\front
end\.next\server\webpa
ck-runtime.js:1:127)
    at require (D:\lau
ndry-management-system
\frontend\node_modules
\next\dist\compiled\ne
xt-server\app-page.run
time.prod.js:17:18811)
    at A (D:\laundry-m
anagement-system\front
end\node_modules\next\
dist\compiled\next-ser
ver\app-page.runtime.p
rod.js:12:94398)
    at R (D:\laundry-m
anagement-system\front
end\node_modules\next\
dist\compiled\next-ser
ver\app-page.runtime.p
rod.js:12:92949)
    at rR (D:\laundry-
management-system\fron
tend\node_modules\next
\dist\compiled\next-se
rver\app-page.runtime.
prod.js:12:33975)
    at nL (D:\laundry-
management-system\fron
tend\node_modules\next
\dist\compiled\next-se
rver\app-page.runtime.
prod.js:12:62305)
    at nB (D:\laundry-
management-system\fron
tend\node_modules\next
\dist\compiled\next-se
rver\app-page.runtime.
prod.js:12:67539)
ReferenceError: 
window is not defined
    at 90719 (D:\laund
ry-management-system\f
rontend\.next\server\c
hunks\9377.js:1:11697)
    at t (D:\laundry-m
anagement-system\front
end\.next\server\webpa
ck-runtime.js:1:127)
    at 60324 (D:\laund
ry-management-system\f
rontend\.next\server\c
hunks\9377.js:1:3664)
    at Object.t [as 
require] (D:\laundry-m
anagement-system\front
end\.next\server\webpa
ck-runtime.js:1:127)
    at require (D:\lau
ndry-management-system
\frontend\node_modules
\next\dist\compiled\ne
xt-server\app-page.run
time.prod.js:17:18811)
    at A (D:\laundry-m
anagement-system\front
end\node_modules\next\
dist\compiled\next-ser
ver\app-page.runtime.p
rod.js:12:94398)
    at R (D:\laundry-m
anagement-system\front
end\node_modules\next\
dist\compiled\next-ser
ver\app-page.runtime.p
rod.js:12:92949)
    at rR (D:\laundry-
management-system\fron
tend\node_modules\next
\dist\compiled\next-se
rver\app-page.runtime.
prod.js:12:33975)
    at nL (D:\laundry-
management-system\fron
tend\node_modules\next
\dist\compiled\next-se
rver\app-page.runtime.
prod.js:12:62305)
    at nB (D:\laundry-
management-system\fron
tend\node_modules\next
\dist\compiled\next-se
rver\app-page.runtime.
prod.js:12:67539) {
  digest: '2229572071'
}

Error occurred 
prerendering page 
"/customer/reviews". 
Read more: https://nex
tjs.org/docs/messages/
prerender-error

ReferenceError: 
window is not defined
    at 90719 (D:\laund
ry-management-system\f
rontend\.next\server\c
hunks\9377.js:1:11697)
    at t (D:\laundry-m
anagement-system\front
end\.next\server\webpa
ck-runtime.js:1:127)
    at 60324 (D:\laund
ry-management-system\f
rontend\.next\server\c
hunks\9377.js:1:3664)
    at Object.t [as 
require] (D:\laundry-m
anagement-system\front
end\.next\server\webpa
ck-runtime.js:1:127)
    at require (D:\lau
ndry-management-system
\frontend\node_modules
\next\dist\compiled\ne
xt-server\app-page.run
time.prod.js:17:18811)
    at A (D:\laundry-m
anagement-system\front
end\node_modules\next\
dist\compiled\next-ser
ver\app-page.runtime.p
rod.js:12:94398)
    at R (D:\laundry-m
anagement-system\front
end\node_modules\next\
dist\compiled\next-ser
ver\app-page.runtime.p
rod.js:12:92949)
    at rR (D:\laundry-
management-system\fron
tend\node_modules\next
\dist\compiled\next-se
rver\app-page.runtime.
prod.js:12:33975)
    at nL (D:\laundry-
management-system\fron
tend\node_modules\next
\dist\compiled\next-se
rver\app-page.runtime.
prod.js:12:62305)
    at nB (D:\laundry-
management-system\fron
tend\node_modules\next
\dist\compiled\next-se
rver\app-page.runtime.
prod.js:12:67539)
ReferenceError: 
window is not defined
    at 90719 (D:\laund
ry-management-system\f
rontend\.next\server\c
hunks\9377.js:1:11697)
    at t (D:\laundry-m
anagement-system\front
end\.next\server\webpa
ck-runtime.js:1:127)
    at 60324 (D:\laund
ry-management-system\f
rontend\.next\server\c
hunks\9377.js:1:3664)
    at Object.t [as 
require] (D:\laundry-m
anagement-system\front
end\.next\server\webpa
ck-runtime.js:1:127)
    at require (D:\lau
ndry-management-system
\frontend\node_modules
\next\dist\compiled\ne
xt-server\app-page.run
time.prod.js:17:18811)
    at A (D:\laundry-m
anagement-system\front
end\node_modules\next\
dist\compiled\next-ser
ver\app-page.runtime.p
rod.js:12:94398)
    at R (D:\laundry-m
anagement-system\front
end\node_modules\next\
dist\compiled\next-ser
ver\app-page.runtime.p
rod.js:12:92949)
    at rR (D:\laundry-
management-system\fron
tend\node_modules\next
\dist\compiled\next-se
rver\app-page.runtime.
prod.js:12:33975)
    at nL (D:\laundry-
management-system\fron
tend\node_modules\next
\dist\compiled\next-se
rver\app-page.runtime.
prod.js:12:62305)
    at nB (D:\laundry-
management-system\fron
tend\node_modules\next
\dist\compiled\next-se
rver\app-page.runtime.
prod.js:12:67539) {
  digest: '2229572071'
}

Error occurred 
prerendering page "/cu
stomer/upgrade-status"
. Read more: https://n
extjs.org/docs/message
s/prerender-error

ReferenceError: 
window is not defined
    at 90719 (D:\laund
ry-management-system\f
rontend\.next\server\c
hunks\9377.js:1:11697)
    at t (D:\laundry-m
anagement-system\front
end\.next\server\webpa
ck-runtime.js:1:127)
    at 60324 (D:\laund
ry-management-system\f
rontend\.next\server\c
hunks\9377.js:1:3664)
    at Object.t [as 
require] (D:\laundry-m
anagement-system\front
end\.next\server\webpa
ck-runtime.js:1:127)
    at require (D:\lau
ndry-management-system
\frontend\node_modules
\next\dist\compiled\ne
xt-server\app-page.run
time.prod.js:17:18811)
    at A (D:\laundry-m
anagement-system\front
end\node_modules\next\
dist\compiled\next-ser
ver\app-page.runtime.p
rod.js:12:94398)
    at R (D:\laundry-m
anagement-system\front
end\node_modules\next\
dist\compiled\next-ser
ver\app-page.runtime.p
rod.js:12:92949)
    at rR (D:\laundry-
management-system\fron
tend\node_modules\next
\dist\compiled\next-se
rver\app-page.runtime.
prod.js:12:33975)
    at nL (D:\laundry-
management-system\fron
tend\node_modules\next
\dist\compiled\next-se
rver\app-page.runtime.
prod.js:12:62305)
    at nB (D:\laundry-
management-system\fron
tend\node_modules\next
\dist\compiled\next-se
rver\app-page.runtime.
prod.js:12:67539)
ReferenceError: 
window is not defined
    at 90719 (D:\laund
ry-management-system\f
rontend\.next\server\c
hunks\9377.js:1:11697)
    at t (D:\laundry-m
anagement-system\front
end\.next\server\webpa
ck-runtime.js:1:127)
    at 60324 (D:\laund
ry-management-system\f
rontend\.next\server\c
hunks\9377.js:1:3664)
    at Object.t [as 
require] (D:\laundry-m
anagement-system\front
end\.next\server\webpa
ck-runtime.js:1:127)
    at require (D:\lau
ndry-management-system
\frontend\node_modules
\next\dist\compiled\ne
xt-server\app-page.run
time.prod.js:17:18811)
    at A (D:\laundry-m
anagement-system\front
end\node_modules\next\
dist\compiled\next-ser
ver\app-page.runtime.p
rod.js:12:94398)
    at R (D:\laundry-m
anagement-system\front
end\node_modules\next\
dist\compiled\next-ser
ver\app-page.runtime.p
rod.js:12:92949)
    at rR (D:\laundry-
management-system\fron
tend\node_modules\next
\dist\compiled\next-se
rver\app-page.runtime.
prod.js:12:33975)
    at nL (D:\laundry-
management-system\fron
tend\node_modules\next
\dist\compiled\next-se
rver\app-page.runtime.
prod.js:12:62305)
    at nB (D:\laundry-
management-system\fron
tend\node_modules\next
\dist\compiled\next-se
rver\app-page.runtime.
prod.js:12:67539) {
  digest: '2229572071'
}

Error occurred 
prerendering page 
"/customer/orders". 
Read more: https://nex
tjs.org/docs/messages/
prerender-error

ReferenceError: 
window is not defined
    at 90719 (D:\laund
ry-management-system\f
rontend\.next\server\c
hunks\9377.js:1:11697)
    at t (D:\laundry-m
anagement-system\front
end\.next\server\webpa
ck-runtime.js:1:127)
    at 60324 (D:\laund
ry-management-system\f
rontend\.next\server\c
hunks\9377.js:1:3664)
    at Object.t [as 
require] (D:\laundry-m
anagement-system\front
end\.next\server\webpa
ck-runtime.js:1:127)
    at require (D:\lau
ndry-management-system
\frontend\node_modules
\next\dist\compiled\ne
xt-server\app-page.run
time.prod.js:17:18811)
    at A (D:\laundry-m
anagement-system\front
end\node_modules\next\
dist\compiled\next-ser
ver\app-page.runtime.p
rod.js:12:94398)
    at R (D:\laundry-m
anagement-system\front
end\node_modules\next\
dist\compiled\next-ser
ver\app-page.runtime.p
rod.js:12:92949)
    at rR (D:\laundry-
management-system\fron
tend\node_modules\next
\dist\compiled\next-se
rver\app-page.runtime.
prod.js:12:33975)
    at nL (D:\laundry-
management-system\fron
tend\node_modules\next
\dist\compiled\next-se
rver\app-page.runtime.
prod.js:12:62305)
    at nB (D:\laundry-
management-system\fron
tend\node_modules\next
\dist\compiled\next-se
rver\app-page.runtime.
prod.js:12:67539)
ReferenceError: 
window is not defined
    at 90719 (D:\laund
ry-management-system\f
rontend\.next\server\c
hunks\9377.js:1:11697)
    at t (D:\laundry-m
anagement-system\front
end\.next\server\webpa
ck-runtime.js:1:127)
    at 60324 (D:\laund
ry-management-system\f
rontend\.next\server\c
hunks\9377.js:1:3664)
    at Object.t [as 
require] (D:\laundry-m
anagement-system\front
end\.next\server\webpa
ck-runtime.js:1:127)
    at require (D:\lau
ndry-management-system
\frontend\node_modules
\next\dist\compiled\ne
xt-server\app-page.run
time.prod.js:17:18811)
    at A (D:\laundry-m
anagement-system\front
end\node_modules\next\
dist\compiled\next-ser
ver\app-page.runtime.p
rod.js:12:94398)
    at R (D:\laundry-m
anagement-system\front
end\node_modules\next\
dist\compiled\next-ser
ver\app-page.runtime.p
rod.js:12:92949)
    at rR (D:\laundry-
management-system\fron
tend\node_modules\next
\dist\compiled\next-se
rver\app-page.runtime.
prod.js:12:33975)
    at nL (D:\laundry-
management-system\fron
tend\node_modules\next
\dist\compiled\next-se
rver\app-page.runtime.
prod.js:12:62305)
    at nB (D:\laundry-
management-system\fron
tend\node_modules\next
\dist\compiled\next-se
rver\app-page.runtime.
prod.js:12:67539) {
  digest: '2229572071'
}

Error occurred 
prerendering page 
"/customer/support". 
Read more: https://nex
tjs.org/docs/messages/
prerender-error

ReferenceError: 
window is not defined
    at 90719 (D:\laund
ry-management-system\f
rontend\.next\server\c
hunks\9377.js:1:11697)
    at t (D:\laundry-m
anagement-system\front
end\.next\server\webpa
ck-runtime.js:1:127)
    at 60324 (D:\laund
ry-management-system\f
rontend\.next\server\c
hunks\9377.js:1:3664)
    at Object.t [as 
require] (D:\laundry-m
anagement-system\front
end\.next\server\webpa
ck-runtime.js:1:127)
    at require (D:\lau
ndry-management-system
\frontend\node_modules
\next\dist\compiled\ne
xt-server\app-page.run
time.prod.js:17:18811)
    at A (D:\laundry-m
anagement-system\front
end\node_modules\next\
dist\compiled\next-ser
ver\app-page.runtime.p
rod.js:12:94398)
    at R (D:\laundry-m
anagement-system\front
end\node_modules\next\
dist\compiled\next-ser
ver\app-page.runtime.p
rod.js:12:92949)
    at rR (D:\laundry-
management-system\fron
tend\node_modules\next
\dist\compiled\next-se
rver\app-page.runtime.
prod.js:12:33975)
    at nL (D:\laundry-
management-system\fron
tend\node_modules\next
\dist\compiled\next-se
rver\app-page.runtime.
prod.js:12:62305)
    at nB (D:\laundry-
management-system\fron
tend\node_modules\next
\dist\compiled\next-se
rver\app-page.runtime.
prod.js:12:67539)
ReferenceError: 
window is not defined
    at 90719 (D:\laund
ry-management-system\f
rontend\.next\server\c
hunks\9377.js:1:11697)
    at t (D:\laundry-m
anagement-system\front
end\.next\server\webpa
ck-runtime.js:1:127)
    at 60324 (D:\laund
ry-management-system\f
rontend\.next\server\c
hunks\9377.js:1:3664)
    at Object.t [as 
require] (D:\laundry-m
anagement-system\front
end\.next\server\webpa
ck-runtime.js:1:127)
    at require (D:\lau
ndry-management-system
\frontend\node_modules
\next\dist\compiled\ne
xt-server\app-page.run
time.prod.js:17:18811)
    at A (D:\laundry-m
anagement-system\front
end\node_modules\next\
dist\compiled\next-ser
ver\app-page.runtime.p
rod.js:12:94398)
    at R (D:\laundry-m
anagement-system\front
end\node_modules\next\
dist\compiled\next-ser
ver\app-page.runtime.p
rod.js:12:92949)
    at rR (D:\laundry-
management-system\fron
tend\node_modules\next
\dist\compiled\next-se
rver\app-page.runtime.
prod.js:12:33975)
    at nL (D:\laundry-
management-system\fron
tend\node_modules\next
\dist\compiled\next-se
rver\app-page.runtime.
prod.js:12:62305)
    at nB (D:\laundry-
management-system\fron
tend\node_modules\next
\dist\compiled\next-se
rver\app-page.runtime.
prod.js:12:67539) {
  digest: '2229572071'
}

Error occurred 
prerendering page "/cu
stomer/support/new". 
Read more: https://nex
tjs.org/docs/messages/
prerender-error

ReferenceError: 
window is not defined
    at 90719 (D:\laund
ry-management-system\f
rontend\.next\server\c
hunks\9377.js:1:11697)
    at t (D:\laundry-m
anagement-system\front
end\.next\server\webpa
ck-runtime.js:1:127)
    at 60324 (D:\laund
ry-management-system\f
rontend\.next\server\c
hunks\9377.js:1:3664)
    at Object.t [as 
require] (D:\laundry-m
anagement-system\front
end\.next\server\webpa
ck-runtime.js:1:127)
    at require (D:\lau
ndry-management-system
\frontend\node_modules
\next\dist\compiled\ne
xt-server\app-page.run
time.prod.js:17:18811)
    at A (D:\laundry-m
anagement-system\front
end\node_modules\next\
dist\compiled\next-ser
ver\app-page.runtime.p
rod.js:12:94398)
    at R (D:\laundry-m
anagement-system\front
end\node_modules\next\
dist\compiled\next-ser
ver\app-page.runtime.p
rod.js:12:92949)
    at rR (D:\laundry-
management-system\fron
tend\node_modules\next
\dist\compiled\next-se
rver\app-page.runtime.
prod.js:12:33975)
    at nL (D:\laundry-
management-system\fron
tend\node_modules\next
\dist\compiled\next-se
rver\app-page.runtime.
prod.js:12:62305)
    at nB (D:\laundry-
management-system\fron
tend\node_modules\next
\dist\compiled\next-se
rver\app-page.runtime.
prod.js:12:67539)
ReferenceError: 
window is not defined
    at 90719 (D:\laund
ry-management-system\f
rontend\.next\server\c
hunks\9377.js:1:11697)
    at t (D:\laundry-m
anagement-system\front
end\.next\server\webpa
ck-runtime.js:1:127)
    at 60324 (D:\laund
ry-management-system\f
rontend\.next\server\c
hunks\9377.js:1:3664)
    at Object.t [as 
require] (D:\laundry-m
anagement-system\front
end\.next\server\webpa
ck-runtime.js:1:127)
    at require (D:\lau
ndry-management-system
\frontend\node_modules
\next\dist\compiled\ne
xt-server\app-page.run
time.prod.js:17:18811)
    at A (D:\laundry-m
anagement-system\front
end\node_modules\next\
dist\compiled\next-ser
ver\app-page.runtime.p
rod.js:12:94398)
    at R (D:\laundry-m
anagement-system\front
end\node_modules\next\
dist\compiled\next-ser
ver\app-page.runtime.p
rod.js:12:92949)
    at rR (D:\laundry-
management-system\fron
tend\node_modules\next
\dist\compiled\next-se
rver\app-page.runtime.
prod.js:12:33975)
    at nL (D:\laundry-
management-system\fron
tend\node_modules\next
\dist\compiled\next-se
rver\app-page.runtime.
prod.js:12:62305)
    at nB (D:\laundry-
management-system\fron
tend\node_modules\next
\dist\compiled\next-se
rver\app-page.runtime.
prod.js:12:67539) {
  digest: '2229572071'
}

Error occurred 
prerendering page 
"/dashboard". Read 
more: https://nextjs.o
rg/docs/messages/prere
nder-error

ReferenceError: 
window is not defined
    at 90719 (D:\laund
ry-management-system\f
rontend\.next\server\c
hunks\9377.js:1:11697)
    at t (D:\laundry-m
anagement-system\front
end\.next\server\webpa
ck-runtime.js:1:127)
    at 60324 (D:\laund
ry-management-system\f
rontend\.next\server\c
hunks\9377.js:1:3664)
    at Object.t [as 
require] (D:\laundry-m
anagement-system\front
end\.next\server\webpa
ck-runtime.js:1:127)
    at require (D:\lau
ndry-management-system
\frontend\node_modules
\next\dist\compiled\ne
xt-server\app-page.run
time.prod.js:17:18811)
    at A (D:\laundry-m
anagement-system\front
end\node_modules\next\
dist\compiled\next-ser
ver\app-page.runtime.p
rod.js:12:94398)
    at R (D:\laundry-m
anagement-system\front
end\node_modules\next\
dist\compiled\next-ser
ver\app-page.runtime.p
rod.js:12:92949)
    at rR (D:\laundry-
management-system\fron
tend\node_modules\next
\dist\compiled\next-se
rver\app-page.runtime.
prod.js:12:33975)
    at nL (D:\laundry-
management-system\fron
tend\node_modules\next
\dist\compiled\next-se
rver\app-page.runtime.
prod.js:12:62305)
    at nB (D:\laundry-
management-system\fron
tend\node_modules\next
\dist\compiled\next-se
rver\app-page.runtime.
prod.js:12:67539)
ReferenceError: 
window is not defined
    at 90719 (D:\laund
ry-management-system\f
rontend\.next\server\c
hunks\9377.js:1:11697)
    at t (D:\laundry-m
anagement-system\front
end\.next\server\webpa
ck-runtime.js:1:127)
    at 60324 (D:\laund
ry-management-system\f
rontend\.next\server\c
hunks\9377.js:1:3664)
    at Object.t [as 
require] (D:\laundry-m
anagement-system\front
end\.next\server\webpa
ck-runtime.js:1:127)
    at require (D:\lau
ndry-management-system
\frontend\node_modules
\next\dist\compiled\ne
xt-server\app-page.run
time.prod.js:17:18811)
    at A (D:\laundry-m
anagement-system\front
end\node_modules\next\
dist\compiled\next-ser
ver\app-page.runtime.p
rod.js:12:94398)
    at R (D:\laundry-m
anagement-system\front
end\node_modules\next\
dist\compiled\next-ser
ver\app-page.runtime.p
rod.js:12:92949)
    at rR (D:\laundry-
management-system\fron
tend\node_modules\next
\dist\compiled\next-se
rver\app-page.runtime.
prod.js:12:33975)
    at nL (D:\laundry-
management-system\fron
tend\node_modules\next
\dist\compiled\next-se
rver\app-page.runtime.
prod.js:12:62305)
    at nB (D:\laundry-
management-system\fron
tend\node_modules\next
\dist\compiled\next-se
rver\app-page.runtime.
prod.js:12:67539) {
  digest: '2229572071'
}

Error occurred 
prerendering page 
"/debug-login". Read 
more: https://nextjs.o
rg/docs/messages/prere
nder-error

ReferenceError: 
window is not defined
    at 90719 (D:\laund
ry-management-system\f
rontend\.next\server\c
hunks\9377.js:1:11697)
    at t (D:\laundry-m
anagement-system\front
end\.next\server\webpa
ck-runtime.js:1:127)
    at 60324 (D:\laund
ry-management-system\f
rontend\.next\server\c
hunks\9377.js:1:3664)
    at Object.t [as 
require] (D:\laundry-m
anagement-system\front
end\.next\server\webpa
ck-runtime.js:1:127)
    at require (D:\lau
ndry-management-system
\frontend\node_modules
\next\dist\compiled\ne
xt-server\app-page.run
time.prod.js:17:18811)
    at A (D:\laundry-m
anagement-system\front
end\node_modules\next\
dist\compiled\next-ser
ver\app-page.runtime.p
rod.js:12:94398)
    at R (D:\laundry-m
anagement-system\front
end\node_modules\next\
dist\compiled\next-ser
ver\app-page.runtime.p
rod.js:12:92949)
    at rR (D:\laundry-
management-system\fron
tend\node_modules\next
\dist\compiled\next-se
rver\app-page.runtime.
prod.js:12:33975)
    at nL (D:\laundry-
management-system\fron
tend\node_modules\next
\dist\compiled\next-se
rver\app-page.runtime.
prod.js:12:62305)
    at nB (D:\laundry-
management-system\fron
tend\node_modules\next
\dist\compiled\next-se
rver\app-page.runtime.
prod.js:12:67539)
ReferenceError: 
window is not defined
    at 90719 (D:\laund
ry-management-system\f
rontend\.next\server\c
hunks\9377.js:1:11697)
    at t (D:\laundry-m
anagement-system\front
end\.next\server\webpa
ck-runtime.js:1:127)
    at 60324 (D:\laund
ry-management-system\f
rontend\.next\server\c
hunks\9377.js:1:3664)
    at Object.t [as 
require] (D:\laundry-m
anagement-system\front
end\.next\server\webpa
ck-runtime.js:1:127)
    at require (D:\lau
ndry-management-system
\frontend\node_modules
\next\dist\compiled\ne
xt-server\app-page.run
time.prod.js:17:18811)
    at A (D:\laundry-m
anagement-system\front
end\node_modules\next\
dist\compiled\next-ser
ver\app-page.runtime.p
rod.js:12:94398)
    at R (D:\laundry-m
anagement-system\front
end\node_modules\next\
dist\compiled\next-ser
ver\app-page.runtime.p
rod.js:12:92949)
    at rR (D:\laundry-
management-system\fron
tend\node_modules\next
\dist\compiled\next-se
rver\app-page.runtime.
prod.js:12:33975)
    at nL (D:\laundry-
management-system\fron
tend\node_modules\next
\dist\compiled\next-se
rver\app-page.runtime.
prod.js:12:62305)
    at nB (D:\laundry-
management-system\fron
tend\node_modules\next
\dist\compiled\next-se
rver\app-page.runtime.
prod.js:12:67539) {
  digest: '2229572071'
}

Error occurred 
prerendering page 
"/customer/wallet". 
Read more: https://nex
tjs.org/docs/messages/
prerender-error

ReferenceError: 
window is not defined
    at 90719 (D:\laund
ry-management-system\f
rontend\.next\server\c
hunks\9377.js:1:11697)
    at t (D:\laundry-m
anagement-system\front
end\.next\server\webpa
ck-runtime.js:1:127)
    at 60324 (D:\laund
ry-management-system\f
rontend\.next\server\c
hunks\9377.js:1:3664)
    at Object.t [as 
require] (D:\laundry-m
anagement-system\front
end\.next\server\webpa
ck-runtime.js:1:127)
    at require (D:\lau
ndry-management-system
\frontend\node_modules
\next\dist\compiled\ne
xt-server\app-page.run
time.prod.js:17:18811)
    at A (D:\laundry-m
anagement-system\front
end\node_modules\next\
dist\compiled\next-ser
ver\app-page.runtime.p
rod.js:12:94398)
    at R (D:\laundry-m
anagement-system\front
end\node_modules\next\
dist\compiled\next-ser
ver\app-page.runtime.p
rod.js:12:92949)
    at rR (D:\laundry-
management-system\fron
tend\node_modules\next
\dist\compiled\next-se
rver\app-page.runtime.
prod.js:12:33975)
    at nL (D:\laundry-
management-system\fron
tend\node_modules\next
\dist\compiled\next-se
rver\app-page.runtime.
prod.js:12:62305)
    at nB (D:\laundry-
management-system\fron
tend\node_modules\next
\dist\compiled\next-se
rver\app-page.runtime.
prod.js:12:67539)
ReferenceError: 
window is not defined
    at 90719 (D:\laund
ry-management-system\f
rontend\.next\server\c
hunks\9377.js:1:11697)
    at t (D:\laundry-m
anagement-system\front
end\.next\server\webpa
ck-runtime.js:1:127)
    at 60324 (D:\laund
ry-management-system\f
rontend\.next\server\c
hunks\9377.js:1:3664)
    at Object.t [as 
require] (D:\laundry-m
anagement-system\front
end\.next\server\webpa
ck-runtime.js:1:127)
    at require (D:\lau
ndry-management-system
\frontend\node_modules
\next\dist\compiled\ne
xt-server\app-page.run
time.prod.js:17:18811)
    at A (D:\laundry-m
anagement-system\front
end\node_modules\next\
dist\compiled\next-ser
ver\app-page.runtime.p
rod.js:12:94398)
    at R (D:\laundry-m
anagement-system\front
end\node_modules\next\
dist\compiled\next-ser
ver\app-page.runtime.p
rod.js:12:92949)
    at rR (D:\laundry-
management-system\fron
tend\node_modules\next
\dist\compiled\next-se
rver\app-page.runtime.
prod.js:12:33975)
    at nL (D:\laundry-
management-system\fron
tend\node_modules\next
\dist\compiled\next-se
rver\app-page.runtime.
prod.js:12:62305)
    at nB (D:\laundry-
management-system\fron
tend\node_modules\next
\dist\compiled\next-se
rver\app-page.runtime.
prod.js:12:67539) {
  digest: '2229572071'
}

Error occurred 
prerendering page 
"/customer/upgrade". 
Read more: https://nex
tjs.org/docs/messages/
prerender-error

ReferenceError: 
window is not defined
    at 90719 (D:\laund
ry-management-system\f
rontend\.next\server\c
hunks\9377.js:1:11697)
    at t (D:\laundry-m
anagement-system\front
end\.next\server\webpa
ck-runtime.js:1:127)
    at 60324 (D:\laund
ry-management-system\f
rontend\.next\server\c
hunks\9377.js:1:3664)
    at Object.t [as 
require] (D:\laundry-m
anagement-system\front
end\.next\server\webpa
ck-runtime.js:1:127)
    at require (D:\lau
ndry-management-system
\frontend\node_modules
\next\dist\compiled\ne
xt-server\app-page.run
time.prod.js:17:18811)
    at A (D:\laundry-m
anagement-system\front
end\node_modules\next\
dist\compiled\next-ser
ver\app-page.runtime.p
rod.js:12:94398)
    at R (D:\laundry-m
anagement-system\front
end\node_modules\next\
dist\compiled\next-ser
ver\app-page.runtime.p
rod.js:12:92949)
    at rR (D:\laundry-
management-system\fron
tend\node_modules\next
\dist\compiled\next-se
rver\app-page.runtime.
prod.js:12:33975)
    at nL (D:\laundry-
management-system\fron
tend\node_modules\next
\dist\compiled\next-se
rver\app-page.runtime.
prod.js:12:62305)
    at nB (D:\laundry-
management-system\fron
tend\node_modules\next
\dist\compiled\next-se
rver\app-page.runtime.
prod.js:12:67539)
ReferenceError: 
window is not defined
    at 90719 (D:\laund
ry-management-system\f
rontend\.next\server\c
hunks\9377.js:1:11697)
    at t (D:\laundry-m
anagement-system\front
end\.next\server\webpa
ck-runtime.js:1:127)
    at 60324 (D:\laund
ry-management-system\f
rontend\.next\server\c
hunks\9377.js:1:3664)
    at Object.t [as 
require] (D:\laundry-m
anagement-system\front
end\.next\server\webpa
ck-runtime.js:1:127)
    at require (D:\lau
ndry-management-system
\frontend\node_modules
\next\dist\compiled\ne
xt-server\app-page.run
time.prod.js:17:18811)
    at A (D:\laundry-m
anagement-system\front
end\node_modules\next\
dist\compiled\next-ser
ver\app-page.runtime.p
rod.js:12:94398)
    at R (D:\laundry-m
anagement-system\front
end\node_modules\next\
dist\compiled\next-ser
ver\app-page.runtime.p
rod.js:12:92949)
    at rR (D:\laundry-
management-system\fron
tend\node_modules\next
\dist\compiled\next-se
rver\app-page.runtime.
prod.js:12:33975)
    at nL (D:\laundry-
management-system\fron
tend\node_modules\next
\dist\compiled\next-se
rver\app-page.runtime.
prod.js:12:62305)
    at nB (D:\laundry-
management-system\fron
tend\node_modules\next
\dist\compiled\next-se
rver\app-page.runtime.
prod.js:12:67539) {
  digest: '2229572071'
}

Error occurred 
prerendering page "/br
anch/performance". 
Read more: https://nex
tjs.org/docs/messages/
prerender-error

ReferenceError: 
window is not defined
    at 90719 (D:\laund
ry-management-system\f
rontend\.next\server\c
hunks\9377.js:1:11697)
    at t (D:\laundry-m
anagement-system\front
end\.next\server\webpa
ck-runtime.js:1:127)
    at 60324 (D:\laund
ry-management-system\f
rontend\.next\server\c
hunks\9377.js:1:3664)
    at Object.t [as 
require] (D:\laundry-m
anagement-system\front
end\.next\server\webpa
ck-runtime.js:1:127)
    at require (D:\lau
ndry-management-system
\frontend\node_modules
\next\dist\compiled\ne
xt-server\app-page.run
time.prod.js:17:18811)
    at A (D:\laundry-m
anagement-system\front
end\node_modules\next\
dist\compiled\next-ser
ver\app-page.runtime.p
rod.js:12:94398)
    at R (D:\laundry-m
anagement-system\front
end\node_modules\next\
dist\compiled\next-ser
ver\app-page.runtime.p
rod.js:12:92949)
    at rR (D:\laundry-
management-system\fron
tend\node_modules\next
\dist\compiled\next-se
rver\app-page.runtime.
prod.js:12:33975)
    at nL (D:\laundry-
management-system\fron
tend\node_modules\next
\dist\compiled\next-se
rver\app-page.runtime.
prod.js:12:62305)
    at nB (D:\laundry-
management-system\fron
tend\node_modules\next
\dist\compiled\next-se
rver\app-page.runtime.
prod.js:12:67539)
ReferenceError: 
window is not defined
    at 90719 (D:\laund
ry-management-system\f
rontend\.next\server\c
hunks\9377.js:1:11697)
    at t (D:\laundry-m
anagement-system\front
end\.next\server\webpa
ck-runtime.js:1:127)
    at 60324 (D:\laund
ry-management-system\f
rontend\.next\server\c
hunks\9377.js:1:3664)
    at Object.t [as 
require] (D:\laundry-m
anagement-system\front
end\.next\server\webpa
ck-runtime.js:1:127)
    at require (D:\lau
ndry-management-system
\frontend\node_modules
\next\dist\compiled\ne
xt-server\app-page.run
time.prod.js:17:18811)
    at A (D:\laundry-m
anagement-system\front
end\node_modules\next\
dist\compiled\next-ser
ver\app-page.runtime.p
rod.js:12:94398)
    at R (D:\laundry-m
anagement-system\front
end\node_modules\next\
dist\compiled\next-ser
ver\app-page.runtime.p
rod.js:12:92949)
    at rR (D:\laundry-
management-system\fron
tend\node_modules\next
\dist\compiled\next-se
rver\app-page.runtime.
prod.js:12:33975)
    at nL (D:\laundry-
management-system\fron
tend\node_modules\next
\dist\compiled\next-se
rver\app-page.runtime.
prod.js:12:62305)
    at nB (D:\laundry-
management-system\fron
tend\node_modules\next
\dist\compiled\next-se
rver\app-page.runtime.
prod.js:12:67539) {
  digest: '2229572071'
}

Error occurred 
prerendering page 
"/debug-permissions". 
Read more: https://nex
tjs.org/docs/messages/
prerender-error

ReferenceError: 
window is not defined
    at 90719 (D:\laund
ry-management-system\f
rontend\.next\server\c
hunks\9377.js:1:11697)
    at t (D:\laundry-m
anagement-system\front
end\.next\server\webpa
ck-runtime.js:1:127)
    at 60324 (D:\laund
ry-management-system\f
rontend\.next\server\c
hunks\9377.js:1:3664)
    at Object.t [as 
require] (D:\laundry-m
anagement-system\front
end\.next\server\webpa
ck-runtime.js:1:127)
    at require (D:\lau
ndry-management-system
\frontend\node_modules
\next\dist\compiled\ne
xt-server\app-page.run
time.prod.js:17:18811)
    at A (D:\laundry-m
anagement-system\front
end\node_modules\next\
dist\compiled\next-ser
ver\app-page.runtime.p
rod.js:12:94398)
    at R (D:\laundry-m
anagement-system\front
end\node_modules\next\
dist\compiled\next-ser
ver\app-page.runtime.p
rod.js:12:92949)
    at rR (D:\laundry-
management-system\fron
tend\node_modules\next
\dist\compiled\next-se
rver\app-page.runtime.
prod.js:12:33975)
    at nL (D:\laundry-
management-system\fron
tend\node_modules\next
\dist\compiled\next-se
rver\app-page.runtime.
prod.js:12:62305)
    at nB (D:\laundry-
management-system\fron
tend\node_modules\next
\dist\compiled\next-se
rver\app-page.runtime.
prod.js:12:67539)
ReferenceError: 
window is not defined
    at 90719 (D:\laund
ry-management-system\f
rontend\.next\server\c
hunks\9377.js:1:11697)
    at t (D:\laundry-m
anagement-system\front
end\.next\server\webpa
ck-runtime.js:1:127)
    at 60324 (D:\laund
ry-management-system\f
rontend\.next\server\c
hunks\9377.js:1:3664)
    at Object.t [as 
require] (D:\laundry-m
anagement-system\front
end\.next\server\webpa
ck-runtime.js:1:127)
    at require (D:\lau
ndry-management-system
\frontend\node_modules
\next\dist\compiled\ne
xt-server\app-page.run
time.prod.js:17:18811)
    at A (D:\laundry-m
anagement-system\front
end\node_modules\next\
dist\compiled\next-ser
ver\app-page.runtime.p
rod.js:12:94398)
    at R (D:\laundry-m
anagement-system\front
end\node_modules\next\
dist\compiled\next-ser
ver\app-page.runtime.p
rod.js:12:92949)
    at rR (D:\laundry-
management-system\fron
tend\node_modules\next
\dist\compiled\next-se
rver\app-page.runtime.
prod.js:12:33975)
    at nL (D:\laundry-
management-system\fron
tend\node_modules\next
\dist\compiled\next-se
rver\app-page.runtime.
prod.js:12:62305)
    at nB (D:\laundry-
management-system\fron
tend\node_modules\next
\dist\compiled\next-se
rver\app-page.runtime.
prod.js:12:67539) {
  digest: '2229572071'
}

Error occurred 
prerendering page 
"/releases". Read 
more: https://nextjs.o
rg/docs/messages/prere
nder-error

ReferenceError: 
window is not defined
    at 90719 (D:\laund
ry-management-system\f
rontend\.next\server\c
hunks\9377.js:1:11697)
    at t (D:\laundry-m
anagement-system\front
end\.next\server\webpa
ck-runtime.js:1:127)
    at 60324 (D:\laund
ry-management-system\f
rontend\.next\server\c
hunks\9377.js:1:3664)
    at Object.t [as 
require] (D:\laundry-m
anagement-system\front
end\.next\server\webpa
ck-runtime.js:1:127)
    at require (D:\lau
ndry-management-system
\frontend\node_modules
\next\dist\compiled\ne
xt-server\app-page.run
time.prod.js:17:18811)
    at A (D:\laundry-m
anagement-system\front
end\node_modules\next\
dist\compiled\next-ser
ver\app-page.runtime.p
rod.js:12:94398)
    at R (D:\laundry-m
anagement-system\front
end\node_modules\next\
dist\compiled\next-ser
ver\app-page.runtime.p
rod.js:12:92949)
    at rR (D:\laundry-
management-system\fron
tend\node_modules\next
\dist\compiled\next-se
rver\app-page.runtime.
prod.js:12:33975)
    at nL (D:\laundry-
management-system\fron
tend\node_modules\next
\dist\compiled\next-se
rver\app-page.runtime.
prod.js:12:62305)
    at nB (D:\laundry-
management-system\fron
tend\node_modules\next
\dist\compiled\next-se
rver\app-page.runtime.
prod.js:12:67539)
ReferenceError: 
window is not defined
    at 90719 (D:\laund
ry-management-system\f
rontend\.next\server\c
hunks\9377.js:1:11697)
    at t (D:\laundry-m
anagement-system\front
end\.next\server\webpa
ck-runtime.js:1:127)
    at 60324 (D:\laund
ry-management-system\f
rontend\.next\server\c
hunks\9377.js:1:3664)
    at Object.t [as 
require] (D:\laundry-m
anagement-system\front
end\.next\server\webpa
ck-runtime.js:1:127)
    at require (D:\lau
ndry-management-system
\frontend\node_modules
\next\dist\compiled\ne
xt-server\app-page.run
time.prod.js:17:18811)
    at A (D:\laundry-m
anagement-system\front
end\node_modules\next\
dist\compiled\next-ser
ver\app-page.runtime.p
rod.js:12:94398)
    at R (D:\laundry-m
anagement-system\front
end\node_modules\next\
dist\compiled\next-ser
ver\app-page.runtime.p
rod.js:12:92949)
    at rR (D:\laundry-
management-system\fron
tend\node_modules\next
\dist\compiled\next-se
rver\app-page.runtime.
prod.js:12:33975)
    at nL (D:\laundry-
management-system\fron
tend\node_modules\next
\dist\compiled\next-se
rver\app-page.runtime.
prod.js:12:62305)
    at nB (D:\laundry-
management-system\fron
tend\node_modules\next
\dist\compiled\next-se
rver\app-page.runtime.
prod.js:12:67539) {
  digest: '2229572071'
}

Error occurred 
prerendering page 
"/help". Read more: ht
tps://nextjs.org/docs/
messages/prerender-err
or

ReferenceError: 
window is not defined
    at 90719 (D:\laund
ry-management-system\f
rontend\.next\server\c
hunks\9377.js:1:11697)
    at t (D:\laundry-m
anagement-system\front
end\.next\server\webpa
ck-runtime.js:1:127)
    at 60324 (D:\laund
ry-management-system\f
rontend\.next\server\c
hunks\9377.js:1:3664)
    at Object.t [as 
require] (D:\laundry-m
anagement-system\front
end\.next\server\webpa
ck-runtime.js:1:127)
    at require (D:\lau
ndry-management-system
\frontend\node_modules
\next\dist\compiled\ne
xt-server\app-page.run
time.prod.js:17:18811)
    at A (D:\laundry-m
anagement-system\front
end\node_modules\next\
dist\compiled\next-ser
ver\app-page.runtime.p
rod.js:12:94398)
    at R (D:\laundry-m
anagement-system\front
end\node_modules\next\
dist\compiled\next-ser
ver\app-page.runtime.p
rod.js:12:92949)
    at rR (D:\laundry-
management-system\fron
tend\node_modules\next
\dist\compiled\next-se
rver\app-page.runtime.
prod.js:12:33975)
    at nL (D:\laundry-
management-system\fron
tend\node_modules\next
\dist\compiled\next-se
rver\app-page.runtime.
prod.js:12:62305)
    at nB (D:\laundry-
management-system\fron
tend\node_modules\next
\dist\compiled\next-se
rver\app-page.runtime.
prod.js:12:67539)
ReferenceError: 
window is not defined
    at 90719 (D:\laund
ry-management-system\f
rontend\.next\server\c
hunks\9377.js:1:11697)
    at t (D:\laundry-m
anagement-system\front
end\.next\server\webpa
ck-runtime.js:1:127)
    at 60324 (D:\laund
ry-management-system\f
rontend\.next\server\c
hunks\9377.js:1:3664)
    at Object.t [as 
require] (D:\laundry-m
anagement-system\front
end\.next\server\webpa
ck-runtime.js:1:127)
    at require (D:\lau
ndry-management-system
\frontend\node_modules
\next\dist\compiled\ne
xt-server\app-page.run
time.prod.js:17:18811)
    at A (D:\laundry-m
anagement-system\front
end\node_modules\next\
dist\compiled\next-ser
ver\app-page.runtime.p
rod.js:12:94398)
    at R (D:\laundry-m
anagement-system\front
end\node_modules\next\
dist\compiled\next-ser
ver\app-page.runtime.p
rod.js:12:92949)
    at rR (D:\laundry-
management-system\fron
tend\node_modules\next
\dist\compiled\next-se
rver\app-page.runtime.
prod.js:12:33975)
    at nL (D:\laundry-
management-system\fron
tend\node_modules\next
\dist\compiled\next-se
rver\app-page.runtime.
prod.js:12:62305)
    at nB (D:\laundry-
management-system\fron
tend\node_modules\next
\dist\compiled\next-se
rver\app-page.runtime.
prod.js:12:67539) {
  digest: '2229572071'
}

Error occurred 
prerendering page 
"/pricing". Read 
more: https://nextjs.o
rg/docs/messages/prere
nder-error

ReferenceError: 
window is not defined
    at 90719 (D:\laund
ry-management-system\f
rontend\.next\server\c
hunks\9377.js:1:11697)
    at t (D:\laundry-m
anagement-system\front
end\.next\server\webpa
ck-runtime.js:1:127)
    at 60324 (D:\laund
ry-management-system\f
rontend\.next\server\c
hunks\9377.js:1:3664)
    at Object.t [as 
require] (D:\laundry-m
anagement-system\front
end\.next\server\webpa
ck-runtime.js:1:127)
    at require (D:\lau
ndry-management-system
\frontend\node_modules
\next\dist\compiled\ne
xt-server\app-page.run
time.prod.js:17:18811)
    at A (D:\laundry-m
anagement-system\front
end\node_modules\next\
dist\compiled\next-ser
ver\app-page.runtime.p
rod.js:12:94398)
    at R (D:\laundry-m
anagement-system\front
end\node_modules\next\
dist\compiled\next-ser
ver\app-page.runtime.p
rod.js:12:92949)
    at rR (D:\laundry-
management-system\fron
tend\node_modules\next
\dist\compiled\next-se
rver\app-page.runtime.
prod.js:12:33975)
    at nL (D:\laundry-
management-system\fron
tend\node_modules\next
\dist\compiled\next-se
rver\app-page.runtime.
prod.js:12:62305)
    at nB (D:\laundry-
management-system\fron
tend\node_modules\next
\dist\compiled\next-se
rver\app-page.runtime.
prod.js:12:67539)
ReferenceError: 
window is not defined
    at 90719 (D:\laund
ry-management-system\f
rontend\.next\server\c
hunks\9377.js:1:11697)
    at t (D:\laundry-m
anagement-system\front
end\.next\server\webpa
ck-runtime.js:1:127)
    at 3506 (D:\laundr
y-management-system\fr
ontend\.next\server\ch
unks\629.js:1:5813)
    at Object.t [as 
require] (D:\laundry-m
anagement-system\front
end\.next\server\webpa
ck-runtime.js:1:127)
    at require (D:\lau
ndry-management-system
\frontend\node_modules
\next\dist\compiled\ne
xt-server\app-page.run
time.prod.js:17:18811)
    at s (D:\laundry-m
anagement-system\front
end\node_modules\next\
dist\compiled\next-ser
ver\app-page.runtime.p
rod.js:12:88330)
    at D:\laundry-mana
gement-system\frontend
\node_modules\next\dis
t\compiled\next-server
\app-page.runtime.prod
.js:12:98875
    at D:\laundry-mana
gement-system\frontend
\node_modules\next\dis
t\compiled\next-server
\app-page.runtime.prod
.js:12:98962
    at t (D:\laundry-m
anagement-system\front
end\node_modules\next\
dist\compiled\next-ser
ver\app-page.runtime.p
rod.js:12:99165) {
  digest: '1305814237'
}

Error occurred 
prerendering page 
"/support/dashboard". 
Read more: https://nex
tjs.org/docs/messages/
prerender-error

ReferenceError: 
window is not defined
    at 90719 (D:\laund
ry-management-system\f
rontend\.next\server\c
hunks\9377.js:1:11697)
    at t (D:\laundry-m
anagement-system\front
end\.next\server\webpa
ck-runtime.js:1:127)
    at 3506 (D:\laundr
y-management-system\fr
ontend\.next\server\ch
unks\629.js:1:5813)
    at Object.t [as 
require] (D:\laundry-m
anagement-system\front
end\.next\server\webpa
ck-runtime.js:1:127)
    at require (D:\lau
ndry-management-system
\frontend\node_modules
\next\dist\compiled\ne
xt-server\app-page.run
time.prod.js:17:18811)
    at s (D:\laundry-m
anagement-system\front
end\node_modules\next\
dist\compiled\next-ser
ver\app-page.runtime.p
rod.js:12:88330)
    at D:\laundry-mana
gement-system\frontend
\node_modules\next\dis
t\compiled\next-server
\app-page.runtime.prod
.js:12:98875
    at D:\laundry-mana
gement-system\frontend
\node_modules\next\dis
t\compiled\next-server
\app-page.runtime.prod
.js:12:98962
    at t (D:\laundry-m
anagement-system\front
end\node_modules\next\
dist\compiled\next-ser
ver\app-page.runtime.p
rod.js:12:99165)
ReferenceError: 
window is not defined
    at 90719 (D:\laund
ry-management-system\f
rontend\.next\server\c
hunks\9377.js:1:11697)
    at t (D:\laundry-m
anagement-system\front
end\.next\server\webpa
ck-runtime.js:1:127)
    at 60324 (D:\laund
ry-management-system\f
rontend\.next\server\c
hunks\9377.js:1:3664)
    at Object.t [as 
require] (D:\laundry-m
anagement-system\front
end\.next\server\webpa
ck-runtime.js:1:127)
    at require (D:\lau
ndry-management-system
\frontend\node_modules
\next\dist\compiled\ne
xt-server\app-page.run
time.prod.js:17:18811)
    at A (D:\laundry-m
anagement-system\front
end\node_modules\next\
dist\compiled\next-ser
ver\app-page.runtime.p
rod.js:12:94398)
    at R (D:\laundry-m
anagement-system\front
end\node_modules\next\
dist\compiled\next-ser
ver\app-page.runtime.p
rod.js:12:92949)
    at rR (D:\laundry-
management-system\fron
tend\node_modules\next
\dist\compiled\next-se
rver\app-page.runtime.
prod.js:12:33975)
    at nL (D:\laundry-
management-system\fron
tend\node_modules\next
\dist\compiled\next-se
rver\app-page.runtime.
prod.js:12:62305)
    at nB (D:\laundry-
management-system\fron
tend\node_modules\next
\dist\compiled\next-se
rver\app-page.runtime.
prod.js:12:67539) {
  digest: '2229572071'
}

Error occurred 
prerendering page 
"/services". Read 
more: https://nextjs.o
rg/docs/messages/prere
nder-error

ReferenceError: 
window is not defined
    at 90719 (D:\laund
ry-management-system\f
rontend\.next\server\c
hunks\9377.js:1:11697)
    at t (D:\laundry-m
anagement-system\front
end\.next\server\webpa
ck-runtime.js:1:127)
    at 60324 (D:\laund
ry-management-system\f
rontend\.next\server\c
hunks\9377.js:1:3664)
    at Object.t [as 
require] (D:\laundry-m
anagement-system\front
end\.next\server\webpa
ck-runtime.js:1:127)
    at require (D:\lau
ndry-management-system
\frontend\node_modules
\next\dist\compiled\ne
xt-server\app-page.run
time.prod.js:17:18811)
    at A (D:\laundry-m
anagement-system\front
end\node_modules\next\
dist\compiled\next-ser
ver\app-page.runtime.p
rod.js:12:94398)
    at R (D:\laundry-m
anagement-system\front
end\node_modules\next\
dist\compiled\next-ser
ver\app-page.runtime.p
rod.js:12:92949)
    at rR (D:\laundry-
management-system\fron
tend\node_modules\next
\dist\compiled\next-se
rver\app-page.runtime.
prod.js:12:33975)
    at nL (D:\laundry-
management-system\fron
tend\node_modules\next
\dist\compiled\next-se
rver\app-page.runtime.
prod.js:12:62305)
    at nB (D:\laundry-
management-system\fron
tend\node_modules\next
\dist\compiled\next-se
rver\app-page.runtime.
prod.js:12:67539)
ReferenceError: 
window is not defined
    at 90719 (D:\laund
ry-management-system\f
rontend\.next\server\c
hunks\9377.js:1:11697)
    at t (D:\laundry-m
anagement-system\front
end\.next\server\webpa
ck-runtime.js:1:127)
    at 3506 (D:\laundr
y-management-system\fr
ontend\.next\server\ch
unks\629.js:1:5813)
    at Object.t [as 
require] (D:\laundry-m
anagement-system\front
end\.next\server\webpa
ck-runtime.js:1:127)
    at require (D:\lau
ndry-management-system
\frontend\node_modules
\next\dist\compiled\ne
xt-server\app-page.run
time.prod.js:17:18811)
    at s (D:\laundry-m
anagement-system\front
end\node_modules\next\
dist\compiled\next-ser
ver\app-page.runtime.p
rod.js:12:88330)
    at D:\laundry-mana
gement-system\frontend
\node_modules\next\dis
t\compiled\next-server
\app-page.runtime.prod
.js:12:98875
    at D:\laundry-mana
gement-system\frontend
\node_modules\next\dis
t\compiled\next-server
\app-page.runtime.prod
.js:12:98962
    at t (D:\laundry-m
anagement-system\front
end\node_modules\next\
dist\compiled\next-ser
ver\app-page.runtime.p
rod.js:12:99165) {
  digest: '1305814237'
}

Error occurred 
prerendering page 
"/support/messages". 
Read more: https://nex
tjs.org/docs/messages/
prerender-error

ReferenceError: 
window is not defined
    at 90719 (D:\laund
ry-management-system\f
rontend\.next\server\c
hunks\9377.js:1:11697)
    at t (D:\laundry-m
anagement-system\front
end\.next\server\webpa
ck-runtime.js:1:127)
    at 3506 (D:\laundr
y-management-system\fr
ontend\.next\server\ch
unks\629.js:1:5813)
    at Object.t [as 
require] (D:\laundry-m
anagement-system\front
end\.next\server\webpa
ck-runtime.js:1:127)
    at require (D:\lau
ndry-management-system
\frontend\node_modules
\next\dist\compiled\ne
xt-server\app-page.run
time.prod.js:17:18811)
    at s (D:\laundry-m
anagement-system\front
end\node_modules\next\
dist\compiled\next-ser
ver\app-page.runtime.p
rod.js:12:88330)
    at D:\laundry-mana
gement-system\frontend
\node_modules\next\dis
t\compiled\next-server
\app-page.runtime.prod
.js:12:98875
    at D:\laundry-mana
gement-system\frontend
\node_modules\next\dis
t\compiled\next-server
\app-page.runtime.prod
.js:12:98962
    at t (D:\laundry-m
anagement-system\front
end\node_modules\next\
dist\compiled\next-ser
ver\app-page.runtime.p
rod.js:12:99165)
ReferenceError: 
window is not defined
    at 90719 (D:\laund
ry-management-system\f
rontend\.next\server\c
hunks\9377.js:1:11697)
    at t (D:\laundry-m
anagement-system\front
end\.next\server\webpa
ck-runtime.js:1:127)
    at 3506 (D:\laundr
y-management-system\fr
ontend\.next\server\ch
unks\629.js:1:5813)
    at Object.t [as 
require] (D:\laundry-m
anagement-system\front
end\.next\server\webpa
ck-runtime.js:1:127)
    at require (D:\lau
ndry-management-system
\frontend\node_modules
\next\dist\compiled\ne
xt-server\app-page.run
time.prod.js:17:18811)
    at s (D:\laundry-m
anagement-system\front
end\node_modules\next\
dist\compiled\next-ser
ver\app-page.runtime.p
rod.js:12:88330)
    at D:\laundry-mana
gement-system\frontend
\node_modules\next\dis
t\compiled\next-server
\app-page.runtime.prod
.js:12:98875
    at D:\laundry-mana
gement-system\frontend
\node_modules\next\dis
t\compiled\next-server
\app-page.runtime.prod
.js:12:98962
    at t (D:\laundry-m
anagement-system\front
end\node_modules\next\
dist\compiled\next-ser
ver\app-page.runtime.p
rod.js:12:99165) {
  digest: '1305814237'
}

Error occurred 
prerendering page "/su
pport/performance". 
Read more: https://nex
tjs.org/docs/messages/
prerender-error

ReferenceError: 
window is not defined
    at 90719 (D:\laund
ry-management-system\f
rontend\.next\server\c
hunks\9377.js:1:11697)
    at t (D:\laundry-m
anagement-system\front
end\.next\server\webpa
ck-runtime.js:1:127)
    at 3506 (D:\laundr
y-management-system\fr
ontend\.next\server\ch
unks\629.js:1:5813)
    at Object.t [as 
require] (D:\laundry-m
anagement-system\front
end\.next\server\webpa
ck-runtime.js:1:127)
    at require (D:\lau
ndry-management-system
\frontend\node_modules
\next\dist\compiled\ne
xt-server\app-page.run
time.prod.js:17:18811)
    at s (D:\laundry-m
anagement-system\front
end\node_modules\next\
dist\compiled\next-ser
ver\app-page.runtime.p
rod.js:12:88330)
    at D:\laundry-mana
gement-system\frontend
\node_modules\next\dis
t\compiled\next-server
\app-page.runtime.prod
.js:12:98875
    at D:\laundry-mana
gement-system\frontend
\node_modules\next\dis
t\compiled\next-server
\app-page.runtime.prod
.js:12:98962
    at t (D:\laundry-m
anagement-system\front
end\node_modules\next\
dist\compiled\next-ser
ver\app-page.runtime.p
rod.js:12:99165)
ReferenceError: 
window is not defined
    at 90719 (D:\laund
ry-management-system\f
rontend\.next\server\c
hunks\9377.js:1:11697)
    at t (D:\laundry-m
anagement-system\front
end\.next\server\webpa
ck-runtime.js:1:127)
    at 3506 (D:\laundr
y-management-system\fr
ontend\.next\server\ch
unks\629.js:1:5813)
    at Object.t [as 
require] (D:\laundry-m
anagement-system\front
end\.next\server\webpa
ck-runtime.js:1:127)
    at require (D:\lau
ndry-management-system
\frontend\node_modules
\next\dist\compiled\ne
xt-server\app-page.run
time.prod.js:17:18811)
    at s (D:\laundry-m
anagement-system\front
end\node_modules\next\
dist\compiled\next-ser
ver\app-page.runtime.p
rod.js:12:88330)
    at D:\laundry-mana
gement-system\frontend
\node_modules\next\dis
t\compiled\next-server
\app-page.runtime.prod
.js:12:98875
    at D:\laundry-mana
gement-system\frontend
\node_modules\next\dis
t\compiled\next-server
\app-page.runtime.prod
.js:12:98962
    at t (D:\laundry-m
anagement-system\front
end\node_modules\next\
dist\compiled\next-ser
ver\app-page.runtime.p
rod.js:12:99165) {
  digest: '1305814237'
}

Error occurred 
prerendering page 
"/support/tickets". 
Read more: https://nex
tjs.org/docs/messages/
prerender-error

ReferenceError: 
window is not defined
    at 90719 (D:\laund
ry-management-system\f
rontend\.next\server\c
hunks\9377.js:1:11697)
    at t (D:\laundry-m
anagement-system\front
end\.next\server\webpa
ck-runtime.js:1:127)
    at 3506 (D:\laundr
y-management-system\fr
ontend\.next\server\ch
unks\629.js:1:5813)
    at Object.t [as 
require] (D:\laundry-m
anagement-system\front
end\.next\server\webpa
ck-runtime.js:1:127)
    at require (D:\lau
ndry-management-system
\frontend\node_modules
\next\dist\compiled\ne
xt-server\app-page.run
time.prod.js:17:18811)
    at s (D:\laundry-m
anagement-system\front
end\node_modules\next\
dist\compiled\next-ser
ver\app-page.runtime.p
rod.js:12:88330)
    at D:\laundry-mana
gement-system\frontend
\node_modules\next\dis
t\compiled\next-server
\app-page.runtime.prod
.js:12:98875
    at D:\laundry-mana
gement-system\frontend
\node_modules\next\dis
t\compiled\next-server
\app-page.runtime.prod
.js:12:98962
    at t (D:\laundry-m
anagement-system\front
end\node_modules\next\
dist\compiled\next-ser
ver\app-page.runtime.p
rod.js:12:99165)
ReferenceError: 
window is not defined
    at 90719 (D:\laund
ry-management-system\f
rontend\.next\server\c
hunks\9377.js:1:11697)
    at t (D:\laundry-m
anagement-system\front
end\.next\server\webpa
ck-runtime.js:1:127)
    at 3506 (D:\laundr
y-management-system\fr
ontend\.next\server\ch
unks\629.js:1:5813)
    at Object.t [as 
require] (D:\laundry-m
anagement-system\front
end\.next\server\webpa
ck-runtime.js:1:127)
    at require (D:\lau
ndry-management-system
\frontend\node_modules
\next\dist\compiled\ne
xt-server\app-page.run
time.prod.js:17:18811)
    at s (D:\laundry-m
anagement-system\front
end\node_modules\next\
dist\compiled\next-ser
ver\app-page.runtime.p
rod.js:12:88330)
    at D:\laundry-mana
gement-system\frontend
\node_modules\next\dis
t\compiled\next-server
\app-page.runtime.prod
.js:12:98875
    at D:\laundry-mana
gement-system\frontend
\node_modules\next\dis
t\compiled\next-server
\app-page.runtime.prod
.js:12:98962
    at t (D:\laundry-m
anagement-system\front
end\node_modules\next\
dist\compiled\next-ser
ver\app-page.runtime.p
rod.js:12:99165) {
  digest: '1305814237'
}

Error occurred 
prerendering page "/su
pport/knowledge-base".
 Read more: https://ne
xtjs.org/docs/messages
/prerender-error

ReferenceError: 
window is not defined
    at 90719 (D:\laund
ry-management-system\f
rontend\.next\server\c
hunks\9377.js:1:11697)
    at t (D:\laundry-m
anagement-system\front
end\.next\server\webpa
ck-runtime.js:1:127)
    at 3506 (D:\laundr
y-management-system\fr
ontend\.next\server\ch
unks\629.js:1:5813)
    at Object.t [as 
require] (D:\laundry-m
anagement-system\front
end\.next\server\webpa
ck-runtime.js:1:127)
    at require (D:\lau
ndry-management-system
\frontend\node_modules
\next\dist\compiled\ne
xt-server\app-page.run
time.prod.js:17:18811)
    at s (D:\laundry-m
anagement-system\front
end\node_modules\next\
dist\compiled\next-ser
ver\app-page.runtime.p
rod.js:12:88330)
    at D:\laundry-mana
gement-system\frontend
\node_modules\next\dis
t\compiled\next-server
\app-page.runtime.prod
.js:12:98875
    at D:\laundry-mana
gement-system\frontend
\node_modules\next\dis
t\compiled\next-server
\app-page.runtime.prod
.js:12:98962
    at t (D:\laundry-m
anagement-system\front
end\node_modules\next\
dist\compiled\next-ser
ver\app-page.runtime.p
rod.js:12:99165)
ReferenceError: 
window is not defined
    at 90719 (D:\laund
ry-management-system\f
rontend\.next\server\c
hunks\9377.js:1:11697)
    at t (D:\laundry-m
anagement-system\front
end\.next\server\webpa
ck-runtime.js:1:127)
    at 3506 (D:\laundr
y-management-system\fr
ontend\.next\server\ch
unks\629.js:1:5813)
    at Object.t [as 
require] (D:\laundry-m
anagement-system\front
end\.next\server\webpa
ck-runtime.js:1:127)
    at require (D:\lau
ndry-management-system
\frontend\node_modules
\next\dist\compiled\ne
xt-server\app-page.run
time.prod.js:17:18811)
    at s (D:\laundry-m
anagement-system\front
end\node_modules\next\
dist\compiled\next-ser
ver\app-page.runtime.p
rod.js:12:88330)
    at D:\laundry-mana
gement-system\frontend
\node_modules\next\dis
t\compiled\next-server
\app-page.runtime.prod
.js:12:98875
    at D:\laundry-mana
gement-system\frontend
\node_modules\next\dis
t\compiled\next-server
\app-page.runtime.prod
.js:12:98962
    at t (D:\laundry-m
anagement-system\front
end\node_modules\next\
dist\compiled\next-ser
ver\app-page.runtime.p
rod.js:12:99165) {
  digest: '1305814237'
}

Error occurred 
prerendering page "/su
pport/knowledge-base/c
ategories". Read 
more: https://nextjs.o
rg/docs/messages/prere
nder-error

ReferenceError: 
window is not defined
    at 90719 (D:\laund
ry-management-system\f
rontend\.next\server\c
hunks\9377.js:1:11697)
    at t (D:\laundry-m
anagement-system\front
end\.next\server\webpa
ck-runtime.js:1:127)
    at 3506 (D:\laundr
y-management-system\fr
ontend\.next\server\ch
unks\629.js:1:5813)
    at Object.t [as 
require] (D:\laundry-m
anagement-system\front
end\.next\server\webpa
ck-runtime.js:1:127)
    at require (D:\lau
ndry-management-system
\frontend\node_modules
\next\dist\compiled\ne
xt-server\app-page.run
time.prod.js:17:18811)
    at s (D:\laundry-m
anagement-system\front
end\node_modules\next\
dist\compiled\next-ser
ver\app-page.runtime.p
rod.js:12:88330)
    at D:\laundry-mana
gement-system\frontend
\node_modules\next\dis
t\compiled\next-server
\app-page.runtime.prod
.js:12:98875
    at D:\laundry-mana
gement-system\frontend
\node_modules\next\dis
t\compiled\next-server
\app-page.runtime.prod
.js:12:98962
    at t (D:\laundry-m
anagement-system\front
end\node_modules\next\
dist\compiled\next-ser
ver\app-page.runtime.p
rod.js:12:99165)
ReferenceError: 
window is not defined
    at 90719 (D:\laund
ry-management-system\f
rontend\.next\server\c
hunks\9377.js:1:11697)
    at t (D:\laundry-m
anagement-system\front
end\.next\server\webpa
ck-runtime.js:1:127)
    at 3506 (D:\laundr
y-management-system\fr
ontend\.next\server\ch
unks\629.js:1:5813)
    at Object.t [as 
require] (D:\laundry-m
anagement-system\front
end\.next\server\webpa
ck-runtime.js:1:127)
    at require (D:\lau
ndry-management-system
\frontend\node_modules
\next\dist\compiled\ne
xt-server\app-page.run
time.prod.js:17:18811)
    at s (D:\laundry-m
anagement-system\front
end\node_modules\next\
dist\compiled\next-ser
ver\app-page.runtime.p
rod.js:12:88330)
    at D:\laundry-mana
gement-system\frontend
\node_modules\next\dis
t\compiled\next-server
\app-page.runtime.prod
.js:12:98875
    at D:\laundry-mana
gement-system\frontend
\node_modules\next\dis
t\compiled\next-server
\app-page.runtime.prod
.js:12:98962
    at t (D:\laundry-m
anagement-system\front
end\node_modules\next\
dist\compiled\next-ser
ver\app-page.runtime.p
rod.js:12:99165) {
  digest: '1305814237'
}

Error occurred 
prerendering page "/su
pport/tickets/unassign
ed". Read more: https:
//nextjs.org/docs/mess
ages/prerender-error

ReferenceError: 
window is not defined
    at 90719 (D:\laund
ry-management-system\f
rontend\.next\server\c
hunks\9377.js:1:11697)
    at t (D:\laundry-m
anagement-system\front
end\.next\server\webpa
ck-runtime.js:1:127)
    at 3506 (D:\laundr
y-management-system\fr
ontend\.next\server\ch
unks\629.js:1:5813)
    at Object.t [as 
require] (D:\laundry-m
anagement-system\front
end\.next\server\webpa
ck-runtime.js:1:127)
    at require (D:\lau
ndry-management-system
\frontend\node_modules
\next\dist\compiled\ne
xt-server\app-page.run
time.prod.js:17:18811)
    at s (D:\laundry-m
anagement-system\front
end\node_modules\next\
dist\compiled\next-ser
ver\app-page.runtime.p
rod.js:12:88330)
    at D:\laundry-mana
gement-system\frontend
\node_modules\next\dis
t\compiled\next-server
\app-page.runtime.prod
.js:12:98875
    at D:\laundry-mana
gement-system\frontend
\node_modules\next\dis
t\compiled\next-server
\app-page.runtime.prod
.js:12:98962
    at t (D:\laundry-m
anagement-system\front
end\node_modules\next\
dist\compiled\next-ser
ver\app-page.runtime.p
rod.js:12:99165)
ReferenceError: 
window is not defined
    at 90719 (D:\laund
ry-management-system\f
rontend\.next\server\c
hunks\9377.js:1:11697)
    at t (D:\laundry-m
anagement-system\front
end\.next\server\webpa
ck-runtime.js:1:127)
    at 60324 (D:\laund
ry-management-system\f
rontend\.next\server\c
hunks\9377.js:1:3664)
    at Object.t [as 
require] (D:\laundry-m
anagement-system\front
end\.next\server\webpa
ck-runtime.js:1:127)
    at require (D:\lau
ndry-management-system
\frontend\node_modules
\next\dist\compiled\ne
xt-server\app-page.run
time.prod.js:17:18811)
    at A (D:\laundry-m
anagement-system\front
end\node_modules\next\
dist\compiled\next-ser
ver\app-page.runtime.p
rod.js:12:94398)
    at R (D:\laundry-m
anagement-system\front
end\node_modules\next\
dist\compiled\next-ser
ver\app-page.runtime.p
rod.js:12:92949)
    at rR (D:\laundry-
management-system\fron
tend\node_modules\next
\dist\compiled\next-se
rver\app-page.runtime.
prod.js:12:33975)
    at nL (D:\laundry-
management-system\fron
tend\node_modules\next
\dist\compiled\next-se
rver\app-page.runtime.
prod.js:12:62305)
    at nB (D:\laundry-
management-system\fron
tend\node_modules\next
\dist\compiled\next-se
rver\app-page.runtime.
prod.js:12:67539) {
  digest: '2229572071'
}

Error occurred 
prerendering page 
"/". Read more: https:
//nextjs.org/docs/mess
ages/prerender-error

ReferenceError: 
window is not defined
    at 90719 (D:\laund
ry-management-system\f
rontend\.next\server\c
hunks\9377.js:1:11697)
    at t (D:\laundry-m
anagement-system\front
end\.next\server\webpa
ck-runtime.js:1:127)
    at 60324 (D:\laund
ry-management-system\f
rontend\.next\server\c
hunks\9377.js:1:3664)
    at Object.t [as 
require] (D:\laundry-m
anagement-system\front
end\.next\server\webpa
ck-runtime.js:1:127)
    at require (D:\lau
ndry-management-system
\frontend\node_modules
\next\dist\compiled\ne
xt-server\app-page.run
time.prod.js:17:18811)
    at A (D:\laundry-m
anagement-system\front
end\node_modules\next\
dist\compiled\next-ser
ver\app-page.runtime.p
rod.js:12:94398)
    at R (D:\laundry-m
anagement-system\front
end\node_modules\next\
dist\compiled\next-ser
ver\app-page.runtime.p
rod.js:12:92949)
    at rR (D:\laundry-
management-system\fron
tend\node_modules\next
\dist\compiled\next-se
rver\app-page.runtime.
prod.js:12:33975)
    at nL (D:\laundry-
management-system\fron
tend\node_modules\next
\dist\compiled\next-se
rver\app-page.runtime.
prod.js:12:62305)
    at nB (D:\laundry-
management-system\fron
tend\node_modules\next
\dist\compiled\next-se
rver\app-page.runtime.
prod.js:12:67539)
ReferenceError: 
window is not defined
    at 90719 (D:\laund
ry-management-system\f
rontend\.next\server\c
hunks\9377.js:1:11697)
    at t (D:\laundry-m
anagement-system\front
end\.next\server\webpa
ck-runtime.js:1:127)
    at 60324 (D:\laund
ry-management-system\f
rontend\.next\server\c
hunks\9377.js:1:3664)
    at Object.t [as 
require] (D:\laundry-m
anagement-system\front
end\.next\server\webpa
ck-runtime.js:1:127)
    at require (D:\lau
ndry-management-system
\frontend\node_modules
\next\dist\compiled\ne
xt-server\app-page.run
time.prod.js:17:18811)
    at A (D:\laundry-m
anagement-system\front
end\node_modules\next\
dist\compiled\next-ser
ver\app-page.runtime.p
rod.js:12:94398)
    at R (D:\laundry-m
anagement-system\front
end\node_modules\next\
dist\compiled\next-ser
ver\app-page.runtime.p
rod.js:12:92949)
    at rR (D:\laundry-
management-system\fron
tend\node_modules\next
\dist\compiled\next-se
rver\app-page.runtime.
prod.js:12:33975)
    at nL (D:\laundry-
management-system\fron
tend\node_modules\next
\dist\compiled\next-se
rver\app-page.runtime.
prod.js:12:62305)
    at nB (D:\laundry-
management-system\fron
tend\node_modules\next
\dist\compiled\next-se
rver\app-page.runtime.
prod.js:12:67539) {
  digest: '2229572071'
}

Error occurred 
prerendering page 
"/version". Read 
more: https://nextjs.o
rg/docs/messages/prere
nder-error

ReferenceError: 
window is not defined
    at 90719 (D:\laund
ry-management-system\f
rontend\.next\server\c
hunks\9377.js:1:11697)
    at t (D:\laundry-m
anagement-system\front
end\.next\server\webpa
ck-runtime.js:1:127)
    at 60324 (D:\laund
ry-management-system\f
rontend\.next\server\c
hunks\9377.js:1:3664)
    at Object.t [as 
require] (D:\laundry-m
anagement-system\front
end\.next\server\webpa
ck-runtime.js:1:127)
    at require (D:\lau
ndry-management-system
\frontend\node_modules
\next\dist\compiled\ne
xt-server\app-page.run
time.prod.js:17:18811)
    at A (D:\laundry-m
anagement-system\front
end\node_modules\next\
dist\compiled\next-ser
ver\app-page.runtime.p
rod.js:12:94398)
    at R (D:\laundry-m
anagement-system\front
end\node_modules\next\
dist\compiled\next-ser
ver\app-page.runtime.p
rod.js:12:92949)
    at rR (D:\laundry-
management-system\fron
tend\node_modules\next
\dist\compiled\next-se
rver\app-page.runtime.
prod.js:12:33975)
    at nL (D:\laundry-
management-system\fron
tend\node_modules\next
\dist\compiled\next-se
rver\app-page.runtime.
prod.js:12:62305)
    at nB (D:\laundry-
management-system\fron
tend\node_modules\next
\dist\compiled\next-se
rver\app-page.runtime.
prod.js:12:67539)
ReferenceError: 
window is not defined
    at 90719 (D:\laund
ry-management-system\f
rontend\.next\server\c
hunks\9377.js:1:11697)
    at t (D:\laundry-m
anagement-system\front
end\.next\server\webpa
ck-runtime.js:1:127)
    at 3506 (D:\laundr
y-management-system\fr
ontend\.next\server\ch
unks\629.js:1:5813)
    at Object.t [as 
require] (D:\laundry-m
anagement-system\front
end\.next\server\webpa
ck-runtime.js:1:127)
    at require (D:\lau
ndry-management-system
\frontend\node_modules
\next\dist\compiled\ne
xt-server\app-page.run
time.prod.js:17:18811)
    at s (D:\laundry-m
anagement-system\front
end\node_modules\next\
dist\compiled\next-ser
ver\app-page.runtime.p
rod.js:12:88330)
    at D:\laundry-mana
gement-system\frontend
\node_modules\next\dis
t\compiled\next-server
\app-page.runtime.prod
.js:12:98875
    at D:\laundry-mana
gement-system\frontend
\node_modules\next\dis
t\compiled\next-server
\app-page.runtime.prod
.js:12:98962
    at t (D:\laundry-m
anagement-system\front
end\node_modules\next\
dist\compiled\next-ser
ver\app-page.runtime.p
rod.js:12:99165) {
  digest: '1305814237'
}

Error occurred 
prerendering page 
"/support/settings". 
Read more: https://nex
tjs.org/docs/messages/
prerender-error

ReferenceError: 
window is not defined
    at 90719 (D:\laund
ry-management-system\f
rontend\.next\server\c
hunks\9377.js:1:11697)
    at t (D:\laundry-m
anagement-system\front
end\.next\server\webpa
ck-runtime.js:1:127)
    at 3506 (D:\laundr
y-management-system\fr
ontend\.next\server\ch
unks\629.js:1:5813)
    at Object.t [as 
require] (D:\laundry-m
anagement-system\front
end\.next\server\webpa
ck-runtime.js:1:127)
    at require (D:\lau
ndry-management-system
\frontend\node_modules
\next\dist\compiled\ne
xt-server\app-page.run
time.prod.js:17:18811)
    at s (D:\laundry-m
anagement-system\front
end\node_modules\next\
dist\compiled\next-ser
ver\app-page.runtime.p
rod.js:12:88330)
    at D:\laundry-mana
gement-system\frontend
\node_modules\next\dis
t\compiled\next-server
\app-page.runtime.prod
.js:12:98875
    at D:\laundry-mana
gement-system\frontend
\node_modules\next\dis
t\compiled\next-server
\app-page.runtime.prod
.js:12:98962
    at t (D:\laundry-m
anagement-system\front
end\node_modules\next\
dist\compiled\next-ser
ver\app-page.runtime.p
rod.js:12:99165)
ReferenceError: 
window is not defined
    at 90719 (D:\laund
ry-management-system\f
rontend\.next\server\c
hunks\9377.js:1:11697)
    at t (D:\laundry-m
anagement-system\front
end\.next\server\webpa
ck-runtime.js:1:127)
    at 60324 (D:\laund
ry-management-system\f
rontend\.next\server\c
hunks\9377.js:1:3664)
    at Object.t [as 
require] (D:\laundry-m
anagement-system\front
end\.next\server\webpa
ck-runtime.js:1:127)
    at require (D:\lau
ndry-management-system
\frontend\node_modules
\next\dist\compiled\ne
xt-server\app-page.run
time.prod.js:17:18811)
    at A (D:\laundry-m
anagement-system\front
end\node_modules\next\
dist\compiled\next-ser
ver\app-page.runtime.p
rod.js:12:94398)
    at R (D:\laundry-m
anagement-system\front
end\node_modules\next\
dist\compiled\next-ser
ver\app-page.runtime.p
rod.js:12:92949)
    at rR (D:\laundry-
management-system\fron
tend\node_modules\next
\dist\compiled\next-se
rver\app-page.runtime.
prod.js:12:33975)
    at nL (D:\laundry-
management-system\fron
tend\node_modules\next
\dist\compiled\next-se
rver\app-page.runtime.
prod.js:12:62305)
    at nB (D:\laundry-
management-system\fron
tend\node_modules\next
\dist\compiled\next-se
rver\app-page.runtime.
prod.js:12:67539) {
  digest: '2229572071'
}

Error occurred 
prerendering page 
"/test-auth". Read 
more: https://nextjs.o
rg/docs/messages/prere
nder-error

ReferenceError: 
window is not defined
    at 90719 (D:\laund
ry-management-system\f
rontend\.next\server\c
hunks\9377.js:1:11697)
    at t (D:\laundry-m
anagement-system\front
end\.next\server\webpa
ck-runtime.js:1:127)
    at 60324 (D:\laund
ry-management-system\f
rontend\.next\server\c
hunks\9377.js:1:3664)
    at Object.t [as 
require] (D:\laundry-m
anagement-system\front
end\.next\server\webpa
ck-runtime.js:1:127)
    at require (D:\lau
ndry-management-system
\frontend\node_modules
\next\dist\compiled\ne
xt-server\app-page.run
time.prod.js:17:18811)
    at A (D:\laundry-m
anagement-system\front
end\node_modules\next\
dist\compiled\next-ser
ver\app-page.runtime.p
rod.js:12:94398)
    at R (D:\laundry-m
anagement-system\front
end\node_modules\next\
dist\compiled\next-ser
ver\app-page.runtime.p
rod.js:12:92949)
    at rR (D:\laundry-
management-system\fron
tend\node_modules\next
\dist\compiled\next-se
rver\app-page.runtime.
prod.js:12:33975)
    at nL (D:\laundry-
management-system\fron
tend\node_modules\next
\dist\compiled\next-se
rver\app-page.runtime.
prod.js:12:62305)
    at nB (D:\laundry-
management-system\fron
tend\node_modules\next
\dist\compiled\next-se
rver\app-page.runtime.
prod.js:12:67539)
 Γ£ô Generating static pages (118/118)

> Export encountered 
errors on following 
paths:
	/(dashboard)/addons/m
arketplace/page: 
/addons/marketplace
	/(dashboard)/addons/m
y-addons/page: 
/addons/my-addons
	/_not-found/page: 
/_not-found
	/admin/addons/marketp
lace/page: /admin/addo
ns/marketplace
	/admin/addons/my-addo
ns/page: /admin/addons
/my-addons
	/admin/analytics/page
: /admin/analytics
	/admin/banners/page: 
/admin/banners
	/admin/billing/page: 
/admin/billing
	/admin/blog/analytics
/page: 
/admin/blog/analytics
	/admin/blog/categorie
s/page: 
/admin/blog/categories
	/admin/blog/posts/cre
ate/page: /admin/blog/
posts/create
	/admin/blog/posts/pag
e: /admin/blog/posts
	/admin/branch-admins/
page: 
/admin/branch-admins
	
/admin/branches/page: 
/admin/branches
	
/admin/branding/page: 
/admin/branding
	/admin/campaigns/page
: /admin/campaigns
	/admin/chat/page: 
/admin/chat
	/admin/coupons/page: 
/admin/coupons
	/admin/customers/page
: /admin/customers
	/admin/dashboard/page
: /admin/dashboard
	/admin/discounts/page
: /admin/discounts
	/admin/inventory/page
: /admin/inventory
	/admin/inventory/requ
ests/page: /admin/inve
ntory/requests
	/admin/logistics/page
: /admin/logistics
	/admin/loyalty/page: 
/admin/loyalty
	/admin/notifications/
all/page: /admin/notif
ications/all
	/admin/notifications/
page: 
/admin/notifications
	/admin/orders/page: 
/admin/orders
	
/admin/payments/page: 
/admin/payments
	/admin/platform-suppo
rt/create/page: /admin
/platform-support/crea
te
	/admin/platform-suppo
rt/tickets/page: /admi
n/platform-support/tic
kets
	/admin/pricing/page: 
/admin/pricing
	/admin/referrals/page
: /admin/referrals
	/admin/refunds/page: 
/admin/refunds
	/admin/reviews/page: 
/admin/reviews
	/admin/roles/page: 
/admin/roles
	/admin/scanner/page: 
/admin/scanner
	/admin/service-items/
page: 
/admin/service-items
	
/admin/services/page: 
/admin/services
	
/admin/settings/page: 
/admin/settings
	/admin/staff/page: 
/admin/staff
	/admin/support-manage
ment/page: /admin/supp
ort-management
	/admin/support/page: 
/admin/support
	/admin/support/users/
page: 
/admin/support/users
	/admin/tenancies/page
: /admin/tenancies
	/admin/tickets/page: 
/admin/tickets
	/auth/accept-invitati
on/page: /auth/accept-
invitation
	/auth/accept-invite/p
age: 
/auth/accept-invite
	/auth/center-admin-lo
gin/page: /auth/center
-admin-login
	/auth/login/page: 
/auth/login
	/auth/register/page: 
/auth/register
	/auth/verify-email/pa
ge: /auth/verify-email
	/branch-admin/dashboa
rd/page: /branch-admin
/dashboard
	/branch-admin/invento
ry/page: /branch-admin
/inventory
	/branch-admin/logisti
cs/page: /branch-admin
/logistics
	/branch-admin/orders/
page: 
/branch-admin/orders
	/branch-admin/reports
/page: 
/branch-admin/reports
	/branch-admin/reviews
/page: 
/branch-admin/reviews
	/branch-admin/scanner
/page: 
/branch-admin/scanner
	/branch-admin/service
s/page: 
/branch-admin/services
	/branch-admin/setting
s/page: 
/branch-admin/settings
	/branch-admin/support
/page: 
/branch-admin/support
	/branch-admin/tickets
/page: 
/branch-admin/tickets
	/branch/dashboard/pag
e: /branch/dashboard
	/branch/inventory/pag
e: /branch/inventory
	/branch/orders/page: 
/branch/orders
	/branch/performance/p
age: 
/branch/performance
	
/branch/profile/page: 
/branch/profile
	
/branch/reviews/page: 
/branch/reviews
	/branch/services/page
: /branch/services
	/branch/settings/page
: /branch/settings
	/branch/staff/page: 
/branch/staff
	/center-admin/dashboa
rd/page: /center-admin
/dashboard
	/center-admin/invento
ry/page: /center-admin
/inventory
	/center-admin/orders/
page: 
/center-admin/orders
	/center-admin/perform
ance/page: /center-adm
in/performance
	/center-admin/profile
/page: 
/center-admin/profile
	/center-admin/scanner
/page: 
/center-admin/scanner
	/center-admin/service
s/page: 
/center-admin/services
	/center-admin/setting
s/page: 
/center-admin/settings
	/center-admin/staff-t
ypes/page: /center-adm
in/staff-types
	/center-admin/staff/p
age: 
/center-admin/staff
	/customer/addresses/p
age: 
/customer/addresses
	/customer/dashboard/p
age: 
/customer/dashboard
	/customer/loyalty/pag
e: /customer/loyalty
	/customer/offers/page
: /customer/offers
	/customer/orders/new/
page: 
/customer/orders/new
	/customer/orders/page
: /customer/orders
	/customer/profile/pag
e: /customer/profile
	/customer/referrals/p
age: 
/customer/referrals
	/customer/reviews/pag
e: /customer/reviews
	/customer/support/new
/page: 
/customer/support/new
	/customer/support/pag
e: /customer/support
	/customer/upgrade-sta
tus/page: /customer/up
grade-status
	/customer/upgrade/pag
e: /customer/upgrade
	/customer/wallet/page
: /customer/wallet
	/dashboard/page: 
/dashboard
	/debug-login/page: 
/debug-login
	/debug-permissions/pa
ge: /debug-permissions
	/help/page: /help
	/page: /
	/pricing/page: 
/pricing
	/releases/page: 
/releases
	/services/page: 
/services
	/support/dashboard/pa
ge: /support/dashboard
	/support/knowledge-ba
se/categories/page: /s
upport/knowledge-base/
categories
	/support/knowledge-ba
se/page: /support/know
ledge-base
	/support/messages/pag
e: /support/messages
	/support/performance/
page: 
/support/performance
	/support/settings/pag
e: /support/settings
	/support/tickets/page
: /support/tickets
	/support/tickets/unas
signed/page: /support/
tickets/unassigned
	/test-auth/page: 
/test-auth
	/version/page: 
/version
